
Merging program properties


As-needed library included to satisfy reference by file (symbol)

libSDL2-2.0.so.0              build/port/realgui_port/sdl_driver.o (SDL_Init)
libstdc++.so.6                /home/wh/.HoneyGUI-SDK/realgui/3rd/nanovg/agge/stroke.o (operator new[](unsigned long)@@GLIBCXX_3.4)
libm.so.6                     /home/wh/.HoneyGUI-SDK/realgui/widget/gui_menu_cellular/gui_menu_cellular.o (exp@@GLIBC_2.29)
libgcc_s.so.1                 /home/wh/.HoneyGUI-SDK/realgui/3rd/nanovg/agge/stroke.o (_Unwind_Resume@@GCC_3.0)
libc.so.6                     build/port/realgui_port/gui_port_os.o (pthread_setname_np@@GLIBC_2.34)

Discarded input sections

 .note.GNU-stack
                0x0000000000000000        0x0 /usr/lib/gcc/x86_64-linux-gnu/11/../../../x86_64-linux-gnu/Scrt1.o
 .note.gnu.property
                0x0000000000000000       0x20 /usr/lib/gcc/x86_64-linux-gnu/11/../../../x86_64-linux-gnu/crti.o
 .note.GNU-stack
                0x0000000000000000        0x0 /usr/lib/gcc/x86_64-linux-gnu/11/../../../x86_64-linux-gnu/crti.o
 .note.GNU-stack
                0x0000000000000000        0x0 /usr/lib/gcc/x86_64-linux-gnu/11/crtbeginS.o
 .note.gnu.property
                0x0000000000000000       0x20 /usr/lib/gcc/x86_64-linux-gnu/11/crtbeginS.o
 .note.GNU-stack
                0x0000000000000000        0x0 build/main.o
 .note.gnu.property
                0x0000000000000000       0x20 build/main.o
 .note.GNU-stack
                0x0000000000000000        0x0 autogen/main/E2ETestMain_callbacks.o
 .note.gnu.property
                0x0000000000000000       0x20 autogen/main/E2ETestMain_callbacks.o
 .note.GNU-stack
                0x0000000000000000        0x0 autogen/main/E2ETestMain.o
 .note.gnu.property
                0x0000000000000000       0x20 autogen/main/E2ETestMain.o
 .note.GNU-stack
                0x0000000000000000        0x0 build/port/realgui_port/gui_port_acc.o
 .note.gnu.property
                0x0000000000000000       0x20 build/port/realgui_port/gui_port_acc.o
 .note.GNU-stack
                0x0000000000000000        0x0 build/port/realgui_port/gui_port_dc.o
 .note.gnu.property
                0x0000000000000000       0x20 build/port/realgui_port/gui_port_dc.o
 .note.GNU-stack
                0x0000000000000000        0x0 build/port/realgui_port/gui_port_filesystem.o
 .note.gnu.property
                0x0000000000000000       0x20 build/port/realgui_port/gui_port_filesystem.o
 .note.GNU-stack
                0x0000000000000000        0x0 build/port/realgui_port/gui_port_ftl.o
 .note.gnu.property
                0x0000000000000000       0x20 build/port/realgui_port/gui_port_ftl.o
 .note.GNU-stack
                0x0000000000000000        0x0 build/port/realgui_port/gui_port_indev.o
 .note.gnu.property
                0x0000000000000000       0x20 build/port/realgui_port/gui_port_indev.o
 .note.GNU-stack
                0x0000000000000000        0x0 build/port/realgui_port/gui_port_os.o
 .note.gnu.property
                0x0000000000000000       0x20 build/port/realgui_port/gui_port_os.o
 .note.GNU-stack
                0x0000000000000000        0x0 build/port/realgui_port/gui_queue.o
 .note.gnu.property
                0x0000000000000000       0x20 build/port/realgui_port/gui_queue.o
 .note.GNU-stack
                0x0000000000000000        0x0 build/port/realgui_port/sdl_driver.o
 .note.gnu.property
                0x0000000000000000       0x20 build/port/realgui_port/sdl_driver.o
 .note.GNU-stack
                0x0000000000000000        0x0 /home/wh/.HoneyGUI-SDK/realgui/input/kb_algo.o
 .note.gnu.property
                0x0000000000000000       0x20 /home/wh/.HoneyGUI-SDK/realgui/input/kb_algo.o
 .note.GNU-stack
                0x0000000000000000        0x0 /home/wh/.HoneyGUI-SDK/realgui/input/tp_algo.o
 .note.gnu.property
                0x0000000000000000       0x20 /home/wh/.HoneyGUI-SDK/realgui/input/tp_algo.o
 .note.GNU-stack
                0x0000000000000000        0x0 /home/wh/.HoneyGUI-SDK/realgui/input/wheel_algo.o
 .note.gnu.property
                0x0000000000000000       0x20 /home/wh/.HoneyGUI-SDK/realgui/input/wheel_algo.o
 .note.GNU-stack
                0x0000000000000000        0x0 /home/wh/.HoneyGUI-SDK/realgui/server/gui_api_acc.o
 .note.gnu.property
                0x0000000000000000       0x20 /home/wh/.HoneyGUI-SDK/realgui/server/gui_api_acc.o
 .note.GNU-stack
                0x0000000000000000        0x0 /home/wh/.HoneyGUI-SDK/realgui/server/gui_api_color.o
 .note.gnu.property
                0x0000000000000000       0x20 /home/wh/.HoneyGUI-SDK/realgui/server/gui_api_color.o
 .note.GNU-stack
                0x0000000000000000        0x0 /home/wh/.HoneyGUI-SDK/realgui/server/gui_api_dc.o
 .note.gnu.property
                0x0000000000000000       0x20 /home/wh/.HoneyGUI-SDK/realgui/server/gui_api_dc.o
 .note.GNU-stack
                0x0000000000000000        0x0 /home/wh/.HoneyGUI-SDK/realgui/server/gui_api_fs.o
 .note.gnu.property
[...]
Memory Configuration

Name             Origin             Length             Attributes
*default*        0x0000000000000000 0xffffffffffffffff

Linker script and memory map

                [!provide]                        PROVIDE (__executable_start = SEGMENT_START ("text-segment", 0x0))
                0x00000000000002a8                . = (SEGMENT_START ("text-segment", 0x0) + SIZEOF_HEADERS)

.interp         0x00000000000002a8       0x1c
 *(.interp)
 .interp        0x00000000000002a8       0x1c /usr/lib/gcc/x86_64-linux-gnu/11/../../../x86_64-linux-gnu/Scrt1.o

.note.gnu.property
                0x00000000000002c8       0x30
 .note.gnu.property
                0x00000000000002c8       0x30 /usr/lib/gcc/x86_64-linux-gnu/11/../../../x86_64-linux-gnu/Scrt1.o

.note.gnu.build-id
                0x00000000000002f8       0x24
 *(.note.gnu.build-id)
 .note.gnu.build-id
                0x00000000000002f8       0x24 /usr/lib/gcc/x86_64-linux-gnu/11/../../../x86_64-linux-gnu/Scrt1.o

.note.ABI-tag   0x000000000000031c       0x20
 .note.ABI-tag  0x000000000000031c       0x20 /usr/lib/gcc/x86_64-linux-gnu/11/../../../x86_64-linux-gnu/Scrt1.o

.hash
 *(.hash)

.gnu.hash       0x0000000000000340       0x3c
 *(.gnu.hash)
 .gnu.hash      0x0000000000000340       0x3c /usr/lib/gcc/x86_64-linux-gnu/11/../../../x86_64-linux-gnu/Scrt1.o

.dynsym         0x0000000000000380      0xb40
 *(.dynsym)
 .dynsym        0x0000000000000380      0xb40 /usr/lib/gcc/x86_64-linux-gnu/11/../../../x86_64-linux-gnu/Scrt1.o

.dynstr         0x0000000000000ec0      0x5b3
 *(.dynstr)
 .dynstr        0x0000000000000ec0      0x5b3 /usr/lib/gcc/x86_64-linux-gnu/11/../../../x86_64-linux-gnu/Scrt1.o

.gnu.version    0x0000000000001474       0xf0
 *(.gnu.version)
 .gnu.version   0x0000000000001474       0xf0 /usr/lib/gcc/x86_64-linux-gnu/11/../../../x86_64-linux-gnu/Scrt1.o

.gnu.version_d  0x0000000000001568        0x0
 *(.gnu.version_d)
 .gnu.version_d
                0x0000000000001568        0x0 /usr/lib/gcc/x86_64-linux-gnu/11/../../../x86_64-linux-gnu/Scrt1.o

.gnu.version_r  0x0000000000001568      0x130
 *(.gnu.version_r)
 .gnu.version_r
                0x0000000000001568      0x130 /usr/lib/gcc/x86_64-linux-gnu/11/../../../x86_64-linux-gnu/Scrt1.o

.rela.dyn       0x0000000000001698     0x2910
 *(.rela.init)
 *(.rela.text .rela.text.* .rela.gnu.linkonce.t.*)
 .rela.text     0x0000000000001698        0x0 /usr/lib/gcc/x86_64-linux-gnu/11/../../../x86_64-linux-gnu/Scrt1.o
 .rela.text._ZN4agge6stroke3capD2Ev
                0x0000000000001698        0x0 /usr/lib/gcc/x86_64-linux-gnu/11/../../../x86_64-linux-gnu/Scrt1.o
 .rela.text._ZN4agge6stroke4joinD2Ev
                0x0000000000001698        0x0 /usr/lib/gcc/x86_64-linux-gnu/11/../../../x86_64-linux-gnu/Scrt1.o
 .rela.text._ZN4agge6stroke3capC2Ev
                0x0000000000001698        0x0 /usr/lib/gcc/x86_64-linux-gnu/11/../../../x86_64-linux-gnu/Scrt1.o
 .rela.text._ZN4agge5joins5miterD2Ev
                0x0000000000001698        0x0 /usr/lib/gcc/x86_64-linux-gnu/11/../../../x86_64-linux-gnu/Scrt1.o
 .rela.text._ZN4agge5joins5roundD2Ev
                0x0000000000001698        0x0 /usr/lib/gcc/x86_64-linux-gnu/11/../../../x86_64-linux-gnu/Scrt1.o
 .rela.text._ZN4agge5joins5bevelD2Ev
                0x0000000000001698        0x0 /usr/lib/gcc/x86_64-linux-gnu/11/../../../x86_64-linux-gnu/Scrt1.o
 .rela.text._ZN4agge4caps8triangleD2Ev
                0x0000000000001698        0x0 /usr/lib/gcc/x86_64-linux-gnu/11/../../../x86_64-linux-gnu/Scrt1.o
 .rela.text._ZN4agge4caps5roundD2Ev
                0x0000000000001698        0x0 /usr/lib/gcc/x86_64-linux-gnu/11/../../../x86_64-linux-gnu/Scrt1.o
 .rela.text._ZN4agge4caps6squareD2Ev
                0x0000000000001698        0x0 /usr/lib/gcc/x86_64-linux-gnu/11/../../../x86_64-linux-gnu/Scrt1.o
 .rela.text._ZN4agge4caps4buttD2Ev
                0x0000000000001698        0x0 /usr/lib/gcc/x86_64-linux-gnu/11/../../../x86_64-linux-gnu/Scrt1.o
 .rela.text._ZN4agge4caps5roundC2Ev
                0x0000000000001698        0x0 /usr/lib/gcc/x86_64-linux-gnu/11/../../../x86_64-linux-gnu/Scrt1.o
 .rela.text._ZN4agge6stroke4joinC2Ev
                0x0000000000001698        0x0 /usr/lib/gcc/x86_64-linux-gnu/11/../../../x86_64-linux-gnu/Scrt1.o
 .rela.text._ZN4agge5joins5bevelC2Ev
                0x0000000000001698        0x0 /usr/lib/gcc/x86_64-linux-gnu/11/../../../x86_64-linux-gnu/Scrt1.o
 .rela.text._ZN4agge4caps4buttC2Ev
                0x0000000000001698        0x0 /usr/lib/gcc/x86_64-linux-gnu/11/../../../x86_64-linux-gnu/Scrt1.o
 .rela.text._ZN4agge4caps6squareC2Ev
                0x0000000000001698        0x0 /usr/lib/gcc/x86_64-linux-gnu/11/../../../x86_64-linux-gnu/Scrt1.o
 .rela.text._ZN4agge6stroke3capC2ERKS1_
                0x0000000000001698        0x0 /usr/lib/gcc/x86_64-linux-gnu/11/../../../x86_64-linux-gnu/Scrt1.o
 .rela.text._ZN4agge4caps5roundC2ERKS1_
                0x0000000000001698        0x0 /usr/lib/gcc/x86_64-linux-gnu/11/../../../x86_64-linux-gnu/Scrt1.o
 .rela.text._ZN4agge6stroke4joinC2ERKS1_
                0x0000000000001698        0x0 /usr/lib/gcc/x86_64-linux-gnu/11/../../../x86_64-linux-gnu/Scrt1.o
 .rela.text._ZN4agge5joins5bevelC2ERKS1_
                0x0000000000001698        0x0 /usr/lib/gcc/x86_64-linux-gnu/11/../../../x86_64-linux-gnu/Scrt1.o
 .rela.text._ZN4agge4caps4buttC2ERKS1_
                0x0000000000001698        0x0 /usr/lib/gcc/x86_64-linux-gnu/11/../../../x86_64-linux-gnu/Scrt1.o
 .rela.text._ZN4agge4caps6squareC2ERKS1_
                0x0000000000001698        0x0 /usr/lib/gcc/x86_64-linux-gnu/11/../../../x86_64-linux-gnu/Scrt1.o
 *(.rela.fini)
 *(.rela.rodata .rela.rodata.* .rela.gnu.linkonce.r.*)
 *(.rela.data .rela.data.* .rela.gnu.linkonce.d.*)
 .rela.data.rel.ro
                0x0000000000001698        0x0 /usr/lib/gcc/x86_64-linux-gnu/11/../../../x86_64-linux-gnu/Scrt1.o
 .rela.data.rel.local
                0x0000000000001698      0x4e0 /usr/lib/gcc/x86_64-linux-gnu/11/../../../x86_64-linux-gnu/Scrt1.o
 .rela.data.rel.ro.local
                0x0000000000001b78     0x1c20 /usr/lib/gcc/x86_64-linux-gnu/11/../../../x86_64-linux-gnu/Scrt1.o
 .rela.data.rel
                0x0000000000003798      0x150 /usr/lib/gcc/x86_64-linux-gnu/11/../../../x86_64-linux-gnu/Scrt1.o
 .rela.data.rel.local.DW.ref.__gxx_personality_v0
                0x00000000000038e8       0x18 /usr/lib/gcc/x86_64-linux-gnu/11/../../../x86_64-linux-gnu/Scrt1.o
 .rela.data.rel.ro.local._ZTVN4agge5joins5miterE
                0x0000000000003900       0x60 /usr/lib/gcc/x86_64-linux-gnu/11/../../../x86_64-linux-gnu/Scrt1.o
 .rela.data.rel.ro.local._ZTVN4agge5joins5roundE
                0x0000000000003960       0x60 /usr/lib/gcc/x86_64-linux-gnu/11/../../../x86_64-linux-gnu/Scrt1.o
 .rela.data.rel.ro.local._ZTVN4agge5joins5bevelE
                0x00000000000039c0       0x60 /usr/lib/gcc/x86_64-linux-gnu/11/../../../x86_64-linux-gnu/Scrt1.o
 .rela.data.rel.ro.local._ZTVN4agge4caps8triangleE
                0x0000000000003a20       0x60 /usr/lib/gcc/x86_64-linux-gnu/11/../../../x86_64-linux-gnu/Scrt1.o
 .rela.data.rel.ro.local._ZTVN4agge4caps5roundE
                0x0000000000003a80       0x60 /usr/lib/gcc/x86_64-linux-gnu/11/../../../x86_64-linux-gnu/Scrt1.o
 .rela.data.rel.ro.local._ZTVN4agge4caps6squareE
                0x0000000000003ae0       0x60 /usr/lib/gcc/x86_64-linux-gnu/11/../../../x86_64-linux-gnu/Scrt1.o
 .rela.data.rel.ro.local._ZTVN4agge4caps4buttE
                0x0000000000003b40       0x60 /usr/lib/gcc/x86_64-linux-gnu/11/../../../x86_64-linux-gnu/Scrt1.o
 .rela.data.rel.ro._ZTVN4agge6stroke4joinE
                0x0000000000003ba0       0x30 /usr/lib/gcc/x86_64-linux-gnu/11/../../../x86_64-linux-gnu/Scrt1.o
 .rela.data.rel.ro._ZTVN4agge6stroke3capE
                0x0000000000003bd0       0x30 /usr/lib/gcc/x86_64-linux-gnu/11/../../../x86_64-linux-gnu/Scrt1.o
 .rela.data.rel.ro._ZTIN4agge5joins5miterE
                0x0000000000003c00       0x48 /usr/lib/gcc/x86_64-linux-gnu/11/../../../x86_64-linux-gnu/Scrt1.o
 .rela.data.rel.ro._ZTIN4agge5joins5roundE
                0x0000000000003c48       0x48 /usr/lib/gcc/x86_64-linux-gnu/11/../../../x86_64-linux-gnu/Scrt1.o
 .rela.data.rel.ro._ZTIN4agge5joins5bevelE
                0x0000000000003c90       0x48 /usr/lib/gcc/x86_64-linux-gnu/11/../../../x86_64-linux-gnu/Scrt1.o
 .rela.data.rel.ro._ZTIN4agge4caps8triangleE
                0x0000000000003cd8       0x48 /usr/lib/gcc/x86_64-linux-gnu/11/../../../x86_64-linux-gnu/Scrt1.o
 .rela.data.rel.ro._ZTIN4agge4caps5roundE
                0x0000000000003d20       0x48 /usr/lib/gcc/x86_64-linux-gnu/11/../../../x86_64-linux-gnu/Scrt1.o
 .rela.data.rel.ro._ZTIN4agge4caps6squareE
                0x0000000000003d68       0x48 /usr/lib/gcc/x86_64-linux-gnu/11/../../../x86_64-linux-gnu/Scrt1.o
 .rela.data.rel.ro._ZTIN4agge4caps4buttE
                0x0000000000003db0       0x48 /usr/lib/gcc/x86_64-linux-gnu/11/../../../x86_64-linux-gnu/Scrt1.o
 .rela.data.rel.ro._ZTIN4agge6stroke4joinE
                0x0000000000003df8       0x30 /usr/lib/gcc/x86_64-linux-gnu/11/../../../x86_64-linux-gnu/Scrt1.o
 .rela.data.rel.ro._ZTIN4agge6stroke3capE
                0x0000000000003e28       0x30 /usr/lib/gcc/x86_64-linux-gnu/11/../../../x86_64-linux-gnu/Scrt1.o
 *(.rela.tdata .rela.tdata.* .rela.gnu.linkonce.td.*)
 *(.rela.tbss .rela.tbss.* .rela.gnu.linkonce.tb.*)
 *(.rela.ctors)
 *(.rela.dtors)
 *(.rela.got)
 .rela.got      0x0000000000003e58       0xc0 /usr/lib/gcc/x86_64-linux-gnu/11/../../../x86_64-linux-gnu/Scrt1.o
 *(.rela.bss .rela.bss.* .rela.gnu.linkonce.b.*)
 .rela.bss      0x0000000000003f18       0x18 /usr/lib/gcc/x86_64-linux-gnu/11/../../../x86_64-linux-gnu/Scrt1.o
 *(.rela.ldata .rela.ldata.* .rela.gnu.linkonce.l.*)
 *(.rela.lbss .rela.lbss.* .rela.gnu.linkonce.lb.*)
 *(.rela.lrodata .rela.lrodata.* .rela.gnu.linkonce.lr.*)
 *(.rela.ifunc)
 .rela.ifunc    0x0000000000003f30        0x0 /usr/lib/gcc/x86_64-linux-gnu/11/../../../x86_64-linux-gnu/Scrt1.o
 .rela.fini_array
                0x0000000000003f30       0x18 /usr/lib/gcc/x86_64-linux-gnu/11/../../../x86_64-linux-gnu/Scrt1.o
 .rela.init_array
                0x0000000000003f48       0x30 /usr/lib/gcc/x86_64-linux-gnu/11/../../../x86_64-linux-gnu/Scrt1.o
 .rela.honeygui$init4
                0x0000000000003f78       0x18 /usr/lib/gcc/x86_64-linux-gnu/11/../../../x86_64-linux-gnu/Scrt1.o
 .rela.eh_frame
                0x0000000000003f90        0x0 /usr/lib/gcc/x86_64-linux-gnu/11/../../../x86_64-linux-gnu/Scrt1.o
 .rela.honeygui$init6
                0x0000000000003f90       0x18 /usr/lib/gcc/x86_64-linux-gnu/11/../../../x86_64-linux-gnu/Scrt1.o

.rela.plt       0x0000000000003fa8      0x978
 *(.rela.plt)
 .rela.plt      0x0000000000003fa8      0x978 /usr/lib/gcc/x86_64-linux-gnu/11/../../../x86_64-linux-gnu/Scrt1.o
 *(.rela.iplt)

.relr.dyn
 *(.relr.dyn)
                0x0000000000005000                . = ALIGN (CONSTANT (MAXPAGESIZE))

.init           0x0000000000005000       0x1b
 *(SORT_NONE(.init))
 .init          0x0000000000005000       0x16 /usr/lib/gcc/x86_64-linux-gnu/11/../../../x86_64-linux-gnu/crti.o
                0x0000000000005000                _init
 .init          0x0000000000005016        0x5 /usr/lib/gcc/x86_64-linux-gnu/11/../../../x86_64-linux-gnu/crtn.o

.plt            0x0000000000005020      0x660
 *(.plt)
 .plt           0x0000000000005020      0x660 /usr/lib/gcc/x86_64-linux-gnu/11/../../../x86_64-linux-gnu/Scrt1.o
 *(.iplt)

.plt.got        0x0000000000005680       0x40
 *(.plt.got)
 .plt.got       0x0000000000005680       0x40 /usr/lib/gcc/x86_64-linux-gnu/11/../../../x86_64-linux-gnu/Scrt1.o
                0x0000000000005680                realloc@@GLIBC_2.2.5
                0x0000000000005690                free@@GLIBC_2.2.5
                0x00000000000056a0                __cxa_finalize@@GLIBC_2.2.5
                0x00000000000056b0                malloc@@GLIBC_2.2.5

.plt.sec        0x00000000000056c0      0x650
 *(.plt.sec)
 .plt.sec       0x00000000000056c0      0x650 /usr/lib/gcc/x86_64-linux-gnu/11/../../../x86_64-linux-gnu/Scrt1.o
                0x00000000000056c0                feof@@GLIBC_2.2.5
                0x00000000000056d0                sinf@@GLIBC_2.2.5
                0x00000000000056e0                printf@@GLIBC_2.2.5
                0x00000000000056f0                memcpy@@GLIBC_2.14
                0x0000000000005700                __isoc99_sscanf@@GLIBC_2.7
                0x0000000000005710                pthread_mutex_destroy@@GLIBC_2.2.5
                0x0000000000005720                floor@@GLIBC_2.2.5
                0x0000000000005730                __ctype_b_loc@@GLIBC_2.3
                0x0000000000005740                exp@@GLIBC_2.29
                0x0000000000005750                fmaxf@@GLIBC_2.2.5
                0x0000000000005760                strncpy@@GLIBC_2.2.5
                0x0000000000005770                operator new(unsigned long)@@GLIBCXX_3.4
                0x0000000000005780                memmove@@GLIBC_2.2.5
                0x0000000000005790                __assert_fail@@GLIBC_2.2.5
                0x00000000000057a0                fprintf@@GLIBC_2.2.5
                0x00000000000057b0                strncmp@@GLIBC_2.2.5
                0x00000000000057c0                pthread_mutex_unlock@@GLIBC_2.2.5
                0x00000000000057d0                ungetc@@GLIBC_2.2.5
                0x00000000000057e0                ftell@@GLIBC_2.2.5
                0x00000000000057f0                pthread_mutex_lock@@GLIBC_2.2.5
                0x0000000000005800                __stack_chk_fail@@GLIBC_2.4
                0x0000000000005810                pthread_cond_destroy@@GLIBC_2.3.2
                0x0000000000005820                atan2f@@GLIBC_2.2.5
                0x0000000000005830                pthread_join@@GLIBC_2.34
                0x0000000000005840                memset@@GLIBC_2.2.5
                0x0000000000005850                SDL_Quit
                0x0000000000005860                pow@@GLIBC_2.29
                0x0000000000005870                operator delete[](void*)@@GLIBCXX_3.4
                0x0000000000005880                roundf@@GLIBC_2.2.5
                0x0000000000005890                ceilf@@GLIBC_2.2.5
                0x00000000000058a0                pthread_mutex_init@@GLIBC_2.2.5
                0x00000000000058b0                strlen@@GLIBC_2.2.5
                0x00000000000058c0                strcpy@@GLIBC_2.2.5
                0x00000000000058d0                SDL_CreateWindow
                0x00000000000058e0                pthread_cond_init@@GLIBC_2.3.2
                0x00000000000058f0                fclose@@GLIBC_2.2.5
                0x0000000000005900                open@@GLIBC_2.2.5
                0x0000000000005910                SDL_CreateRGBSurfaceWithFormat
                0x0000000000005920                operator new[](unsigned long)@@GLIBCXX_3.4
                0x0000000000005930                strstr@@GLIBC_2.2.5
                0x0000000000005940                sqrt@@GLIBC_2.2.5
                0x0000000000005950                gettimeofday@@GLIBC_2.2.5
                0x0000000000005960                SDL_GetWindowSurface
                0x0000000000005970                snprintf@@GLIBC_2.2.5
                0x0000000000005980                pthread_cond_wait@@GLIBC_2.3.2
                0x0000000000005990                strchr@@GLIBC_2.2.5
                0x00000000000059a0                fread@@GLIBC_2.2.5
                0x00000000000059b0                operator delete(void*)@@GLIBCXX_3.4
                0x00000000000059c0                strspn@@GLIBC_2.2.5
                0x00000000000059d0                closedir@@GLIBC_2.2.5
                0x00000000000059e0                acosf@@GLIBC_2.2.5
                0x00000000000059f0                opendir@@GLIBC_2.2.5
                0x0000000000005a00                fgetc@@GLIBC_2.2.5
                0x0000000000005a10                _Unwind_Resume@@GCC_3.0
                0x0000000000005a20                exit@@GLIBC_2.2.5
                0x0000000000005a30                strcat@@GLIBC_2.2.5
                0x0000000000005a40                vsnprintf@@GLIBC_2.2.5
                0x0000000000005a50                cosf@@GLIBC_2.2.5
                0x0000000000005a60                pthread_cond_signal@@GLIBC_2.3.2
                0x0000000000005a70                SDL_GetKeyName
                0x0000000000005a80                time@@GLIBC_2.2.5
                0x0000000000005a90                strcspn@@GLIBC_2.2.5
                0x0000000000005aa0                ferror@@GLIBC_2.2.5
                0x0000000000005ab0                readdir@@GLIBC_2.2.5
                0x0000000000005ac0                floorf@@GLIBC_2.2.5
                0x0000000000005ad0                tanf@@GLIBC_2.2.5
                0x0000000000005ae0                SDL_PushEvent
                0x0000000000005af0                pthread_cond_timedwait@@GLIBC_2.3.2
                0x0000000000005b00                SDL_UpperBlit
                0x0000000000005b10                __cxa_throw_bad_array_new_length@@CXXABI_1.3.8
                0x0000000000005b20                SDL_WaitEventTimeout
                0x0000000000005b30                strcmp@@GLIBC_2.2.5
                0x0000000000005b40                powf@@GLIBC_2.27
                0x0000000000005b50                tolower@@GLIBC_2.2.5
                0x0000000000005b60                strtol@@GLIBC_2.2.5
                0x0000000000005b70                pthread_setname_np@@GLIBC_2.34
                0x0000000000005b80                fmod@@GLIBC_2.2.5
                0x0000000000005b90                fstat@@GLIBC_2.33
                0x0000000000005ba0                round@@GLIBC_2.2.5
                0x0000000000005bb0                SDL_memset
                0x0000000000005bc0                sqrtf@@GLIBC_2.2.5
                0x0000000000005bd0                fminf@@GLIBC_2.2.5
                0x0000000000005be0                ctime@@GLIBC_2.2.5
                0x0000000000005bf0                sprintf@@GLIBC_2.2.5
                0x0000000000005c00                SDL_GetError
                0x0000000000005c10                pthread_cancel@@GLIBC_2.34
                0x0000000000005c20                usleep@@GLIBC_2.2.5
                0x0000000000005c30                ceil@@GLIBC_2.2.5
                0x0000000000005c40                fwrite@@GLIBC_2.2.5
                0x0000000000005c50                memcmp@@GLIBC_2.2.5
                0x0000000000005c60                sleep@@GLIBC_2.2.5
                0x0000000000005c70                pthread_create@@GLIBC_2.34
                0x0000000000005c80                SDL_UpdateWindowSurface
                0x0000000000005c90                atanf@@GLIBC_2.2.5
                0x0000000000005ca0                fseek@@GLIBC_2.2.5
                0x0000000000005cb0                SDL_LogSetPriority
                0x0000000000005cc0                fopen@@GLIBC_2.2.5
                0x0000000000005cd0                SDL_LogError
                0x0000000000005ce0                SDL_Init
                0x0000000000005cf0                fmodf@@GLIBC_2.2.5
                0x0000000000005d00                strtod@@GLIBC_2.2.5

.text           0x0000000000005d10    0xf5eef
 *(.text.unlikely .text.*_unlikely .text.unlikely.*)
 *(.text.exit .text.exit.*)
 *(.text.startup .text.startup.*)
 *(.text.hot .text.hot.*)
 *(SORT_BY_NAME(.text.sorted.*))
 *(.text .stub .text.* .gnu.linkonce.t.*)
 .text          0x0000000000005d10       0x26 /usr/lib/gcc/x86_64-linux-gnu/11/../../../x86_64-linux-gnu/Scrt1.o
                0x0000000000005d10                _start
 .text          0x0000000000005d36        0x0 /usr/lib/gcc/x86_64-linux-gnu/11/../../../x86_64-linux-gnu/crti.o
 *fill*         0x0000000000005d36        0xa 
 .text          0x0000000000005d40       0xb9 /usr/lib/gcc/x86_64-linux-gnu/11/crtbeginS.o
 .text          0x0000000000005df9       0x9b build/main.o
                0x0000000000005df9                main
 .text          0x0000000000005e94        0x0 autogen/main/E2ETestMain_callbacks.o
 .text          0x0000000000005e94       0x3c autogen/main/E2ETestMain.o
 .text          0x0000000000005ed0       0x32 build/port/realgui_port/gui_port_acc.o
                0x0000000000005ed0                gui_port_acc_init
 .text          0x0000000000005f02      0x118 build/port/realgui_port/gui_port_dc.o
                0x0000000000005f02                port_gui_lcd_update
                0x0000000000005f98                gui_port_dc_init
 .text          0x000000000000601a      0x353 build/port/realgui_port/gui_port_filesystem.o
                0x000000000000625d                port_fstat
                0x0000000000006353                gui_port_fs_init
 .text          0x000000000000636d       0x99 build/port/realgui_port/gui_port_ftl.o
                0x000000000000636d                port_ftl_read
                0x00000000000063a2                port_ftl_write
                0x00000000000063d7                port_ftl_erase
                0x00000000000063ec                gui_port_ftl_init
 .text          0x0000000000006406       0x63 build/port/realgui_port/gui_port_indev.o
                0x0000000000006406                port_touchpad_get_data
                0x0000000000006422                port_kb_get_data
                0x0000000000006433                port_wheel_get_data
                0x000000000000644f                gui_port_indev_init
 .text          0x0000000000006469      0x761 build/port/realgui_port/gui_port_os.o
                0x0000000000006b27                gui_port_os_init
 .text          0x0000000000006bca      0x22c build/port/realgui_port/gui_queue.o
                0x0000000000006bca                BuyQueueNode
                0x0000000000006c11                QueueInit
                0x0000000000006c37                QueuePush
                0x0000000000006ca8                QueuePop
                0x0000000000006cf1                QueueFront
                0x0000000000006d29                QueueBack
                0x0000000000006d62                QueueEmpty
                0x0000000000006d80                QueueSize
                0x0000000000006dbb                QueueDestroy
 .text          0x0000000000006df6      0x7eb build/port/realgui_port/sdl_driver.o
                0x0000000000006df6                sdl_driver_update_window
                0x00000000000070f4                sdl_driver_thread
                0x0000000000007527                sdl_driver_init
 .text          0x00000000000075e1      0x2b7 /home/wh/.HoneyGUI-SDK/realgui/input/kb_algo.o
                0x000000000000773f                kb_algo_process
                0x0000000000007887                kb_get_info
 .text          0x0000000000007898      0xea1 /home/wh/.HoneyGUI-SDK/realgui/input/tp_algo.o
                0x00000000000085d9                tp_algo_process
                0x0000000000008728                tp_get_info
 .text          0x0000000000008739      0x26e /home/wh/.HoneyGUI-SDK/realgui/input/wheel_algo.o
                0x0000000000008739                wheel_algo_process
                0x0000000000008996                wheel_get_info
 .text          0x00000000000089a7       0x2b /home/wh/.HoneyGUI-SDK/realgui/server/gui_api_acc.o
                0x00000000000089a7                gui_acc_info_register
                0x00000000000089c1                gui_get_acc
 .text          0x00000000000089d2      0xc31 /home/wh/.HoneyGUI-SDK/realgui/server/gui_api_color.o
                0x0000000000008c84                gui_rgba
                0x0000000000008cbf                gui_rgb
                0x0000000000008cf6                gui_color_css
                0x0000000000009360                gui_memset8
                0x0000000000009390                gui_memset16
                0x00000000000093d3                gui_memset32
                0x0000000000009415                gui_fb_clear
 .text          0x0000000000009603      0x26a /home/wh/.HoneyGUI-SDK/realgui/server/gui_api_dc.o
                0x0000000000009603                gui_dc_info_register
                0x000000000000974d                gui_get_dc
                0x000000000000975e                gui_get_screen_width
                0x0000000000009775                gui_get_screen_height
                0x000000000000978d                gui_flash_boost
                0x00000000000097bb                gui_flash_boost_disable
                0x00000000000097e9                gui_display_on
                0x000000000000982b                gui_display_off
 .text          0x000000000000986d      0x90d /home/wh/.HoneyGUI-SDK/realgui/server/gui_api_fs.o
                0x000000000000986d                gui_change_default_path
                0x0000000000009973                gui_fs_info_register
                0x000000000000998d                gui_fs_open
                0x0000000000009a16                gui_fs_close
                0x0000000000009a91                gui_fs_read
                0x0000000000009b20                gui_fs_write
                0x0000000000009baf                gui_fs_lseek
                0x0000000000009c39                gui_fs_ioctl
                0x0000000000009cc1                gui_fs_closedir
                0x0000000000009d3f                gui_fs_opendir
                0x0000000000009dbd                gui_fs_readdir
                0x0000000000009e3b                gui_fs_fstat
                0x0000000000009ec2                gui_strdup
                0x0000000000009f21                gui_filepath_transforming
                0x0000000000009ff2                gui_get_path_by_relative
                0x000000000000a06f                gui_get_file_address
 .text          0x000000000000a17a       0xf6 /home/wh/.HoneyGUI-SDK/realgui/server/gui_api_ftl.o
                0x000000000000a17a                gui_ftl_info_register
                0x000000000000a194                gui_ftl_read
                0x000000000000a1e1                gui_ftl_write
                0x000000000000a230                gui_ftl_erase
 .text          0x000000000000a270      0x146 /home/wh/.HoneyGUI-SDK/realgui/server/gui_api_indev.o
                0x000000000000a270                gui_indev_info_register
                0x000000000000a28a                gui_get_indev
                0x000000000000a29b                ext_button_set_indicate
                0x000000000000a2d2                touchpad_get_data
                0x000000000000a31e                kb_get_data
                0x000000000000a36a                wheel_get_data
 .text          0x000000000000a3b6      0xef5 /home/wh/.HoneyGUI-SDK/realgui/server/gui_api_os.o
                0x000000000000a462                gui_os_api_register
                0x000000000000a50e                gui_thread_create
                0x000000000000a56f                gui_thread_delete
                0x000000000000a5ac                gui_thread_suspend
                0x000000000000a5e9                gui_thread_resume
                0x000000000000a626                gui_thread_mdelay
                0x000000000000a660                gui_set_tick_hook
                0x000000000000a681                gui_mq_create
                0x000000000000a6d3                gui_mq_send
                0x000000000000a725                gui_mq_send_urgent
                0x000000000000a777                gui_mq_recv
                0x000000000000a7c9                gui_malloc
                0x000000000000a8aa                gui_calloc
                0x000000000000a9f8                gui_realloc
                0x000000000000ab7b                gui_free
                0x000000000000acb0                gui_mem_debug
                0x000000000000ad4f                gui_mem_used
                0x000000000000adc1                gui_lower_malloc
                0x000000000000ae48                gui_lower_realloc
                0x000000000000aed7                gui_lower_free
                0x000000000000af2a                gui_lower_mem_debug
                0x000000000000af80                gui_low_mem_used
                0x000000000000aff2                gui_sleep_cb
                0x000000000000b01a                gui_log
                0x000000000000b126                gui_log_hexdump
                0x000000000000b1d2                gui_assert_handler
                0x000000000000b24f                gui_ms_get
                0x000000000000b27d                gui_us_get
 .text          0x000000000000b2ab       0x57 /home/wh/.HoneyGUI-SDK/realgui/server/gui_components_init.o
                0x000000000000b2ab                gui_components_init
 .text          0x000000000000b302      0x26f /home/wh/.HoneyGUI-SDK/realgui/server/gui_message.o
                0x000000000000b302                gui_set_keep_active_time
                0x000000000000b319                gui_server_msg_init
                0x000000000000b347                gui_recv_msg_to_server
                0x000000000000b3f3                gui_send_msg_to_server
                0x000000000000b46a                gui_server_exec_cb
                0x000000000000b4d2                gui_server_msg_handler
 .text          0x000000000000b571       0x11 /home/wh/.HoneyGUI-SDK/realgui/server/gui_pm.o
                0x000000000000b571                gui_server_dlps_check
 .text          0x000000000000b582      0x1ee /home/wh/.HoneyGUI-SDK/realgui/server/gui_server.o
                0x000000000000b582                gui_task_ext_execution_sethook
                0x000000000000b681                gui_server_init
 .text          0x000000000000b770     0x5363 /home/wh/.HoneyGUI-SDK/realgui/3rd/cJSON/cJSON.o
                0x000000000000b770                cJSON_GetErrorPtr
                0x000000000000b78b                cJSON_GetStringValue
                0x000000000000b7bc                cJSON_GetNumberValue
                0x000000000000b7fb                cJSON_Version
                0x000000000000b96e                cJSON_InitHooks
                0x000000000000ba88                cJSON_Delete
                0x000000000000bdaf                cJSON_SetNumberHelper
                0x000000000000be2b                cJSON_SetValuestring
                0x000000000000d04d                cJSON_ParseWithOpts
                0x000000000000d09f                cJSON_ParseWithLengthOpts
                0x000000000000d2b3                cJSON_Parse
                0x000000000000d2db                cJSON_ParseWithLength
                0x000000000000d4e1                cJSON_Print
                0x000000000000d50b                cJSON_PrintUnformatted
                0x000000000000d535                cJSON_PrintBuffered
                0x000000000000d65e                cJSON_PrintPreallocated
                0x000000000000e8a6                cJSON_GetArraySize
                0x000000000000e953                cJSON_GetArrayItem
                0x000000000000ea5f                cJSON_GetObjectItem
                0x000000000000ea8d                cJSON_GetObjectItemCaseSensitive
                0x000000000000eabb                cJSON_HasObjectItem
                0x000000000000ec65                cJSON_AddItemToArray
                0x000000000000edac                cJSON_AddItemToObject
                0x000000000000ede7                cJSON_AddItemToObjectCS
                0x000000000000ee22                cJSON_AddItemReferenceToArray
                0x000000000000ee6e                cJSON_AddItemReferenceToObject
                0x000000000000eed9                cJSON_AddNullToObject
                0x000000000000ef34                cJSON_AddTrueToObject
                0x000000000000ef8f                cJSON_AddFalseToObject
                0x000000000000efea                cJSON_AddBoolToObject
                0x000000000000f04d                cJSON_AddNumberToObject
                0x000000000000f0b6                cJSON_AddStringToObject
                0x000000000000f11c                cJSON_AddRawToObject
                0x000000000000f182                cJSON_AddObjectToObject
                0x000000000000f1dd                cJSON_AddArrayToObject
                0x000000000000f238                cJSON_DetachItemViaPointer
                0x000000000000f2fb                cJSON_DetachItemFromArray
                0x000000000000f344                cJSON_DeleteItemFromArray
                0x000000000000f373                cJSON_DetachItemFromObject
                0x000000000000f3b3                cJSON_DetachItemFromObjectCaseSensitive
                0x000000000000f3f3                cJSON_DeleteItemFromObject
                0x000000000000f425                cJSON_DeleteItemFromObjectCaseSensitive
                0x000000000000f457                cJSON_InsertItemInArray
                0x000000000000f53d                cJSON_ReplaceItemViaPointer
                0x000000000000f671                cJSON_ReplaceItemInArray
                0x000000000000f795                cJSON_ReplaceItemInObject
                0x000000000000f7c8                cJSON_ReplaceItemInObjectCaseSensitive
                0x000000000000f7fb                cJSON_CreateNull
                0x000000000000f832                cJSON_CreateTrue
                0x000000000000f869                cJSON_CreateFalse
                0x000000000000f8a0                cJSON_CreateBool
                0x000000000000f8e8                cJSON_CreateNumber
                0x000000000000f97a                cJSON_CreateString
                0x000000000000f9f3                cJSON_CreateStringReference
                0x000000000000fa42                cJSON_CreateObjectReference
                0x000000000000fa91                cJSON_CreateArrayReference
                0x000000000000fae0                cJSON_CreateRaw
                0x000000000000fb59                cJSON_CreateArray
                0x000000000000fb90                cJSON_CreateObject
                0x000000000000fbc7                cJSON_CreateIntArray
                0x000000000000fce3                cJSON_CreateFloatArray
                0x000000000000fe04                cJSON_CreateDoubleArray
                0x000000000000ff14                cJSON_CreateStringArray
                0x0000000000010022                cJSON_Duplicate
                0x0000000000010435                cJSON_Minify
                0x0000000000010569                cJSON_IsInvalid
                0x0000000000010597                cJSON_IsFalse
                0x00000000000105c6                cJSON_IsTrue
                0x00000000000105f5                cJSON_IsBool
                0x0000000000010623                cJSON_IsNull
                0x0000000000010652                cJSON_IsNumber
                0x0000000000010681                cJSON_IsString
                0x00000000000106b0                cJSON_IsArray
                0x00000000000106df                cJSON_IsObject
                0x000000000001070e                cJSON_IsRaw
                0x000000000001073f                cJSON_Compare
                0x0000000000010a8e                cJSON_malloc
                0x0000000000010ab0                cJSON_free
 .text          0x0000000000010ad3       0xcc /home/wh/.HoneyGUI-SDK/realgui/3rd/nanovg/base/nanovg_port.o
                0x0000000000010ad3                nanovg_port_malloc
                0x0000000000010af1                nanovg_port_realloc
                0x0000000000010b1a                nanovg_port_free
                0x0000000000010b39                nanovg_realloc
                0x0000000000010b62                nanovg_malloc
                0x0000000000010b80                nanovg_free
 .text          0x0000000000010b9f     0x7f34 /home/wh/.HoneyGUI-SDK/realgui/3rd/nanovg/base/nanovg.o
                0x0000000000010b9f                nvg__sqrtf
                0x0000000000010bbe                nvg__modf
                0x0000000000010bea                nvg__sinf
                0x0000000000010c09                nvg__cosf
                0x0000000000010c28                nvg__tanf
                0x0000000000010c47                nvg__atan2f
                0x0000000000010c73                nvg__acosf
                0x0000000000011200                nvgCreateInternal
                0x00000000000113b6                nvgInternalParams
                0x00000000000113c8                nvgDeleteInternal
                0x0000000000011451                nvgBeginFrame
                0x000000000001150f                nvgCancelFrame
                0x0000000000011536                nvgEndFrame
                0x0000000000011713                nvgRGB
                0x0000000000011770                nvgRGBf
                0x00000000000117d7                nvgRGBA
                0x00000000000118ab                nvgRGBAf
                0x0000000000011935                nvgTransRGBA
                0x0000000000011997                nvgTransRGBAf
                0x00000000000119e6                nvgLerpRGBA
                0x0000000000011af6                nvgHSL
                0x0000000000011c47                nvgHSLA
                0x0000000000011e6d                nvgTransformIdentity
                0x0000000000011f14                nvgTransformTranslate
                0x0000000000011fc7                nvgTransformScale
                0x0000000000012072                nvgTransformRotate
                0x000000000001214f                nvgTransformSkewX
                0x000000000001220e                nvgTransformSkewY
                0x00000000000122cd                nvgTransformMultiply
                0x00000000000126a8                nvgTransformPremultiply
                0x0000000000012725                nvgTransformInverse
                0x00000000000128d9                nvgTransformPoint
                0x00000000000129c0                nvgDegToRad
                0x00000000000129ef                nvgRadToDeg
                0x0000000000012aaf                nvgSave
                0x0000000000012b62                nvgRestore
                0x0000000000012b99                nvgReset
                0x0000000000012d81                nvgShapeAntiAlias
                0x0000000000012db1                nvgStrokeWidth
                0x0000000000012dea                nvgMiterLimit
                0x0000000000012e23                nvgLineCap
                0x0000000000012e7c                nvgLineJoin
                0x0000000000012eaf                nvgGlobalAlpha
                0x0000000000012ee8                nvgTransformxyz
                0x0000000000012fca                nvgTransform
                0x00000000000130a3                nvgResetTransform
                0x00000000000130d8                nvgTranslate
                0x000000000001315d                nvgRotate
                0x00000000000131d5                nvgSkewX
                0x000000000001324d                nvgSkewY
                0x00000000000132c5                nvgScale
                0x000000000001334a                nvgCurrentTransform
                0x0000000000013399                nvgStrokeColor
                0x00000000000133f4                nvgStrokePaint
                0x00000000000134ae                nvgFillColor
                0x0000000000013509                nvgFillPaint
                0x00000000000135ab                nvgCreateImage
                0x00000000000135c5                nvgCreateImageMem
                0x00000000000135e2                nvgCreateImageRGBA
                0x000000000001362e                nvgUpdateImage
                0x00000000000136c4                nvgImageSize
                0x0000000000013702                nvgDeleteImage
                0x0000000000013731                nvgLinearGradient
                0x0000000000013a0f                nvgRadialGradient
                0x0000000000013c19                nvgBoxGradient
                0x0000000000013e04                nvgImagePattern
                0x0000000000013f90                nvgScissor
                0x00000000000141f1                nvgIntersectScissor
                0x000000000001445e                nvgResetScissor
                0x00000000000144c5                nvgGlobalCompositeOperation
                0x0000000000014505                nvgGlobalCompositeBlendFunc
                0x0000000000014539                nvgGlobalCompositeBlendFuncSeparate
                0x00000000000167cb                nvgBeginPath
                0x00000000000167f8                nvgMoveTo
                0x000000000001686d                nvgLineTo
                0x00000000000168e6                nvgBezierTo
                0x000000000001699b                nvgQuadTo
                0x0000000000016acc                nvgArcTo
                0x0000000000016f0f                nvgClosePath
                0x0000000000016f6a                nvgPathWinding
                0x0000000000016fd6                nvgArc
                0x0000000000017605                nvgRect
                0x0000000000017708                nvgRoundedRect
                0x000000000001777f                nvgRoundedRectVarying
                0x0000000000017ec9                nvgEllipse
                0x0000000000018203                nvgCircle
                0x0000000000018250                nvgFill
                0x000000000001852d                nvgStroke
                0x0000000000018942                nvgFontSize
                0x000000000001897b                nvgFontBlur
                0x000000000001898f                nvgTextLetterSpacing
                0x00000000000189a3                nvgTextLineHeight
                0x00000000000189b7                nvgTextAlign
                0x00000000000189c9                nvgFontFaceId
                0x00000000000189db                nvgFontFace
                0x00000000000189ee                nvgCreateFontMem
                0x0000000000018a10                nvgFindFont
                0x0000000000018a27                nvgText
                0x0000000000018a4b                nvgTextBounds
                0x0000000000018a73                nvgGetParams
                0x0000000000018a85                nvgCreateImageRaw
 .text          0x0000000000018ad3       0xd4 /home/wh/.HoneyGUI-SDK/realgui/3rd/nanovg/agge/math.o
                0x0000000000018ad3                agge::sqrt(float)
                0x0000000000018af2                agge::sqrt(double)
                0x0000000000018b1d                agge::sin(float)
                0x0000000000018b3c                agge::cos(float)
 *fill*         0x0000000000018ba7        0x1 
 .text._ZN4agge6limitsIfE10resolutionEv
                0x0000000000018ba8       0x12 /home/wh/.HoneyGUI-SDK/realgui/3rd/nanovg/agge/math.o
                0x0000000000018ba8                agge::limits<float>::resolution()
 .text          0x0000000000018bba      0x7c0 /home/wh/.HoneyGUI-SDK/realgui/3rd/nanovg/agge/stroke.o
                0x0000000000018bba                agge::stroke::stroke()
                0x0000000000018bba                agge::stroke::stroke()
                0x0000000000018c5a                agge::stroke::~stroke()
                0x0000000000018c5a                agge::stroke::~stroke()
                0x0000000000018cc2                agge::stroke::remove_all()
                0x0000000000018cec                agge::stroke::close_polygon()
                0x0000000000018d32                agge::stroke::add_vertex(float, float, int)
                0x0000000000018d72                agge::stroke::vertex(float*, float*)
                0x0000000000019272                agge::stroke::width(float)
                0x00000000000192a0                agge::stroke::prepare()
                0x0000000000019352                agge::stroke::set_state(int)
 .text._ZN4agge11noncopyableC2Ev
                0x000000000001937a        0xf /home/wh/.HoneyGUI-SDK/realgui/3rd/nanovg/agge/stroke.o
                0x000000000001937a                agge::noncopyable::noncopyable()
                0x000000000001937a                agge::noncopyable::noncopyable()
 .text._ZN4agge8distanceEffff
                0x0000000000019389       0x66 /home/wh/.HoneyGUI-SDK/realgui/3rd/nanovg/agge/stroke.o
                0x0000000000019389                agge::distance(float, float, float, float)
 .text._ZN4agge8distanceERKNS_5pointIfEES3_
                0x00000000000193ef       0x48 /home/wh/.HoneyGUI-SDK/realgui/3rd/nanovg/agge/stroke.o
                0x00000000000193ef                agge::distance(agge::point<float> const&, agge::point<float> const&)
 *fill*         0x0000000000019437        0x1 
 .text._ZN4agge15vertex_sequence7move_toEff
                0x0000000000019438       0x76 /home/wh/.HoneyGUI-SDK/realgui/3rd/nanovg/agge/stroke.o
                0x0000000000019438                agge::vertex_sequence::move_to(float, float)
 .text._ZN4agge15vertex_sequence7line_toEff
                0x00000000000194ae       0xc6 /home/wh/.HoneyGUI-SDK/realgui/3rd/nanovg/agge/stroke.o
                0x00000000000194ae                agge::vertex_sequence::line_to(float, float)
 .text._ZN4agge15vertex_sequence13close_polygonEv
                0x0000000000019574       0x78 /home/wh/.HoneyGUI-SDK/realgui/3rd/nanovg/agge/stroke.o
                0x0000000000019574                agge::vertex_sequence::close_polygon()
 .text._ZN4agge15vertex_sequence12set_distanceERNS_6vertexERKNS_5pointIfEE
                0x00000000000195ec       0x4b /home/wh/.HoneyGUI-SDK/realgui/3rd/nanovg/agge/stroke.o
                0x00000000000195ec                agge::vertex_sequence::set_distance(agge::vertex&, agge::point<float> const&)
 .text._ZN4agge8is_closeEi
                0x0000000000019637       0x18 /home/wh/.HoneyGUI-SDK/realgui/3rd/nanovg/agge/stroke.o
                0x0000000000019637                agge::is_close(int)
 *fill*         0x000000000001964f        0x1 
 .text._ZN4agge15vertex_sequenceC2Ev
                0x0000000000019650       0x24 /home/wh/.HoneyGUI-SDK/realgui/3rd/nanovg/agge/stroke.o
                0x0000000000019650                agge::vertex_sequence::vertex_sequence()
                0x0000000000019650                agge::vertex_sequence::vertex_sequence()
 .text._ZN4agge15vertex_sequenceD2Ev
                0x0000000000019674       0x1f /home/wh/.HoneyGUI-SDK/realgui/3rd/nanovg/agge/stroke.o
                0x0000000000019674                agge::vertex_sequence::~vertex_sequence()
                0x0000000000019674                agge::vertex_sequence::~vertex_sequence()
 *fill*         0x0000000000019693        0x1 
 .text._ZN4agge10pod_vectorINS_6vertexEE9push_backERKS1_
                0x0000000000019694       0x68 /home/wh/.HoneyGUI-SDK/realgui/3rd/nanovg/agge/stroke.o
                0x0000000000019694                agge::pod_vector<agge::vertex>::push_back(agge::vertex const&)
 .text._ZNK4agge10pod_vectorINS_6vertexEE5emptyEv
                0x00000000000196fc       0x23 /home/wh/.HoneyGUI-SDK/realgui/3rd/nanovg/agge/stroke.o
                0x00000000000196fc                agge::pod_vector<agge::vertex>::empty() const
 *fill*         0x000000000001971f        0x1 
 .text._ZN4agge10pod_vectorINS_6vertexEE3endEv
                0x0000000000019720       0x16 /home/wh/.HoneyGUI-SDK/realgui/3rd/nanovg/agge/stroke.o
                0x0000000000019720                agge::pod_vector<agge::vertex>::end()
 .text._ZN4agge10pod_vectorINS_6vertexEE5beginEv
                0x0000000000019736       0x15 /home/wh/.HoneyGUI-SDK/realgui/3rd/nanovg/agge/stroke.o
                0x0000000000019736                agge::pod_vector<agge::vertex>::begin()
 *fill*         0x000000000001974b        0x1 
 .text._ZN4agge10pod_vectorINS_6vertexEE8pop_backEv
                0x000000000001974c       0x23 /home/wh/.HoneyGUI-SDK/realgui/3rd/nanovg/agge/stroke.o
                0x000000000001974c                agge::pod_vector<agge::vertex>::pop_back()
 *fill*         0x000000000001976f        0x1 
 .text._ZN4agge10pod_vectorINS_5pointIfEEE3endEv
                0x0000000000019770       0x16 /home/wh/.HoneyGUI-SDK/realgui/3rd/nanovg/agge/stroke.o
                0x0000000000019770                agge::pod_vector<agge::point<float> >::end()
 .text._ZN4agge10pod_vectorINS_6vertexEEC2Ej
                0x0000000000019786       0x4a /home/wh/.HoneyGUI-SDK/realgui/3rd/nanovg/agge/stroke.o
                0x0000000000019786                agge::pod_vector<agge::vertex>::pod_vector(unsigned int)
                0x0000000000019786                agge::pod_vector<agge::vertex>::pod_vector(unsigned int)
 .text._ZN4agge10pod_vectorINS_6vertexEED2Ev
                0x00000000000197d0       0x2e /home/wh/.HoneyGUI-SDK/realgui/3rd/nanovg/agge/stroke.o
                0x00000000000197d0                agge::pod_vector<agge::vertex>::~pod_vector()
                0x00000000000197d0                agge::pod_vector<agge::vertex>::~pod_vector()
 .text._ZN4agge10pod_vectorINS_5pointIfEEEC2Ej
                0x00000000000197fe       0x4a /home/wh/.HoneyGUI-SDK/realgui/3rd/nanovg/agge/stroke.o
                0x00000000000197fe                agge::pod_vector<agge::point<float> >::pod_vector(unsigned int)
                0x00000000000197fe                agge::pod_vector<agge::point<float> >::pod_vector(unsigned int)
 .text._ZN4agge10pod_vectorINS_5pointIfEEED2Ev
                0x0000000000019848       0x2e /home/wh/.HoneyGUI-SDK/realgui/3rd/nanovg/agge/stroke.o
                0x0000000000019848                agge::pod_vector<agge::point<float> >::~pod_vector()
                0x0000000000019848                agge::pod_vector<agge::point<float> >::~pod_vector()
 .text._ZN4agge10pod_vectorINS_6vertexEE5clearEv
                0x0000000000019876       0x1e /home/wh/.HoneyGUI-SDK/realgui/3rd/nanovg/agge/stroke.o
                0x0000000000019876                agge::pod_vector<agge::vertex>::clear()
 .text._ZN4agge19add_polyline_vertexINS_6strokeEEEvRT_ffi
                0x0000000000019894       0x88 /home/wh/.HoneyGUI-SDK/realgui/3rd/nanovg/agge/stroke.o
                0x0000000000019894                void agge::add_polyline_vertex<agge::stroke>(agge::stroke&, float, float, int)
 .text._ZN4agge10pod_vectorINS_5pointIfEEE5clearEv
                0x000000000001991c       0x1e /home/wh/.HoneyGUI-SDK/realgui/3rd/nanovg/agge/stroke.o
                0x000000000001991c                agge::pod_vector<agge::point<float> >::clear()
 .text._ZN4agge10pod_vectorINS_5pointIfEEE5beginEv
                0x000000000001993a       0x15 /home/wh/.HoneyGUI-SDK/realgui/3rd/nanovg/agge/stroke.o
                0x000000000001993a                agge::pod_vector<agge::point<float> >::begin()
 *fill*         0x000000000001994f        0x1 
 .text._ZNK4agge10pod_vectorINS_6vertexEE4sizeEv
                0x0000000000019950       0x38 /home/wh/.HoneyGUI-SDK/realgui/3rd/nanovg/agge/stroke.o
                0x0000000000019950                agge::pod_vector<agge::vertex>::size() const
 .text._ZN4agge10pod_vectorINS_6vertexEE4growEj
                0x0000000000019988      0x16e /home/wh/.HoneyGUI-SDK/realgui/3rd/nanovg/agge/stroke.o
                0x0000000000019988                agge::pod_vector<agge::vertex>::grow(unsigned int)
 .text._ZN4agge10pod_vectorINS_6vertexEE6resizeEj
                0x0000000000019af6       0x72 /home/wh/.HoneyGUI-SDK/realgui/3rd/nanovg/agge/stroke.o
                0x0000000000019af6                agge::pod_vector<agge::vertex>::resize(unsigned int)
 .text._ZN4agge10pod_vectorINS_5pointIfEEE6resizeEj
                0x0000000000019b68       0x68 /home/wh/.HoneyGUI-SDK/realgui/3rd/nanovg/agge/stroke.o
                0x0000000000019b68                agge::pod_vector<agge::point<float> >::resize(unsigned int)
 .text._ZNK4agge10pod_vectorINS_6vertexEE8capacityEv
                0x0000000000019bd0       0x38 /home/wh/.HoneyGUI-SDK/realgui/3rd/nanovg/agge/stroke.o
                0x0000000000019bd0                agge::pod_vector<agge::vertex>::capacity() const
 .text._ZN4agge8agge_maxIjEET_RKS1_S3_
                0x0000000000019c08       0x30 /home/wh/.HoneyGUI-SDK/realgui/3rd/nanovg/agge/stroke.o
                0x0000000000019c08                unsigned int agge::agge_max<unsigned int>(unsigned int const&, unsigned int const&)
 .text._ZNK4agge10pod_vectorINS_5pointIfEEE8capacityEv
                0x0000000000019c38       0x27 /home/wh/.HoneyGUI-SDK/realgui/3rd/nanovg/agge/stroke.o
                0x0000000000019c38                agge::pod_vector<agge::point<float> >::capacity() const
 *fill*         0x0000000000019c5f        0x1 
 .text._ZN4agge10pod_vectorINS_5pointIfEEE4growEj
                0x0000000000019c60      0x14b /home/wh/.HoneyGUI-SDK/realgui/3rd/nanovg/agge/stroke.o
                0x0000000000019c60                agge::pod_vector<agge::point<float> >::grow(unsigned int)
 *fill*         0x0000000000019dab        0x1 
 .text._ZNK4agge10pod_vectorINS_5pointIfEEE4sizeEv
                0x0000000000019dac       0x27 /home/wh/.HoneyGUI-SDK/realgui/3rd/nanovg/agge/stroke.o
                0x0000000000019dac                agge::pod_vector<agge::point<float> >::size() const
 *fill*         0x0000000000019dd3        0x1 
 .text          0x0000000000019dd4     0x1c8f /home/wh/.HoneyGUI-SDK/realgui/3rd/nanovg/agge/stroke_features.o
                0x0000000000019dd4                agge::caps::butt::calc(agge::pod_vector<agge::point<float> >&, float, agge::point<float> const&, float, agge::point<float> const&) const
                0x0000000000019f04                agge::caps::square::calc(agge::pod_vector<agge::point<float> >&, float, agge::point<float> const&, float, agge::point<float> const&) const
                0x000000000001a23c                agge::caps::round::calc(agge::pod_vector<agge::point<float> >&, float, agge::point<float> const&, float, agge::point<float> const&) const
                0x000000000001a4b8                agge::caps::triangle::triangle(float)
                0x000000000001a4b8                agge::caps::triangle::triangle(float)
                0x000000000001a4f8                agge::caps::triangle::calc(agge::pod_vector<agge::point<float> >&, float, agge::point<float> const&, float, agge::point<float> const&) const
                0x000000000001a68c                agge::joins::bevel::calc(agge::pod_vector<agge::point<float> >&, float, agge::point<float> const&, float, agge::point<float> const&, float, agge::point<float> const&) const
                0x000000000001a819                agge::joins::get_lines_midpoint(agge::point<float> const&, float, agge::point<float> const&, float, agge::point<float> const&, float&, float&)
                0x000000000001aad6                agge::joins::round::calc(agge::pod_vector<agge::point<float> >&, float, agge::point<float> const&, float, agge::point<float> const&, float, agge::point<float> const&) const
                0x000000000001afd1                agge::joins::get_new_edge_point(agge::point<float> const&, agge::point<float> const&, agge::point<float> const&, float, float, float, float, float, float&, float&, bool&)
                0x000000000001b46c                agge::joins::miter::calc(agge::pod_vector<agge::point<float> >&, float, agge::point<float> const&, float, agge::point<float> const&, float, agge::point<float> const&) const
 *fill*         0x000000000001ba63        0x1 
 .text._ZN4agge6stroke3capD2Ev
                0x000000000001ba64       0x1d /home/wh/.HoneyGUI-SDK/realgui/3rd/nanovg/agge/stroke_features.o
                0x000000000001ba64                agge::stroke::cap::~cap()
                0x000000000001ba64                agge::stroke::cap::~cap()
 *fill*         0x000000000001ba81        0x1 
 .text._ZN4agge6stroke3capD0Ev
                0x000000000001ba82       0x2a /home/wh/.HoneyGUI-SDK/realgui/3rd/nanovg/agge/stroke_features.o
                0x000000000001ba82                agge::stroke::cap::~cap()
 .text._ZN4agge6stroke4joinD2Ev
                0x000000000001baac       0x1d /home/wh/.HoneyGUI-SDK/realgui/3rd/nanovg/agge/stroke_features.o
                0x000000000001baac                agge::stroke::join::~join()
                0x000000000001baac                agge::stroke::join::~join()
 *fill*         0x000000000001bac9        0x1 
 .text._ZN4agge6stroke4joinD0Ev
                0x000000000001baca       0x2a /home/wh/.HoneyGUI-SDK/realgui/3rd/nanovg/agge/stroke_features.o
                0x000000000001baca                agge::stroke::join::~join()
 .text._ZSt4atanf
                0x000000000001baf4       0x1f /home/wh/.HoneyGUI-SDK/realgui/3rd/nanovg/agge/stroke_features.o
                0x000000000001baf4                std::atan(float)
 .text._ZSt4fabsf
                0x000000000001bb13       0x1f /home/wh/.HoneyGUI-SDK/realgui/3rd/nanovg/agge/stroke_features.o
                0x000000000001bb13                std::fabs(float)
 .text._ZN4agge6stroke3capC2Ev
                0x000000000001bb32       0x1d /home/wh/.HoneyGUI-SDK/realgui/3rd/nanovg/agge/stroke_features.o
                0x000000000001bb32                agge::stroke::cap::cap()
                0x000000000001bb32                agge::stroke::cap::cap()
 .text._ZN4agge12create_pointIfEENS_5pointIT_EES2_S2_
                0x000000000001bb4f       0x5b /home/wh/.HoneyGUI-SDK/realgui/3rd/nanovg/agge/stroke_features.o
                0x000000000001bb4f                agge::point<float> agge::create_point<float>(float, float)
 .text._ZN4agge10pod_vectorINS_5pointIfEEE9push_backERKS2_
                0x000000000001bbaa       0x62 /home/wh/.HoneyGUI-SDK/realgui/3rd/nanovg/agge/stroke_features.o
                0x000000000001bbaa                agge::pod_vector<agge::point<float> >::push_back(agge::point<float> const&)
 .text._ZN4agge5joins5miterD2Ev
                0x000000000001bc0c       0x2d /home/wh/.HoneyGUI-SDK/realgui/3rd/nanovg/agge/stroke_features.o
                0x000000000001bc0c                agge::joins::miter::~miter()
                0x000000000001bc0c                agge::joins::miter::~miter()
 *fill*         0x000000000001bc39        0x1 
 .text._ZN4agge5joins5miterD0Ev
                0x000000000001bc3a       0x2a /home/wh/.HoneyGUI-SDK/realgui/3rd/nanovg/agge/stroke_features.o
                0x000000000001bc3a                agge::joins::miter::~miter()
 .text._ZN4agge5joins5roundD2Ev
                0x000000000001bc64       0x2d /home/wh/.HoneyGUI-SDK/realgui/3rd/nanovg/agge/stroke_features.o
                0x000000000001bc64                agge::joins::round::~round()
                0x000000000001bc64                agge::joins::round::~round()
 *fill*         0x000000000001bc91        0x1 
 .text._ZN4agge5joins5roundD0Ev
                0x000000000001bc92       0x2a /home/wh/.HoneyGUI-SDK/realgui/3rd/nanovg/agge/stroke_features.o
                0x000000000001bc92                agge::joins::round::~round()
 .text._ZN4agge5joins5bevelD2Ev
                0x000000000001bcbc       0x2d /home/wh/.HoneyGUI-SDK/realgui/3rd/nanovg/agge/stroke_features.o
                0x000000000001bcbc                agge::joins::bevel::~bevel()
                0x000000000001bcbc                agge::joins::bevel::~bevel()
 *fill*         0x000000000001bce9        0x1 
 .text._ZN4agge5joins5bevelD0Ev
                0x000000000001bcea       0x2a /home/wh/.HoneyGUI-SDK/realgui/3rd/nanovg/agge/stroke_features.o
                0x000000000001bcea                agge::joins::bevel::~bevel()
 .text._ZN4agge4caps8triangleD2Ev
                0x000000000001bd14       0x2d /home/wh/.HoneyGUI-SDK/realgui/3rd/nanovg/agge/stroke_features.o
                0x000000000001bd14                agge::caps::triangle::~triangle()
                0x000000000001bd14                agge::caps::triangle::~triangle()
 *fill*         0x000000000001bd41        0x1 
 .text._ZN4agge4caps8triangleD0Ev
                0x000000000001bd42       0x2a /home/wh/.HoneyGUI-SDK/realgui/3rd/nanovg/agge/stroke_features.o
                0x000000000001bd42                agge::caps::triangle::~triangle()
 .text._ZN4agge4caps5roundD2Ev
                0x000000000001bd6c       0x2d /home/wh/.HoneyGUI-SDK/realgui/3rd/nanovg/agge/stroke_features.o
                0x000000000001bd6c                agge::caps::round::~round()
                0x000000000001bd6c                agge::caps::round::~round()
 *fill*         0x000000000001bd99        0x1 
 .text._ZN4agge4caps5roundD0Ev
                0x000000000001bd9a       0x2a /home/wh/.HoneyGUI-SDK/realgui/3rd/nanovg/agge/stroke_features.o
                0x000000000001bd9a                agge::caps::round::~round()
 .text._ZN4agge4caps6squareD2Ev
                0x000000000001bdc4       0x2d /home/wh/.HoneyGUI-SDK/realgui/3rd/nanovg/agge/stroke_features.o
                0x000000000001bdc4                agge::caps::square::~square()
                0x000000000001bdc4                agge::caps::square::~square()
 *fill*         0x000000000001bdf1        0x1 
 .text._ZN4agge4caps6squareD0Ev
                0x000000000001bdf2       0x2a /home/wh/.HoneyGUI-SDK/realgui/3rd/nanovg/agge/stroke_features.o
                0x000000000001bdf2                agge::caps::square::~square()
 .text._ZN4agge4caps4buttD2Ev
                0x000000000001be1c       0x2d /home/wh/.HoneyGUI-SDK/realgui/3rd/nanovg/agge/stroke_features.o
                0x000000000001be1c                agge::caps::butt::~butt()
                0x000000000001be1c                agge::caps::butt::~butt()
 *fill*         0x000000000001be49        0x1 
 .text._ZN4agge4caps4buttD0Ev
                0x000000000001be4a       0x2a /home/wh/.HoneyGUI-SDK/realgui/3rd/nanovg/agge/stroke_features.o
                0x000000000001be4a                agge::caps::butt::~butt()
 .text          0x000000000001be74     0x1d6b /home/wh/.HoneyGUI-SDK/realgui/3rd/nanovg/agge/vector_rasterizer.o
                0x000000000001c05e                agge::vector_rasterizer::vector_rasterizer()
                0x000000000001c05e                agge::vector_rasterizer::vector_rasterizer()
                0x000000000001c13c                agge::vector_rasterizer::reset()
                0x000000000001c1ea                agge::vector_rasterizer::line(int, int, int, int)
                0x000000000001d2ee                agge::vector_rasterizer::append(agge::vector_rasterizer const&, int, int)
                0x000000000001d4e0                agge::vector_rasterizer::sort(bool)
                0x000000000001da48                agge::vector_rasterizer::extend_bounds(int, int)
 *fill*         0x000000000001dbdf        0x1 
 .text._ZNK4agge17vector_rasterizer5emptyEv
                0x000000000001dbe0       0x21 /home/wh/.HoneyGUI-SDK/realgui/3rd/nanovg/agge/vector_rasterizer.o
                0x000000000001dbe0                agge::vector_rasterizer::empty() const
 *fill*         0x000000000001dc01        0x1 
 .text._ZNK4agge17vector_rasterizer5widthEv
                0x000000000001dc02       0x3e /home/wh/.HoneyGUI-SDK/realgui/3rd/nanovg/agge/vector_rasterizer.o
                0x000000000001dc02                agge::vector_rasterizer::width() const
 .text._ZNK4agge17vector_rasterizer6heightEv
                0x000000000001dc40       0x3e /home/wh/.HoneyGUI-SDK/realgui/3rd/nanovg/agge/vector_rasterizer.o
                0x000000000001dc40                agge::vector_rasterizer::height() const
 .text._ZN4agge13precise_delta8multiplyEi
                0x000000000001dc7e       0x26 /home/wh/.HoneyGUI-SDK/realgui/3rd/nanovg/agge/vector_rasterizer.o
                0x000000000001dc7e                agge::precise_delta::multiply(int)
 .text._ZN4agge13precise_delta4nextEv
                0x000000000001dca4       0x5a /home/wh/.HoneyGUI-SDK/realgui/3rd/nanovg/agge/vector_rasterizer.o
                0x000000000001dca4                agge::precise_delta::next()
 .text._ZNK4agge10pod_vectorINS_17vector_rasterizer4cellEE5beginEv
                0x000000000001dcfe       0x15 /home/wh/.HoneyGUI-SDK/realgui/3rd/nanovg/agge/vector_rasterizer.o
                0x000000000001dcfe                agge::pod_vector<agge::vector_rasterizer::cell>::begin() const
 *fill*         0x000000000001dd13        0x1 
 .text._ZN4agge10pod_vectorINS_17vector_rasterizer4cellEEC2Ej
                0x000000000001dd14       0x4a /home/wh/.HoneyGUI-SDK/realgui/3rd/nanovg/agge/vector_rasterizer.o
                0x000000000001dd14                agge::pod_vector<agge::vector_rasterizer::cell>::pod_vector(unsigned int)
                0x000000000001dd14                agge::pod_vector<agge::vector_rasterizer::cell>::pod_vector(unsigned int)
 .text._ZN4agge10pod_vectorINS_17vector_rasterizer4cellEED2Ev
                0x000000000001dd5e       0x2e /home/wh/.HoneyGUI-SDK/realgui/3rd/nanovg/agge/vector_rasterizer.o
                0x000000000001dd5e                agge::pod_vector<agge::vector_rasterizer::cell>::~pod_vector()
                0x000000000001dd5e                agge::pod_vector<agge::vector_rasterizer::cell>::~pod_vector()
 .text._ZN4agge10pod_vectorIjEC2Ej
                0x000000000001dd8c       0x4a /home/wh/.HoneyGUI-SDK/realgui/3rd/nanovg/agge/vector_rasterizer.o
                0x000000000001dd8c                agge::pod_vector<unsigned int>::pod_vector(unsigned int)
                0x000000000001dd8c                agge::pod_vector<unsigned int>::pod_vector(unsigned int)
 .text._ZN4agge10pod_vectorIjED2Ev
                0x000000000001ddd6       0x2e /home/wh/.HoneyGUI-SDK/realgui/3rd/nanovg/agge/vector_rasterizer.o
                0x000000000001ddd6                agge::pod_vector<unsigned int>::~pod_vector()
                0x000000000001ddd6                agge::pod_vector<unsigned int>::~pod_vector()
 .text._ZN4agge10pod_vectorINS_17vector_rasterizer4cellEE6assignEjRKS2_
                0x000000000001de04       0x5e /home/wh/.HoneyGUI-SDK/realgui/3rd/nanovg/agge/vector_rasterizer.o
                0x000000000001de04                agge::pod_vector<agge::vector_rasterizer::cell>::assign(unsigned int, agge::vector_rasterizer::cell const&)
 .text._ZN4agge10pod_vectorIjE5clearEv
                0x000000000001de62       0x1e /home/wh/.HoneyGUI-SDK/realgui/3rd/nanovg/agge/vector_rasterizer.o
                0x000000000001de62                agge::pod_vector<unsigned int>::clear()
 .text._ZN4agge8agge_maxIiEET_RKS1_S3_
                0x000000000001de80       0x30 /home/wh/.HoneyGUI-SDK/realgui/3rd/nanovg/agge/vector_rasterizer.o
                0x000000000001de80                int agge::agge_max<int>(int const&, int const&)
 .text._ZN4agge10pod_vectorINS_17vector_rasterizer4cellEE7set_endEPS2_
                0x000000000001deb0       0x1f /home/wh/.HoneyGUI-SDK/realgui/3rd/nanovg/agge/vector_rasterizer.o
                0x000000000001deb0                agge::pod_vector<agge::vector_rasterizer::cell>::set_end(agge::vector_rasterizer::cell*)
 *fill*         0x000000000001decf        0x1 
 .text._ZN4agge10pod_vectorINS_17vector_rasterizer4cellEE3endEv
                0x000000000001ded0       0x16 /home/wh/.HoneyGUI-SDK/realgui/3rd/nanovg/agge/vector_rasterizer.o
                0x000000000001ded0                agge::pod_vector<agge::vector_rasterizer::cell>::end()
 .text._ZNK4agge10pod_vectorINS_17vector_rasterizer4cellEE4sizeEv
                0x000000000001dee6       0x37 /home/wh/.HoneyGUI-SDK/realgui/3rd/nanovg/agge/vector_rasterizer.o
                0x000000000001dee6                agge::pod_vector<agge::vector_rasterizer::cell>::size() const
 *fill*         0x000000000001df1d        0x1 
 .text._ZN4agge10pod_vectorINS_17vector_rasterizer4cellEE6resizeEj
                0x000000000001df1e       0x72 /home/wh/.HoneyGUI-SDK/realgui/3rd/nanovg/agge/vector_rasterizer.o
                0x000000000001df1e                agge::pod_vector<agge::vector_rasterizer::cell>::resize(unsigned int)
 .text._ZN4agge10pod_vectorIjE6assignEjRKj
                0x000000000001df90       0x54 /home/wh/.HoneyGUI-SDK/realgui/3rd/nanovg/agge/vector_rasterizer.o
                0x000000000001df90                agge::pod_vector<unsigned int>::assign(unsigned int, unsigned int const&)
 .text._ZN4agge10pod_vectorIjEixEj
                0x000000000001dfe4       0x22 /home/wh/.HoneyGUI-SDK/realgui/3rd/nanovg/agge/vector_rasterizer.o
                0x000000000001dfe4                agge::pod_vector<unsigned int>::operator[](unsigned int)
 .text._ZN4agge10pod_vectorINS_17vector_rasterizer4cellEE5beginEv
                0x000000000001e006       0x15 /home/wh/.HoneyGUI-SDK/realgui/3rd/nanovg/agge/vector_rasterizer.o
                0x000000000001e006                agge::pod_vector<agge::vector_rasterizer::cell>::begin()
 *fill*         0x000000000001e01b        0x1 
 .text._ZN4agge10pod_vectorINS_17vector_rasterizer4cellEE4swapERS3_
                0x000000000001e01c       0x87 /home/wh/.HoneyGUI-SDK/realgui/3rd/nanovg/agge/vector_rasterizer.o
                0x000000000001e01c                agge::pod_vector<agge::vector_rasterizer::cell>::swap(agge::pod_vector<agge::vector_rasterizer::cell>&)
 *fill*         0x000000000001e0a3        0x1 
 .text._ZN4agge10pod_vectorIjE5beginEv
                0x000000000001e0a4       0x15 /home/wh/.HoneyGUI-SDK/realgui/3rd/nanovg/agge/vector_rasterizer.o
                0x000000000001e0a4                agge::pod_vector<unsigned int>::begin()
 *fill*         0x000000000001e0b9        0x1 
 .text._ZN4agge10pod_vectorIjE3endEv
                0x000000000001e0ba       0x16 /home/wh/.HoneyGUI-SDK/realgui/3rd/nanovg/agge/vector_rasterizer.o
                0x000000000001e0ba                agge::pod_vector<unsigned int>::end()
 .text._ZN4agge10pod_vectorIjE6resizeEj
                0x000000000001e0d0       0x68 /home/wh/.HoneyGUI-SDK/realgui/3rd/nanovg/agge/vector_rasterizer.o
                0x000000000001e0d0                agge::pod_vector<unsigned int>::resize(unsigned int)
 .text._ZNK4agge10pod_vectorINS_17vector_rasterizer4cellEE8capacityEv
                0x000000000001e138       0x37 /home/wh/.HoneyGUI-SDK/realgui/3rd/nanovg/agge/vector_rasterizer.o
                0x000000000001e138                agge::pod_vector<agge::vector_rasterizer::cell>::capacity() const
 *fill*         0x000000000001e16f        0x1 
 .text._ZN4agge10pod_vectorINS_17vector_rasterizer4cellEE4growEj
                0x000000000001e170      0x170 /home/wh/.HoneyGUI-SDK/realgui/3rd/nanovg/agge/vector_rasterizer.o
                0x000000000001e170                agge::pod_vector<agge::vector_rasterizer::cell>::grow(unsigned int)
 .text._ZNK4agge10pod_vectorIjE8capacityEv
                0x000000000001e2e0       0x27 /home/wh/.HoneyGUI-SDK/realgui/3rd/nanovg/agge/vector_rasterizer.o
                0x000000000001e2e0                agge::pod_vector<unsigned int>::capacity() const
 *fill*         0x000000000001e307        0x1 
 .text._ZN4agge10pod_vectorIjE4growEj
                0x000000000001e308      0x149 /home/wh/.HoneyGUI-SDK/realgui/3rd/nanovg/agge/vector_rasterizer.o
                0x000000000001e308                agge::pod_vector<unsigned int>::grow(unsigned int)
 *fill*         0x000000000001e451        0x1 
 .text._ZNK4agge10pod_vectorIjE4sizeEv
                0x000000000001e452       0x27 /home/wh/.HoneyGUI-SDK/realgui/3rd/nanovg/agge/vector_rasterizer.o
                0x000000000001e452                agge::pod_vector<unsigned int>::size() const
 .text          0x000000000001e479      0xc0e /home/wh/.HoneyGUI-SDK/realgui/3rd/nanovg/agge/nanovg_agge.o
                0x000000000001ecb9                nvgReinitAgge
                0x000000000001ee8d                nvgCreateAGGE
                0x000000000001f068                nvgDeleteAGGE
 .text._ZSt4ceilf
                0x000000000001f087       0x67 /home/wh/.HoneyGUI-SDK/realgui/3rd/nanovg/agge/nanovg_agge.o
                0x000000000001f087                std::ceil(float)
 .text._ZSt5floorf
                0x000000000001f0ee       0x67 /home/wh/.HoneyGUI-SDK/realgui/3rd/nanovg/agge/nanovg_agge.o
                0x000000000001f0ee                std::floor(float)
 .text._ZN4agge6iroundEf
                0x000000000001f155       0x49 /home/wh/.HoneyGUI-SDK/realgui/3rd/nanovg/agge/nanovg_agge.o
                0x000000000001f155                agge::iround(float)
 .text._ZN4agge6muldivEiii
                0x000000000001f19e       0x2d /home/wh/.HoneyGUI-SDK/realgui/3rd/nanovg/agge/nanovg_agge.o
                0x000000000001f19e                agge::muldiv(int, int, int)
 *fill*         0x000000000001f1cb        0x1 
 .text._ZN4agge12pixel32_rgbaC2Ev
                0x000000000001f1cc       0x2e /home/wh/.HoneyGUI-SDK/realgui/3rd/nanovg/agge/nanovg_agge.o
                0x000000000001f1cc                agge::pixel32_rgba::pixel32_rgba()
                0x000000000001f1cc                agge::pixel32_rgba::pixel32_rgba()
 .text._ZN4agge12pixel32_rgbaC2Ehhhh
                0x000000000001f1fa       0x4f /home/wh/.HoneyGUI-SDK/realgui/3rd/nanovg/agge/nanovg_agge.o
                0x000000000001f1fa                agge::pixel32_rgba::pixel32_rgba(unsigned char, unsigned char, unsigned char, unsigned char)
                0x000000000001f1fa                agge::pixel32_rgba::pixel32_rgba(unsigned char, unsigned char, unsigned char, unsigned char)
 .text._ZN4agge7pixel_aINS_12pixel32_rgbaEEEhRKT_h
                0x000000000001f249       0x28 /home/wh/.HoneyGUI-SDK/realgui/3rd/nanovg/agge/nanovg_agge.o
                0x000000000001f249                unsigned char agge::pixel_a<agge::pixel32_rgba>(agge::pixel32_rgba const&, unsigned char)
 .text._ZN4agge13pixel_convertINS_12pixel32_rgbaES1_EEvRT_RKT0_
                0x000000000001f271       0x1f /home/wh/.HoneyGUI-SDK/realgui/3rd/nanovg/agge/nanovg_agge.o
                0x000000000001f271                void agge::pixel_convert<agge::pixel32_rgba, agge::pixel32_rgba>(agge::pixel32_rgba&, agge::pixel32_rgba const&)
 .text._ZN4agge13pixel_convertINS_12pixel32_rgbaENS_12pixel32_bgraEEEvRT_RKT0_
                0x000000000001f290       0x4d /home/wh/.HoneyGUI-SDK/realgui/3rd/nanovg/agge/nanovg_agge.o
                0x000000000001f290                void agge::pixel_convert<agge::pixel32_rgba, agge::pixel32_bgra>(agge::pixel32_rgba&, agge::pixel32_bgra const&)
 .text._ZN4agge13pixel_convertINS_12pixel32_rgbaENS_14pixel16_bgr565EEEvRT_RKT0_
                0x000000000001f2dd       0x6c /home/wh/.HoneyGUI-SDK/realgui/3rd/nanovg/agge/nanovg_agge.o
                0x000000000001f2dd                void agge::pixel_convert<agge::pixel32_rgba, agge::pixel16_bgr565>(agge::pixel32_rgba&, agge::pixel16_bgr565 const&)
 .text._ZN4agge11pixel_blendINS_14pixel16_bgr565ENS_12pixel32_rgbaEEEvRT_RKT0_h
                0x000000000001f349      0x1db /home/wh/.HoneyGUI-SDK/realgui/3rd/nanovg/agge/nanovg_agge.o
                0x000000000001f349                void agge::pixel_blend<agge::pixel16_bgr565, agge::pixel32_rgba>(agge::pixel16_bgr565&, agge::pixel32_rgba const&, unsigned char)
 .text._ZN4agge11pixel_blendINS_12pixel32_bgraENS_12pixel32_rgbaEEEvRT_RKT0_h
                0x000000000001f524      0x198 /home/wh/.HoneyGUI-SDK/realgui/3rd/nanovg/agge/nanovg_agge.o
                0x000000000001f524                void agge::pixel_blend<agge::pixel32_bgra, agge::pixel32_rgba>(agge::pixel32_bgra&, agge::pixel32_rgba const&, unsigned char)
 .text._ZN4agge17raw_memory_objectC2Ev
                0x000000000001f6bc       0x35 /home/wh/.HoneyGUI-SDK/realgui/3rd/nanovg/agge/nanovg_agge.o
                0x000000000001f6bc                agge::raw_memory_object::raw_memory_object()
                0x000000000001f6bc                agge::raw_memory_object::raw_memory_object()
 *fill*         0x000000000001f6f1        0x1 
 .text._ZN4agge17raw_memory_objectD2Ev
                0x000000000001f6f2       0x2e /home/wh/.HoneyGUI-SDK/realgui/3rd/nanovg/agge/nanovg_agge.o
                0x000000000001f6f2                agge::raw_memory_object::~raw_memory_object()
                0x000000000001f6f2                agge::raw_memory_object::~raw_memory_object()
 .text._ZNK4agge17vector_rasterizerixEi
                0x000000000001f720       0xd3 /home/wh/.HoneyGUI-SDK/realgui/3rd/nanovg/agge/nanovg_agge.o
                0x000000000001f720                agge::vector_rasterizer::operator[](int) const
 *fill*         0x000000000001f7f3        0x1 
 .text._ZNK4agge17vector_rasterizer5min_yEv
                0x000000000001f7f4       0x15 /home/wh/.HoneyGUI-SDK/realgui/3rd/nanovg/agge/nanovg_agge.o
                0x000000000001f7f4                agge::vector_rasterizer::min_y() const
 .text._ZN4agge7scalingIiE6scale1EffRiS2_
                0x000000000001f809       0x69 /home/wh/.HoneyGUI-SDK/realgui/3rd/nanovg/agge/nanovg_agge.o
                0x000000000001f809                agge::scaling<int>::scale1(float, float, int&, int&)
 .text._ZN4agge7scalingIiE6scale2EiiiiRiS2_S2_S2_
                0x000000000001f872       0x43 /home/wh/.HoneyGUI-SDK/realgui/3rd/nanovg/agge/nanovg_agge.o
                0x000000000001f872                agge::scaling<int>::scale2(int, int, int, int, int&, int&, int&, int&)
 *fill*         0x000000000001f8b5        0x1 
 .text._ZN4agge10raw_bitmapD2Ev
                0x000000000001f8b6        0xf /home/wh/.HoneyGUI-SDK/realgui/3rd/nanovg/agge/nanovg_agge.o
                0x000000000001f8b6                agge::raw_bitmap::~raw_bitmap()
                0x000000000001f8b6                agge::raw_bitmap::~raw_bitmap()
 *fill*         0x000000000001f8c5        0x1 
 .text._ZN4agge10raw_bitmapC2EjjjNS_14bits_per_pixelEPh
                0x000000000001f8c6       0x6f /home/wh/.HoneyGUI-SDK/realgui/3rd/nanovg/agge/nanovg_agge.o
                0x000000000001f8c6                agge::raw_bitmap::raw_bitmap(unsigned int, unsigned int, unsigned int, agge::bits_per_pixel, unsigned char*)
                0x000000000001f8c6                agge::raw_bitmap::raw_bitmap(unsigned int, unsigned int, unsigned int, agge::bits_per_pixel, unsigned char*)
 *fill*         0x000000000001f935        0x1 
 .text._ZNK4agge10raw_bitmap5widthEv
                0x000000000001f936       0x15 /home/wh/.HoneyGUI-SDK/realgui/3rd/nanovg/agge/nanovg_agge.o
                0x000000000001f936                agge::raw_bitmap::width() const
 *fill*         0x000000000001f94b        0x1 
 .text._ZNK4agge10raw_bitmap6heightEv
                0x000000000001f94c       0x15 /home/wh/.HoneyGUI-SDK/realgui/3rd/nanovg/agge/nanovg_agge.o
                0x000000000001f94c                agge::raw_bitmap::height() const
 *fill*         0x000000000001f961        0x1 
 .text._ZN4agge10raw_bitmap7row_ptrEj
                0x000000000001f962       0x28 /home/wh/.HoneyGUI-SDK/realgui/3rd/nanovg/agge/nanovg_agge.o
                0x000000000001f962                agge::raw_bitmap::row_ptr(unsigned int)
 .text._ZN4agge8rendererC2Ev
                0x000000000001f98a       0x1f /home/wh/.HoneyGUI-SDK/realgui/3rd/nanovg/agge/nanovg_agge.o
                0x000000000001f98a                agge::renderer::renderer()
                0x000000000001f98a                agge::renderer::renderer()
 *fill*         0x000000000001f9a9        0x1 
 .text._ZN4agge8rendererD2Ev
                0x000000000001f9aa       0x1f /home/wh/.HoneyGUI-SDK/realgui/3rd/nanovg/agge/nanovg_agge.o
                0x000000000001f9aa                agge::renderer::~renderer()
                0x000000000001f9aa                agge::renderer::~renderer()
 *fill*         0x000000000001f9c9        0x1 
 .text._ZN4agge17vector_rasterizerD2Ev
                0x000000000001f9ca       0x4f /home/wh/.HoneyGUI-SDK/realgui/3rd/nanovg/agge/nanovg_agge.o
                0x000000000001f9ca                agge::vector_rasterizer::~vector_rasterizer()
                0x000000000001f9ca                agge::vector_rasterizer::~vector_rasterizer()
 *fill*         0x000000000001fa19        0x1 
 .text._ZN4agge10rasterizerINS_7clipperIiEENS_7scalingIiEEEC2Ev
                0x000000000001fa1a       0x2f /home/wh/.HoneyGUI-SDK/realgui/3rd/nanovg/agge/nanovg_agge.o
                0x000000000001fa1a                agge::rasterizer<agge::clipper<int>, agge::scaling<int> >::rasterizer()
                0x000000000001fa1a                agge::rasterizer<agge::clipper<int>, agge::scaling<int> >::rasterizer()
 *fill*         0x000000000001fa49        0x1 
 .text._ZN4agge10rasterizerINS_7clipperIiEENS_7scalingIiEEED2Ev
                0x000000000001fa4a       0x1f /home/wh/.HoneyGUI-SDK/realgui/3rd/nanovg/agge/nanovg_agge.o
                0x000000000001fa4a                agge::rasterizer<agge::clipper<int>, agge::scaling<int> >::~rasterizer()
                0x000000000001fa4a                agge::rasterizer<agge::clipper<int>, agge::scaling<int> >::~rasterizer()
 *fill*         0x000000000001fa69        0x1 
 .text._ZN4agge4caps5roundC2Ev
                0x000000000001fa6a       0x2d /home/wh/.HoneyGUI-SDK/realgui/3rd/nanovg/agge/nanovg_agge.o
                0x000000000001fa6a                agge::caps::round::round()
                0x000000000001fa6a                agge::caps::round::round()
 *fill*         0x000000000001fa97        0x1 
 .text._ZN4agge6stroke4joinC2Ev
                0x000000000001fa98       0x1d /home/wh/.HoneyGUI-SDK/realgui/3rd/nanovg/agge/nanovg_agge.o
                0x000000000001fa98                agge::stroke::join::join()
                0x000000000001fa98                agge::stroke::join::join()
 *fill*         0x000000000001fab5        0x1 
 .text._ZN4agge5joins5bevelC2Ev
                0x000000000001fab6       0x2d /home/wh/.HoneyGUI-SDK/realgui/3rd/nanovg/agge/nanovg_agge.o
                0x000000000001fab6                agge::joins::bevel::bevel()
                0x000000000001fab6                agge::joins::bevel::bevel()
 *fill*         0x000000000001fae3        0x1 
 .text._ZN14AGGENVGcontextC2Ev
                0x000000000001fae4      0x1cd /home/wh/.HoneyGUI-SDK/realgui/3rd/nanovg/agge/nanovg_agge.o
                0x000000000001fae4                AGGENVGcontext::AGGENVGcontext()
                0x000000000001fae4                AGGENVGcontext::AGGENVGcontext()
 *fill*         0x000000000001fcb1        0x1 
 .text._ZN14AGGENVGcontextD2Ev
                0x000000000001fcb2       0x61 /home/wh/.HoneyGUI-SDK/realgui/3rd/nanovg/agge/nanovg_agge.o
                0x000000000001fcb2                AGGENVGcontext::~AGGENVGcontext()
                0x000000000001fcb2                AGGENVGcontext::~AGGENVGcontext()
 *fill*         0x000000000001fd13        0x1 
 .text._ZN4agge4caps4buttC2Ev
                0x000000000001fd14       0x2d /home/wh/.HoneyGUI-SDK/realgui/3rd/nanovg/agge/nanovg_agge.o
                0x000000000001fd14                agge::caps::butt::butt()
                0x000000000001fd14                agge::caps::butt::butt()
 *fill*         0x000000000001fd41        0x1 
 .text._ZN4agge4caps6squareC2Ev
                0x000000000001fd42       0x2d /home/wh/.HoneyGUI-SDK/realgui/3rd/nanovg/agge/nanovg_agge.o
                0x000000000001fd42                agge::caps::square::square()
                0x000000000001fd42                agge::caps::square::square()
 *fill*         0x000000000001fd6f        0x1 
 .text._ZNK4agge10pod_vectorIjE5beginEv
                0x000000000001fd70       0x15 /home/wh/.HoneyGUI-SDK/realgui/3rd/nanovg/agge/nanovg_agge.o
                0x000000000001fd70                agge::pod_vector<unsigned int>::begin() const
 *fill*         0x000000000001fd85        0x1 
 .text._ZN4agge7clipperIiEC2Ev
                0x000000000001fd86       0x17 /home/wh/.HoneyGUI-SDK/realgui/3rd/nanovg/agge/nanovg_agge.o
                0x000000000001fd86                agge::clipper<int>::clipper()
                0x000000000001fd86                agge::clipper<int>::clipper()
 *fill*         0x000000000001fd9d        0x1 
 .text._ZN4agge6stroke3capC2ERKS1_
                0x000000000001fd9e       0x21 /home/wh/.HoneyGUI-SDK/realgui/3rd/nanovg/agge/nanovg_agge.o
                0x000000000001fd9e                agge::stroke::cap::cap(agge::stroke::cap const&)
                0x000000000001fd9e                agge::stroke::cap::cap(agge::stroke::cap const&)
 *fill*         0x000000000001fdbf        0x1 
 .text._ZN4agge4caps5roundC2ERKS1_
                0x000000000001fdc0       0x38 /home/wh/.HoneyGUI-SDK/realgui/3rd/nanovg/agge/nanovg_agge.o
                0x000000000001fdc0                agge::caps::round::round(agge::caps::round const&)
                0x000000000001fdc0                agge::caps::round::round(agge::caps::round const&)
 .text._ZN4agge6stroke7set_capINS_4caps5roundEEEvRKT_
                0x000000000001fdf8       0x64 /home/wh/.HoneyGUI-SDK/realgui/3rd/nanovg/agge/nanovg_agge.o
                0x000000000001fdf8                void agge::stroke::set_cap<agge::caps::round>(agge::caps::round const&)
 .text._ZN4agge6stroke4joinC2ERKS1_
                0x000000000001fe5c       0x21 /home/wh/.HoneyGUI-SDK/realgui/3rd/nanovg/agge/nanovg_agge.o
                0x000000000001fe5c                agge::stroke::join::join(agge::stroke::join const&)
                0x000000000001fe5c                agge::stroke::join::join(agge::stroke::join const&)
 *fill*         0x000000000001fe7d        0x1 
 .text._ZN4agge5joins5bevelC2ERKS1_
                0x000000000001fe7e       0x38 /home/wh/.HoneyGUI-SDK/realgui/3rd/nanovg/agge/nanovg_agge.o
                0x000000000001fe7e                agge::joins::bevel::bevel(agge::joins::bevel const&)
                0x000000000001fe7e                agge::joins::bevel::bevel(agge::joins::bevel const&)
 .text._ZN4agge6stroke8set_joinINS_5joins5bevelEEEvRKT_
                0x000000000001feb6       0x64 /home/wh/.HoneyGUI-SDK/realgui/3rd/nanovg/agge/nanovg_agge.o
                0x000000000001feb6                void agge::stroke::set_join<agge::joins::bevel>(agge::joins::bevel const&)
 .text._Z6mkrectIfEN4agge4rectIT_EES2_S2_S2_S2_
                0x000000000001ff1a       0x8a /home/wh/.HoneyGUI-SDK/realgui/3rd/nanovg/agge/nanovg_agge.o
                0x000000000001ff1a                agge::rect<float> mkrect<float>(float, float, float, float)
 .text._ZN4agge10rasterizerINS_7clipperIiEENS_7scalingIiEEE12set_clippingERKNS_4rectIfEE
                0x000000000001ffa4       0xb0 /home/wh/.HoneyGUI-SDK/realgui/3rd/nanovg/agge/nanovg_agge.o
                0x000000000001ffa4                agge::rasterizer<agge::clipper<int>, agge::scaling<int> >::set_clipping(agge::rect<float> const&)
 .text._Z12renderStrokeIN4agge12pixel32_rgbaEEvPvP8NVGpaint26NVGcompositeOperationStateP10NVGscissorffPK7NVGpathi
                0x0000000000020054      0x1ae /home/wh/.HoneyGUI-SDK/realgui/3rd/nanovg/agge/nanovg_agge.o
                0x0000000000020054                void renderStroke<agge::pixel32_rgba>(void*, NVGpaint*, NVGcompositeOperationState, NVGscissor*, float, float, NVGpath const*, int)
 .text._Z10renderFillIN4agge12pixel32_rgbaEEvPvP8NVGpaint26NVGcompositeOperationStateP10NVGscissorfPKfPK7NVGpathi
                0x0000000000020202      0x144 /home/wh/.HoneyGUI-SDK/realgui/3rd/nanovg/agge/nanovg_agge.o
                0x0000000000020202                void renderFill<agge::pixel32_rgba>(void*, NVGpaint*, NVGcompositeOperationState, NVGscissor*, float, float const*, NVGpath const*, int)
 .text._Z12renderStrokeIN4agge12pixel32_bgraEEvPvP8NVGpaint26NVGcompositeOperationStateP10NVGscissorffPK7NVGpathi
                0x0000000000020346      0x1ae /home/wh/.HoneyGUI-SDK/realgui/3rd/nanovg/agge/nanovg_agge.o
                0x0000000000020346                void renderStroke<agge::pixel32_bgra>(void*, NVGpaint*, NVGcompositeOperationState, NVGscissor*, float, float, NVGpath const*, int)
 .text._Z10renderFillIN4agge12pixel32_bgraEEvPvP8NVGpaint26NVGcompositeOperationStateP10NVGscissorfPKfPK7NVGpathi
                0x00000000000204f4      0x144 /home/wh/.HoneyGUI-SDK/realgui/3rd/nanovg/agge/nanovg_agge.o
                0x00000000000204f4                void renderFill<agge::pixel32_bgra>(void*, NVGpaint*, NVGcompositeOperationState, NVGscissor*, float, float const*, NVGpath const*, int)
 .text._Z12renderStrokeIN4agge11pixel24_rgbEEvPvP8NVGpaint26NVGcompositeOperationStateP10NVGscissorffPK7NVGpathi
                0x0000000000020638      0x1ae /home/wh/.HoneyGUI-SDK/realgui/3rd/nanovg/agge/nanovg_agge.o
                0x0000000000020638                void renderStroke<agge::pixel24_rgb>(void*, NVGpaint*, NVGcompositeOperationState, NVGscissor*, float, float, NVGpath const*, int)
 .text._Z10renderFillIN4agge11pixel24_rgbEEvPvP8NVGpaint26NVGcompositeOperationStateP10NVGscissorfPKfPK7NVGpathi
                0x00000000000207e6      0x144 /home/wh/.HoneyGUI-SDK/realgui/3rd/nanovg/agge/nanovg_agge.o
                0x00000000000207e6                void renderFill<agge::pixel24_rgb>(void*, NVGpaint*, NVGcompositeOperationState, NVGscissor*, float, float const*, NVGpath const*, int)
 .text._Z12renderStrokeIN4agge11pixel24_bgrEEvPvP8NVGpaint26NVGcompositeOperationStateP10NVGscissorffPK7NVGpathi
                0x000000000002092a      0x1ae /home/wh/.HoneyGUI-SDK/realgui/3rd/nanovg/agge/nanovg_agge.o
                0x000000000002092a                void renderStroke<agge::pixel24_bgr>(void*, NVGpaint*, NVGcompositeOperationState, NVGscissor*, float, float, NVGpath const*, int)
 .text._Z10renderFillIN4agge11pixel24_bgrEEvPvP8NVGpaint26NVGcompositeOperationStateP10NVGscissorfPKfPK7NVGpathi
                0x0000000000020ad8      0x144 /home/wh/.HoneyGUI-SDK/realgui/3rd/nanovg/agge/nanovg_agge.o
                0x0000000000020ad8                void renderFill<agge::pixel24_bgr>(void*, NVGpaint*, NVGcompositeOperationState, NVGscissor*, float, float const*, NVGpath const*, int)
 .text._Z12renderStrokeIN4agge14pixel16_bgr565EEvPvP8NVGpaint26NVGcompositeOperationStateP10NVGscissorffPK7NVGpathi
                0x0000000000020c1c      0x1ae /home/wh/.HoneyGUI-SDK/realgui/3rd/nanovg/agge/nanovg_agge.o
                0x0000000000020c1c                void renderStroke<agge::pixel16_bgr565>(void*, NVGpaint*, NVGcompositeOperationState, NVGscissor*, float, float, NVGpath const*, int)
 .text._Z10renderFillIN4agge14pixel16_bgr565EEvPvP8NVGpaint26NVGcompositeOperationStateP10NVGscissorfPKfPK7NVGpathi
                0x0000000000020dca      0x144 /home/wh/.HoneyGUI-SDK/realgui/3rd/nanovg/agge/nanovg_agge.o
                0x0000000000020dca                void renderFill<agge::pixel16_bgr565>(void*, NVGpaint*, NVGcompositeOperationState, NVGscissor*, float, float const*, NVGpath const*, int)
 .text._ZN4agge4caps4buttC2ERKS1_
                0x0000000000020f0e       0x38 /home/wh/.HoneyGUI-SDK/realgui/3rd/nanovg/agge/nanovg_agge.o
                0x0000000000020f0e                agge::caps::butt::butt(agge::caps::butt const&)
                0x0000000000020f0e                agge::caps::butt::butt(agge::caps::butt const&)
 .text._ZN4agge6stroke7set_capINS_4caps4buttEEEvRKT_
                0x0000000000020f46       0x64 /home/wh/.HoneyGUI-SDK/realgui/3rd/nanovg/agge/nanovg_agge.o
                0x0000000000020f46                void agge::stroke::set_cap<agge::caps::butt>(agge::caps::butt const&)
 .text._ZN4agge4caps6squareC2ERKS1_
                0x0000000000020faa       0x38 /home/wh/.HoneyGUI-SDK/realgui/3rd/nanovg/agge/nanovg_agge.o
                0x0000000000020faa                agge::caps::square::square(agge::caps::square const&)
                0x0000000000020faa                agge::caps::square::square(agge::caps::square const&)
 .text._ZN4agge6stroke7set_capINS_4caps6squareEEEvRKT_
                0x0000000000020fe2       0x64 /home/wh/.HoneyGUI-SDK/realgui/3rd/nanovg/agge/nanovg_agge.o
                0x0000000000020fe2                void agge::stroke::set_cap<agge::caps::square>(agge::caps::square const&)
 .text._ZN4agge7clipperIiE3setERKNS_4rectIiEE
                0x0000000000021046       0x57 /home/wh/.HoneyGUI-SDK/realgui/3rd/nanovg/agge/nanovg_agge.o
                0x0000000000021046                agge::clipper<int>::set(agge::rect<int> const&)
 *fill*         0x000000000002109d        0x1 
 .text._ZN4agge22path_generator_adapterINS_13nanovg_vertex8iteratorENS_6strokeEEC2ERKS2_RS3_
                0x000000000002109e       0x44 /home/wh/.HoneyGUI-SDK/realgui/3rd/nanovg/agge/nanovg_agge.o
                0x000000000002109e                agge::path_generator_adapter<agge::nanovg_vertex::iterator, agge::stroke>::path_generator_adapter(agge::nanovg_vertex::iterator const&, agge::stroke&)
                0x000000000002109e                agge::path_generator_adapter<agge::nanovg_vertex::iterator, agge::stroke>::path_generator_adapter(agge::nanovg_vertex::iterator const&, agge::stroke&)
 .text._ZN4agge22path_generator_adapterINS_13nanovg_vertex8iteratorENS_6strokeEEC2ERKS4_
                0x00000000000210e2       0x6b /home/wh/.HoneyGUI-SDK/realgui/3rd/nanovg/agge/nanovg_agge.o
                0x00000000000210e2                agge::path_generator_adapter<agge::nanovg_vertex::iterator, agge::stroke>::path_generator_adapter(agge::path_generator_adapter<agge::nanovg_vertex::iterator, agge::stroke> const&)
                0x00000000000210e2                agge::path_generator_adapter<agge::nanovg_vertex::iterator, agge::stroke>::path_generator_adapter(agge::path_generator_adapter<agge::nanovg_vertex::iterator, agge::stroke> const&)
 .text._ZN4agge8add_pathINS_10rasterizerINS_7clipperIiEENS_7scalingIiEEEENS_22path_generator_adapterINS_13nanovg_vertex8iteratorENS_6strokeEEEEEvRT_T0_
                0x000000000002114d       0x92 /home/wh/.HoneyGUI-SDK/realgui/3rd/nanovg/agge/nanovg_agge.o
                0x000000000002114d                void agge::add_path<agge::rasterizer<agge::clipper<int>, agge::scaling<int> >, agge::path_generator_adapter<agge::nanovg_vertex::iterator, agge::stroke> >(agge::rasterizer<agge::clipper<int>, agge::scaling<int> >&, agge::path_generator_adapter<agge::nanovg_vertex::iterator, agge::stroke>)
 *fill*         0x00000000000211df        0x1 
 .text._ZN4agge6bitmapINS_12pixel32_rgbaENS_10raw_bitmapEED2Ev
                0x00000000000211e0       0x1f /home/wh/.HoneyGUI-SDK/realgui/3rd/nanovg/agge/nanovg_agge.o
                0x00000000000211e0                agge::bitmap<agge::pixel32_rgba, agge::raw_bitmap>::~bitmap()
                0x00000000000211e0                agge::bitmap<agge::pixel32_rgba, agge::raw_bitmap>::~bitmap()
 *fill*         0x00000000000211ff        0x1 
 .text._ZN4agge6bitmapINS_12pixel32_bgraENS_10raw_bitmapEED2Ev