
Merging program properties


As-needed library included to satisfy reference by file (symbol)

libSDL2-2.0.so.0              build/port/realgui_port/sdl_driver.o (SDL_Init)
libstdc++.so.6                /home/wh/.HoneyGUI-SDK/realgui/3rd/nanovg/agge/stroke.o (operator new[](unsigned long)@@GLIBCXX_3.4)
libm.so.6                     /home/wh/.HoneyGUI-SDK/realgui/widget/gui_menu_cellular/gui_menu_cellular.o (exp@@GLIBC_2.29)
libgcc_s.so.1                 /home/wh/.HoneyGUI-SDK/realgui/3rd/nanovg/agge/stroke.o (_Unwind_Resume@@GCC_3.0)
libc.so.6                     build/port/realgui_port/gui_port_os.o (pthread_setname_np@@GLIBC_2.34)

Discarded input sections

 .note.GNU-stack
                0x0000000000000000        0x0 /usr/lib/gcc/x86_64-linux-gnu/11/../../../x86_64-linux-gnu/Scrt1.o
 .note.gnu.property
                0x0000000000000000       0x20 /usr/lib/gcc/x86_64-linux-gnu/11/../../../x86_64-linux-gnu/crti.o
 .note.GNU-stack
                0x0000000000000000        0x0 /usr/lib/gcc/x86_64-linux-gnu/11/../../../x86_64-linux-gnu/crti.o
 .note.GNU-stack
                0x0000000000000000        0x0 /usr/lib/gcc/x86_64-linux-gnu/11/crtbeginS.o
 .note.gnu.property
                0x0000000000000000       0x20 /usr/lib/gcc/x86_64-linux-gnu/11/crtbeginS.o
 .note.GNU-stack
                0x0000000000000000        0x0 build/main.o
 .note.gnu.property
                0x0000000000000000       0x20 build/main.o
 .note.GNU-stack
                0x0000000000000000        0x0 build/port/realgui_port/gui_port_acc.o
 .note.gnu.property
                0x0000000000000000       0x20 build/port/realgui_port/gui_port_acc.o
 .note.GNU-stack
                0x0000000000000000        0x0 build/port/realgui_port/gui_port_dc.o
 .note.gnu.property
                0x0000000000000000       0x20 build/port/realgui_port/gui_port_dc.o
 .note.GNU-stack
                0x0000000000000000        0x0 build/port/realgui_port/gui_port_filesystem.o
 .note.gnu.property
                0x0000000000000000       0x20 build/port/realgui_port/gui_port_filesystem.o
 .note.GNU-stack
                0x0000000000000000        0x0 build/port/realgui_port/gui_port_ftl.o
 .note.gnu.property
                0x0000000000000000       0x20 build/port/realgui_port/gui_port_ftl.o
 .note.GNU-stack
                0x0000000000000000        0x0 build/port/realgui_port/gui_port_indev.o
 .note.gnu.property
                0x0000000000000000       0x20 build/port/realgui_port/gui_port_indev.o
 .note.GNU-stack
                0x0000000000000000        0x0 build/port/realgui_port/gui_port_os.o
 .note.gnu.property
                0x0000000000000000       0x20 build/port/realgui_port/gui_port_os.o
 .note.GNU-stack
                0x0000000000000000        0x0 build/port/realgui_port/gui_queue.o
 .note.gnu.property
                0x0000000000000000       0x20 build/port/realgui_port/gui_queue.o
 .note.GNU-stack
                0x0000000000000000        0x0 build/port/realgui_port/sdl_driver.o
 .note.gnu.property
                0x0000000000000000       0x20 build/port/realgui_port/sdl_driver.o
 .note.GNU-stack
                0x0000000000000000        0x0 /home/wh/.HoneyGUI-SDK/realgui/input/kb_algo.o
 .note.gnu.property
                0x0000000000000000       0x20 /home/wh/.HoneyGUI-SDK/realgui/input/kb_algo.o
 .note.GNU-stack
                0x0000000000000000        0x0 /home/wh/.HoneyGUI-SDK/realgui/input/tp_algo.o
 .note.gnu.property
                0x0000000000000000       0x20 /home/wh/.HoneyGUI-SDK/realgui/input/tp_algo.o
 .note.GNU-stack
                0x0000000000000000        0x0 /home/wh/.HoneyGUI-SDK/realgui/input/wheel_algo.o
 .note.gnu.property
                0x0000000000000000       0x20 /home/wh/.HoneyGUI-SDK/realgui/input/wheel_algo.o
 .note.GNU-stack
                0x0000000000000000        0x0 /home/wh/.HoneyGUI-SDK/realgui/server/gui_api_acc.o
 .note.gnu.property
                0x0000000000000000       0x20 /home/wh/.HoneyGUI-SDK/realgui/server/gui_api_acc.o
 .note.GNU-stack
                0x0000000000000000        0x0 /home/wh/.HoneyGUI-SDK/realgui/server/gui_api_color.o
 .note.gnu.property
                0x0000000000000000       0x20 /home/wh/.HoneyGUI-SDK/realgui/server/gui_api_color.o
 .note.GNU-stack
                0x0000000000000000        0x0 /home/wh/.HoneyGUI-SDK/realgui/server/gui_api_dc.o
 .note.gnu.property
                0x0000000000000000       0x20 /home/wh/.HoneyGUI-SDK/realgui/server/gui_api_dc.o
 .note.GNU-stack
                0x0000000000000000        0x0 /home/wh/.HoneyGUI-SDK/realgui/server/gui_api_fs.o
 .note.gnu.property
                0x0000000000000000       0x20 /home/wh/.HoneyGUI-SDK/realgui/server/gui_api_fs.o
 .note.GNU-stack
                0x0000000000000000        0x0 /home/wh/.HoneyGUI-SDK/realgui/server/gui_api_ftl.o
 .note.gnu.property
                0x0000000000000000       0x20 /home/wh/.HoneyGUI-SDK/realgui/server/gui_api_ftl.o
 .note.GNU-stack
[...]
Memory Configuration

Name             Origin             Length             Attributes
*default*        0x0000000000000000 0xffffffffffffffff

Linker script and memory map

                [!provide]                        PROVIDE (__executable_start = SEGMENT_START ("text-segment", 0x0))
                0x00000000000002a8                . = (SEGMENT_START ("text-segment", 0x0) + SIZEOF_HEADERS)

.interp         0x00000000000002a8       0x1c
 *(.interp)
 .interp        0x00000000000002a8       0x1c /usr/lib/gcc/x86_64-linux-gnu/11/../../../x86_64-linux-gnu/Scrt1.o

.note.gnu.property
                0x00000000000002c8       0x30
 .note.gnu.property
                0x00000000000002c8       0x30 /usr/lib/gcc/x86_64-linux-gnu/11/../../../x86_64-linux-gnu/Scrt1.o

.note.gnu.build-id
                0x00000000000002f8       0x24
 *(.note.gnu.build-id)
 .note.gnu.build-id
                0x00000000000002f8       0x24 /usr/lib/gcc/x86_64-linux-gnu/11/../../../x86_64-linux-gnu/Scrt1.o

.note.ABI-tag   0x000000000000031c       0x20
 .note.ABI-tag  0x000000000000031c       0x20 /usr/lib/gcc/x86_64-linux-gnu/11/../../../x86_64-linux-gnu/Scrt1.o

.hash
 *(.hash)

.gnu.hash       0x0000000000000340       0x3c
 *(.gnu.hash)
 .gnu.hash      0x0000000000000340       0x3c /usr/lib/gcc/x86_64-linux-gnu/11/../../../x86_64-linux-gnu/Scrt1.o

.dynsym         0x0000000000000380      0xb28
 *(.dynsym)
 .dynsym        0x0000000000000380      0xb28 /usr/lib/gcc/x86_64-linux-gnu/11/../../../x86_64-linux-gnu/Scrt1.o

.dynstr         0x0000000000000ea8      0x5ae
 *(.dynstr)
 .dynstr        0x0000000000000ea8      0x5ae /usr/lib/gcc/x86_64-linux-gnu/11/../../../x86_64-linux-gnu/Scrt1.o

.gnu.version    0x0000000000001456       0xee
 *(.gnu.version)
 .gnu.version   0x0000000000001456       0xee /usr/lib/gcc/x86_64-linux-gnu/11/../../../x86_64-linux-gnu/Scrt1.o

.gnu.version_d  0x0000000000001548        0x0
 *(.gnu.version_d)
 .gnu.version_d
                0x0000000000001548        0x0 /usr/lib/gcc/x86_64-linux-gnu/11/../../../x86_64-linux-gnu/Scrt1.o

.gnu.version_r  0x0000000000001548      0x130
 *(.gnu.version_r)
 .gnu.version_r
                0x0000000000001548      0x130 /usr/lib/gcc/x86_64-linux-gnu/11/../../../x86_64-linux-gnu/Scrt1.o

.rela.dyn       0x0000000000001678     0x2f58
 *(.rela.init)
 *(.rela.text .rela.text.* .rela.gnu.linkonce.t.*)
 .rela.text     0x0000000000001678        0x0 /usr/lib/gcc/x86_64-linux-gnu/11/../../../x86_64-linux-gnu/Scrt1.o
 .rela.text._ZN4agge6stroke3capD2Ev
                0x0000000000001678        0x0 /usr/lib/gcc/x86_64-linux-gnu/11/../../../x86_64-linux-gnu/Scrt1.o
 .rela.text._ZN4agge6stroke4joinD2Ev
                0x0000000000001678        0x0 /usr/lib/gcc/x86_64-linux-gnu/11/../../../x86_64-linux-gnu/Scrt1.o
 .rela.text._ZN4agge6stroke3capC2Ev
                0x0000000000001678        0x0 /usr/lib/gcc/x86_64-linux-gnu/11/../../../x86_64-linux-gnu/Scrt1.o
 .rela.text._ZN4agge5joins5miterD2Ev
                0x0000000000001678        0x0 /usr/lib/gcc/x86_64-linux-gnu/11/../../../x86_64-linux-gnu/Scrt1.o
 .rela.text._ZN4agge5joins5roundD2Ev
                0x0000000000001678        0x0 /usr/lib/gcc/x86_64-linux-gnu/11/../../../x86_64-linux-gnu/Scrt1.o
 .rela.text._ZN4agge5joins5bevelD2Ev
                0x0000000000001678        0x0 /usr/lib/gcc/x86_64-linux-gnu/11/../../../x86_64-linux-gnu/Scrt1.o
 .rela.text._ZN4agge4caps8triangleD2Ev
                0x0000000000001678        0x0 /usr/lib/gcc/x86_64-linux-gnu/11/../../../x86_64-linux-gnu/Scrt1.o
 .rela.text._ZN4agge4caps5roundD2Ev
                0x0000000000001678        0x0 /usr/lib/gcc/x86_64-linux-gnu/11/../../../x86_64-linux-gnu/Scrt1.o
 .rela.text._ZN4agge4caps6squareD2Ev
                0x0000000000001678        0x0 /usr/lib/gcc/x86_64-linux-gnu/11/../../../x86_64-linux-gnu/Scrt1.o
 .rela.text._ZN4agge4caps4buttD2Ev
                0x0000000000001678        0x0 /usr/lib/gcc/x86_64-linux-gnu/11/../../../x86_64-linux-gnu/Scrt1.o
 .rela.text._ZN4agge4caps5roundC2Ev
                0x0000000000001678        0x0 /usr/lib/gcc/x86_64-linux-gnu/11/../../../x86_64-linux-gnu/Scrt1.o
 .rela.text._ZN4agge6stroke4joinC2Ev
                0x0000000000001678        0x0 /usr/lib/gcc/x86_64-linux-gnu/11/../../../x86_64-linux-gnu/Scrt1.o
 .rela.text._ZN4agge5joins5bevelC2Ev
                0x0000000000001678        0x0 /usr/lib/gcc/x86_64-linux-gnu/11/../../../x86_64-linux-gnu/Scrt1.o
 .rela.text._ZN4agge4caps4buttC2Ev
                0x0000000000001678        0x0 /usr/lib/gcc/x86_64-linux-gnu/11/../../../x86_64-linux-gnu/Scrt1.o
 .rela.text._ZN4agge4caps6squareC2Ev
                0x0000000000001678        0x0 /usr/lib/gcc/x86_64-linux-gnu/11/../../../x86_64-linux-gnu/Scrt1.o
 .rela.text._ZN4agge6stroke3capC2ERKS1_
                0x0000000000001678        0x0 /usr/lib/gcc/x86_64-linux-gnu/11/../../../x86_64-linux-gnu/Scrt1.o
 .rela.text._ZN4agge4caps5roundC2ERKS1_
                0x0000000000001678        0x0 /usr/lib/gcc/x86_64-linux-gnu/11/../../../x86_64-linux-gnu/Scrt1.o
 .rela.text._ZN4agge6stroke4joinC2ERKS1_
                0x0000000000001678        0x0 /usr/lib/gcc/x86_64-linux-gnu/11/../../../x86_64-linux-gnu/Scrt1.o
 .rela.text._ZN4agge5joins5bevelC2ERKS1_
                0x0000000000001678        0x0 /usr/lib/gcc/x86_64-linux-gnu/11/../../../x86_64-linux-gnu/Scrt1.o
 .rela.text._ZN4agge4caps4buttC2ERKS1_
                0x0000000000001678        0x0 /usr/lib/gcc/x86_64-linux-gnu/11/../../../x86_64-linux-gnu/Scrt1.o
 .rela.text._ZN4agge4caps6squareC2ERKS1_
                0x0000000000001678        0x0 /usr/lib/gcc/x86_64-linux-gnu/11/../../../x86_64-linux-gnu/Scrt1.o
 *(.rela.fini)
 *(.rela.rodata .rela.rodata.* .rela.gnu.linkonce.r.*)
 *(.rela.data .rela.data.* .rela.gnu.linkonce.d.*)
 .rela.data.rel.ro
                0x0000000000001678        0x0 /usr/lib/gcc/x86_64-linux-gnu/11/../../../x86_64-linux-gnu/Scrt1.o
 .rela.data.rel.local
                0x0000000000001678      0x6d8 /usr/lib/gcc/x86_64-linux-gnu/11/../../../x86_64-linux-gnu/Scrt1.o
 .rela.data.rel
                0x0000000000001d50      0x150 /usr/lib/gcc/x86_64-linux-gnu/11/../../../x86_64-linux-gnu/Scrt1.o
 .rela.data.rel.ro.local
                0x0000000000001ea0     0x1bc0 /usr/lib/gcc/x86_64-linux-gnu/11/../../../x86_64-linux-gnu/Scrt1.o
 .rela.data.rel.local.DW.ref.__gxx_personality_v0
                0x0000000000003a60       0x18 /usr/lib/gcc/x86_64-linux-gnu/11/../../../x86_64-linux-gnu/Scrt1.o
 .rela.data.rel.ro.local._ZTVN4agge5joins5miterE
                0x0000000000003a78       0x60 /usr/lib/gcc/x86_64-linux-gnu/11/../../../x86_64-linux-gnu/Scrt1.o
 .rela.data.rel.ro.local._ZTVN4agge5joins5roundE
                0x0000000000003ad8       0x60 /usr/lib/gcc/x86_64-linux-gnu/11/../../../x86_64-linux-gnu/Scrt1.o
 .rela.data.rel.ro.local._ZTVN4agge5joins5bevelE
                0x0000000000003b38       0x60 /usr/lib/gcc/x86_64-linux-gnu/11/../../../x86_64-linux-gnu/Scrt1.o
 .rela.data.rel.ro.local._ZTVN4agge4caps8triangleE
                0x0000000000003b98       0x60 /usr/lib/gcc/x86_64-linux-gnu/11/../../../x86_64-linux-gnu/Scrt1.o
 .rela.data.rel.ro.local._ZTVN4agge4caps5roundE
                0x0000000000003bf8       0x60 /usr/lib/gcc/x86_64-linux-gnu/11/../../../x86_64-linux-gnu/Scrt1.o
 .rela.data.rel.ro.local._ZTVN4agge4caps6squareE
                0x0000000000003c58       0x60 /usr/lib/gcc/x86_64-linux-gnu/11/../../../x86_64-linux-gnu/Scrt1.o
 .rela.data.rel.ro.local._ZTVN4agge4caps4buttE
                0x0000000000003cb8       0x60 /usr/lib/gcc/x86_64-linux-gnu/11/../../../x86_64-linux-gnu/Scrt1.o
 .rela.data.rel.ro._ZTVN4agge6stroke4joinE
                0x0000000000003d18       0x30 /usr/lib/gcc/x86_64-linux-gnu/11/../../../x86_64-linux-gnu/Scrt1.o
 .rela.data.rel.ro._ZTVN4agge6stroke3capE
                0x0000000000003d48       0x30 /usr/lib/gcc/x86_64-linux-gnu/11/../../../x86_64-linux-gnu/Scrt1.o
 .rela.data.rel.ro._ZTIN4agge5joins5miterE
                0x0000000000003d78       0x48 /usr/lib/gcc/x86_64-linux-gnu/11/../../../x86_64-linux-gnu/Scrt1.o
 .rela.data.rel.ro._ZTIN4agge5joins5roundE
                0x0000000000003dc0       0x48 /usr/lib/gcc/x86_64-linux-gnu/11/../../../x86_64-linux-gnu/Scrt1.o
 .rela.data.rel.ro._ZTIN4agge5joins5bevelE
                0x0000000000003e08       0x48 /usr/lib/gcc/x86_64-linux-gnu/11/../../../x86_64-linux-gnu/Scrt1.o
 .rela.data.rel.ro._ZTIN4agge4caps8triangleE
                0x0000000000003e50       0x48 /usr/lib/gcc/x86_64-linux-gnu/11/../../../x86_64-linux-gnu/Scrt1.o
 .rela.data.rel.ro._ZTIN4agge4caps5roundE
                0x0000000000003e98       0x48 /usr/lib/gcc/x86_64-linux-gnu/11/../../../x86_64-linux-gnu/Scrt1.o
 .rela.data.rel.ro._ZTIN4agge4caps6squareE
                0x0000000000003ee0       0x48 /usr/lib/gcc/x86_64-linux-gnu/11/../../../x86_64-linux-gnu/Scrt1.o
 .rela.data.rel.ro._ZTIN4agge4caps4buttE
                0x0000000000003f28       0x48 /usr/lib/gcc/x86_64-linux-gnu/11/../../../x86_64-linux-gnu/Scrt1.o
 .rela.data.rel.ro._ZTIN4agge6stroke4joinE
                0x0000000000003f70       0x30 /usr/lib/gcc/x86_64-linux-gnu/11/../../../x86_64-linux-gnu/Scrt1.o
 .rela.data.rel.ro._ZTIN4agge6stroke3capE
                0x0000000000003fa0       0x30 /usr/lib/gcc/x86_64-linux-gnu/11/../../../x86_64-linux-gnu/Scrt1.o
 *(.rela.tdata .rela.tdata.* .rela.gnu.linkonce.td.*)
 *(.rela.tbss .rela.tbss.* .rela.gnu.linkonce.tb.*)
 *(.rela.ctors)
 *(.rela.dtors)
 *(.rela.got)
 .rela.got      0x0000000000003fd0       0xc0 /usr/lib/gcc/x86_64-linux-gnu/11/../../../x86_64-linux-gnu/Scrt1.o
 *(.rela.bss .rela.bss.* .rela.gnu.linkonce.b.*)
 .rela.bss      0x0000000000004090       0x18 /usr/lib/gcc/x86_64-linux-gnu/11/../../../x86_64-linux-gnu/Scrt1.o
 *(.rela.ldata .rela.ldata.* .rela.gnu.linkonce.l.*)
 *(.rela.lbss .rela.lbss.* .rela.gnu.linkonce.lb.*)
 *(.rela.lrodata .rela.lrodata.* .rela.gnu.linkonce.lr.*)
 *(.rela.ifunc)
 .rela.ifunc    0x00000000000040a8        0x0 /usr/lib/gcc/x86_64-linux-gnu/11/../../../x86_64-linux-gnu/Scrt1.o
 .rela.fini_array
                0x00000000000040a8       0x18 /usr/lib/gcc/x86_64-linux-gnu/11/../../../x86_64-linux-gnu/Scrt1.o
 .rela.init_array
                0x00000000000040c0       0x30 /usr/lib/gcc/x86_64-linux-gnu/11/../../../x86_64-linux-gnu/Scrt1.o
 .rela.eh_frame
                0x00000000000040f0        0x0 /usr/lib/gcc/x86_64-linux-gnu/11/../../../x86_64-linux-gnu/Scrt1.o
 .relashellCommand
                0x00000000000040f0      0x4b0 /usr/lib/gcc/x86_64-linux-gnu/11/../../../x86_64-linux-gnu/Scrt1.o
 .rela.honeygui$init6
                0x00000000000045a0       0x18 /usr/lib/gcc/x86_64-linux-gnu/11/../../../x86_64-linux-gnu/Scrt1.o
 .rela.honeygui$init7
                0x00000000000045b8       0x18 /usr/lib/gcc/x86_64-linux-gnu/11/../../../x86_64-linux-gnu/Scrt1.o

.rela.plt       0x00000000000045d0      0x960
 *(.rela.plt)
 .rela.plt      0x00000000000045d0      0x960 /usr/lib/gcc/x86_64-linux-gnu/11/../../../x86_64-linux-gnu/Scrt1.o
 *(.rela.iplt)

.relr.dyn
 *(.relr.dyn)
                0x0000000000005000                . = ALIGN (CONSTANT (MAXPAGESIZE))

.init           0x0000000000005000       0x1b
 *(SORT_NONE(.init))
 .init          0x0000000000005000       0x16 /usr/lib/gcc/x86_64-linux-gnu/11/../../../x86_64-linux-gnu/crti.o
                0x0000000000005000                _init
 .init          0x0000000000005016        0x5 /usr/lib/gcc/x86_64-linux-gnu/11/../../../x86_64-linux-gnu/crtn.o

.plt            0x0000000000005020      0x650
 *(.plt)
 .plt           0x0000000000005020      0x650 /usr/lib/gcc/x86_64-linux-gnu/11/../../../x86_64-linux-gnu/Scrt1.o
 *(.iplt)

.plt.got        0x0000000000005670       0x40
 *(.plt.got)
 .plt.got       0x0000000000005670       0x40 /usr/lib/gcc/x86_64-linux-gnu/11/../../../x86_64-linux-gnu/Scrt1.o
                0x0000000000005670                realloc@@GLIBC_2.2.5
                0x0000000000005680                free@@GLIBC_2.2.5
                0x0000000000005690                __cxa_finalize@@GLIBC_2.2.5
                0x00000000000056a0                malloc@@GLIBC_2.2.5

.plt.sec        0x00000000000056b0      0x640
 *(.plt.sec)
 .plt.sec       0x00000000000056b0      0x640 /usr/lib/gcc/x86_64-linux-gnu/11/../../../x86_64-linux-gnu/Scrt1.o
                0x00000000000056b0                feof@@GLIBC_2.2.5
                0x00000000000056c0                sinf@@GLIBC_2.2.5
                0x00000000000056d0                printf@@GLIBC_2.2.5
                0x00000000000056e0                memcpy@@GLIBC_2.14
                0x00000000000056f0                __isoc99_sscanf@@GLIBC_2.7
                0x0000000000005700                pthread_mutex_destroy@@GLIBC_2.2.5
                0x0000000000005710                floor@@GLIBC_2.2.5
                0x0000000000005720                __ctype_b_loc@@GLIBC_2.3
                0x0000000000005730                exp@@GLIBC_2.29
                0x0000000000005740                fmaxf@@GLIBC_2.2.5
                0x0000000000005750                strncpy@@GLIBC_2.2.5
                0x0000000000005760                operator new(unsigned long)@@GLIBCXX_3.4
                0x0000000000005770                memmove@@GLIBC_2.2.5
                0x0000000000005780                __assert_fail@@GLIBC_2.2.5
                0x0000000000005790                fprintf@@GLIBC_2.2.5
                0x00000000000057a0                strncmp@@GLIBC_2.2.5
                0x00000000000057b0                pthread_mutex_unlock@@GLIBC_2.2.5
                0x00000000000057c0                ungetc@@GLIBC_2.2.5
                0x00000000000057d0                ftell@@GLIBC_2.2.5
                0x00000000000057e0                pthread_mutex_lock@@GLIBC_2.2.5
                0x00000000000057f0                __stack_chk_fail@@GLIBC_2.4
                0x0000000000005800                pthread_cond_destroy@@GLIBC_2.3.2
                0x0000000000005810                atan2f@@GLIBC_2.2.5
                0x0000000000005820                pthread_join@@GLIBC_2.34
                0x0000000000005830                memset@@GLIBC_2.2.5
                0x0000000000005840                SDL_Quit
                0x0000000000005850                pow@@GLIBC_2.29
                0x0000000000005860                operator delete[](void*)@@GLIBCXX_3.4
                0x0000000000005870                roundf@@GLIBC_2.2.5
                0x0000000000005880                ceilf@@GLIBC_2.2.5
                0x0000000000005890                pthread_mutex_init@@GLIBC_2.2.5
                0x00000000000058a0                strlen@@GLIBC_2.2.5
                0x00000000000058b0                strcpy@@GLIBC_2.2.5
                0x00000000000058c0                SDL_CreateWindow
                0x00000000000058d0                pthread_cond_init@@GLIBC_2.3.2
                0x00000000000058e0                fclose@@GLIBC_2.2.5
                0x00000000000058f0                open@@GLIBC_2.2.5
                0x0000000000005900                SDL_CreateRGBSurfaceWithFormat
                0x0000000000005910                operator new[](unsigned long)@@GLIBCXX_3.4
                0x0000000000005920                strstr@@GLIBC_2.2.5
                0x0000000000005930                sqrt@@GLIBC_2.2.5
                0x0000000000005940                gettimeofday@@GLIBC_2.2.5
                0x0000000000005950                SDL_GetWindowSurface
                0x0000000000005960                snprintf@@GLIBC_2.2.5
                0x0000000000005970                pthread_cond_wait@@GLIBC_2.3.2
                0x0000000000005980                strchr@@GLIBC_2.2.5
                0x0000000000005990                fread@@GLIBC_2.2.5
                0x00000000000059a0                operator delete(void*)@@GLIBCXX_3.4
                0x00000000000059b0                strspn@@GLIBC_2.2.5
                0x00000000000059c0                closedir@@GLIBC_2.2.5
                0x00000000000059d0                acosf@@GLIBC_2.2.5
                0x00000000000059e0                opendir@@GLIBC_2.2.5
                0x00000000000059f0                fgetc@@GLIBC_2.2.5
                0x0000000000005a00                _Unwind_Resume@@GCC_3.0
                0x0000000000005a10                strcat@@GLIBC_2.2.5
                0x0000000000005a20                vsnprintf@@GLIBC_2.2.5
                0x0000000000005a30                cosf@@GLIBC_2.2.5
                0x0000000000005a40                pthread_cond_signal@@GLIBC_2.3.2
                0x0000000000005a50                SDL_GetKeyName
                0x0000000000005a60                time@@GLIBC_2.2.5
                0x0000000000005a70                strcspn@@GLIBC_2.2.5
                0x0000000000005a80                ferror@@GLIBC_2.2.5
                0x0000000000005a90                readdir@@GLIBC_2.2.5
                0x0000000000005aa0                floorf@@GLIBC_2.2.5
                0x0000000000005ab0                tanf@@GLIBC_2.2.5
                0x0000000000005ac0                SDL_PushEvent
                0x0000000000005ad0                pthread_cond_timedwait@@GLIBC_2.3.2
                0x0000000000005ae0                SDL_UpperBlit
                0x0000000000005af0                __cxa_throw_bad_array_new_length@@CXXABI_1.3.8
                0x0000000000005b00                SDL_WaitEventTimeout
                0x0000000000005b10                strcmp@@GLIBC_2.2.5
                0x0000000000005b20                powf@@GLIBC_2.27
                0x0000000000005b30                tolower@@GLIBC_2.2.5
                0x0000000000005b40                strtol@@GLIBC_2.2.5
                0x0000000000005b50                pthread_setname_np@@GLIBC_2.34
                0x0000000000005b60                fmod@@GLIBC_2.2.5
                0x0000000000005b70                fstat@@GLIBC_2.33
                0x0000000000005b80                round@@GLIBC_2.2.5
                0x0000000000005b90                SDL_memset
                0x0000000000005ba0                sqrtf@@GLIBC_2.2.5
                0x0000000000005bb0                fminf@@GLIBC_2.2.5
                0x0000000000005bc0                ctime@@GLIBC_2.2.5
                0x0000000000005bd0                sprintf@@GLIBC_2.2.5
                0x0000000000005be0                SDL_GetError
                0x0000000000005bf0                pthread_cancel@@GLIBC_2.34
                0x0000000000005c00                usleep@@GLIBC_2.2.5
                0x0000000000005c10                ceil@@GLIBC_2.2.5
                0x0000000000005c20                fwrite@@GLIBC_2.2.5
                0x0000000000005c30                memcmp@@GLIBC_2.2.5
                0x0000000000005c40                sleep@@GLIBC_2.2.5
                0x0000000000005c50                pthread_create@@GLIBC_2.34
                0x0000000000005c60                SDL_UpdateWindowSurface
                0x0000000000005c70                atanf@@GLIBC_2.2.5
                0x0000000000005c80                fseek@@GLIBC_2.2.5
                0x0000000000005c90                SDL_LogSetPriority
                0x0000000000005ca0                fopen@@GLIBC_2.2.5
                0x0000000000005cb0                SDL_LogError
                0x0000000000005cc0                SDL_Init
                0x0000000000005cd0                fmodf@@GLIBC_2.2.5
                0x0000000000005ce0                strtod@@GLIBC_2.2.5

.text           0x0000000000005cf0    0xf9d24
 *(.text.unlikely .text.*_unlikely .text.unlikely.*)
 *(.text.exit .text.exit.*)
 *(.text.startup .text.startup.*)
 *(.text.hot .text.hot.*)
 *(SORT_BY_NAME(.text.sorted.*))
 *(.text .stub .text.* .gnu.linkonce.t.*)
 .text          0x0000000000005cf0       0x26 /usr/lib/gcc/x86_64-linux-gnu/11/../../../x86_64-linux-gnu/Scrt1.o
                0x0000000000005cf0                _start
 .text          0x0000000000005d16        0x0 /usr/lib/gcc/x86_64-linux-gnu/11/../../../x86_64-linux-gnu/crti.o
 *fill*         0x0000000000005d16        0xa 
 .text          0x0000000000005d20       0xb9 /usr/lib/gcc/x86_64-linux-gnu/11/crtbeginS.o
 .text          0x0000000000005dd9       0x9b build/main.o
                0x0000000000005dd9                main
 .text          0x0000000000005e74       0x32 build/port/realgui_port/gui_port_acc.o
                0x0000000000005e74                gui_port_acc_init
 .text          0x0000000000005ea6      0x118 build/port/realgui_port/gui_port_dc.o
                0x0000000000005ea6                port_gui_lcd_update
                0x0000000000005f3c                gui_port_dc_init
 .text          0x0000000000005fbe      0x353 build/port/realgui_port/gui_port_filesystem.o
                0x0000000000006201                port_fstat
                0x00000000000062f7                gui_port_fs_init
 .text          0x0000000000006311       0x99 build/port/realgui_port/gui_port_ftl.o
                0x0000000000006311                port_ftl_read
                0x0000000000006346                port_ftl_write
                0x000000000000637b                port_ftl_erase
                0x0000000000006390                gui_port_ftl_init
 .text          0x00000000000063aa       0x63 build/port/realgui_port/gui_port_indev.o
                0x00000000000063aa                port_touchpad_get_data
                0x00000000000063c6                port_kb_get_data
                0x00000000000063d7                port_wheel_get_data
                0x00000000000063f3                gui_port_indev_init
 .text          0x000000000000640d      0x761 build/port/realgui_port/gui_port_os.o
                0x0000000000006acb                gui_port_os_init
 .text          0x0000000000006b6e      0x22c build/port/realgui_port/gui_queue.o
                0x0000000000006b6e                BuyQueueNode
                0x0000000000006bb5                QueueInit
                0x0000000000006bdb                QueuePush
                0x0000000000006c4c                QueuePop
                0x0000000000006c95                QueueFront
                0x0000000000006ccd                QueueBack
                0x0000000000006d06                QueueEmpty
                0x0000000000006d24                QueueSize
                0x0000000000006d5f                QueueDestroy
 .text          0x0000000000006d9a      0x7e3 build/port/realgui_port/sdl_driver.o
                0x0000000000006d9a                sdl_driver_update_window
                0x0000000000007098                sdl_driver_thread
                0x00000000000074c3                sdl_driver_init
 .text          0x000000000000757d      0x2b7 /home/wh/.HoneyGUI-SDK/realgui/input/kb_algo.o
                0x00000000000076db                kb_algo_process
                0x0000000000007823                kb_get_info
 .text          0x0000000000007834      0xea1 /home/wh/.HoneyGUI-SDK/realgui/input/tp_algo.o
                0x0000000000008575                tp_algo_process
                0x00000000000086c4                tp_get_info
 .text          0x00000000000086d5      0x26e /home/wh/.HoneyGUI-SDK/realgui/input/wheel_algo.o
                0x00000000000086d5                wheel_algo_process
                0x0000000000008932                wheel_get_info
 .text          0x0000000000008943       0x2b /home/wh/.HoneyGUI-SDK/realgui/server/gui_api_acc.o
                0x0000000000008943                gui_acc_info_register
                0x000000000000895d                gui_get_acc
 .text          0x000000000000896e      0xc31 /home/wh/.HoneyGUI-SDK/realgui/server/gui_api_color.o
                0x0000000000008c20                gui_rgba
                0x0000000000008c5b                gui_rgb
                0x0000000000008c92                gui_color_css
                0x00000000000092fc                gui_memset8
                0x000000000000932c                gui_memset16
                0x000000000000936f                gui_memset32
                0x00000000000093b1                gui_fb_clear
 .text          0x000000000000959f      0x26a /home/wh/.HoneyGUI-SDK/realgui/server/gui_api_dc.o
                0x000000000000959f                gui_dc_info_register
                0x00000000000096e9                gui_get_dc
                0x00000000000096fa                gui_get_screen_width
                0x0000000000009711                gui_get_screen_height
                0x0000000000009729                gui_flash_boost
                0x0000000000009757                gui_flash_boost_disable
                0x0000000000009785                gui_display_on
                0x00000000000097c7                gui_display_off
 .text          0x0000000000009809      0x90d /home/wh/.HoneyGUI-SDK/realgui/server/gui_api_fs.o
                0x0000000000009809                gui_change_default_path
                0x000000000000990f                gui_fs_info_register
                0x0000000000009929                gui_fs_open
                0x00000000000099b2                gui_fs_close
                0x0000000000009a2d                gui_fs_read
                0x0000000000009abc                gui_fs_write
                0x0000000000009b4b                gui_fs_lseek
                0x0000000000009bd5                gui_fs_ioctl
                0x0000000000009c5d                gui_fs_closedir
                0x0000000000009cdb                gui_fs_opendir
                0x0000000000009d59                gui_fs_readdir
                0x0000000000009dd7                gui_fs_fstat
                0x0000000000009e5e                gui_strdup
                0x0000000000009ebd                gui_filepath_transforming
                0x0000000000009f8e                gui_get_path_by_relative
                0x000000000000a00b                gui_get_file_address
 .text          0x000000000000a116       0xf6 /home/wh/.HoneyGUI-SDK/realgui/server/gui_api_ftl.o
                0x000000000000a116                gui_ftl_info_register
                0x000000000000a130                gui_ftl_read
                0x000000000000a17d                gui_ftl_write
                0x000000000000a1cc                gui_ftl_erase
 .text          0x000000000000a20c      0x146 /home/wh/.HoneyGUI-SDK/realgui/server/gui_api_indev.o
                0x000000000000a20c                gui_indev_info_register
                0x000000000000a226                gui_get_indev
                0x000000000000a237                ext_button_set_indicate
                0x000000000000a26e                touchpad_get_data
                0x000000000000a2ba                kb_get_data
                0x000000000000a306                wheel_get_data
 .text          0x000000000000a352      0xef5 /home/wh/.HoneyGUI-SDK/realgui/server/gui_api_os.o
                0x000000000000a3fe                gui_os_api_register
                0x000000000000a4aa                gui_thread_create
                0x000000000000a50b                gui_thread_delete
                0x000000000000a548                gui_thread_suspend
                0x000000000000a585                gui_thread_resume
                0x000000000000a5c2                gui_thread_mdelay
                0x000000000000a5fc                gui_set_tick_hook
                0x000000000000a61d                gui_mq_create
                0x000000000000a66f                gui_mq_send
                0x000000000000a6c1                gui_mq_send_urgent
                0x000000000000a713                gui_mq_recv
                0x000000000000a765                gui_malloc
                0x000000000000a846                gui_calloc
                0x000000000000a994                gui_realloc
                0x000000000000ab17                gui_free
                0x000000000000ac4c                gui_mem_debug
                0x000000000000aceb                gui_mem_used
                0x000000000000ad5d                gui_lower_malloc
                0x000000000000ade4                gui_lower_realloc
                0x000000000000ae73                gui_lower_free
                0x000000000000aec6                gui_lower_mem_debug
                0x000000000000af1c                gui_low_mem_used
                0x000000000000af8e                gui_sleep_cb
                0x000000000000afb6                gui_log
                0x000000000000b0c2                gui_log_hexdump
                0x000000000000b16e                gui_assert_handler
                0x000000000000b1eb                gui_ms_get
                0x000000000000b219                gui_us_get
 .text          0x000000000000b247       0x57 /home/wh/.HoneyGUI-SDK/realgui/server/gui_components_init.o
                0x000000000000b247                gui_components_init
 .text          0x000000000000b29e      0x26f /home/wh/.HoneyGUI-SDK/realgui/server/gui_message.o
                0x000000000000b29e                gui_set_keep_active_time
                0x000000000000b2b5                gui_server_msg_init
                0x000000000000b2e3                gui_recv_msg_to_server
                0x000000000000b38f                gui_send_msg_to_server
                0x000000000000b406                gui_server_exec_cb
                0x000000000000b46e                gui_server_msg_handler
 .text          0x000000000000b50d       0x11 /home/wh/.HoneyGUI-SDK/realgui/server/gui_pm.o
                0x000000000000b50d                gui_server_dlps_check
 .text          0x000000000000b51e      0x1ee /home/wh/.HoneyGUI-SDK/realgui/server/gui_server.o
                0x000000000000b51e                gui_task_ext_execution_sethook
                0x000000000000b61d                gui_server_init
 .text          0x000000000000b70c     0x5363 /home/wh/.HoneyGUI-SDK/realgui/3rd/cJSON/cJSON.o
                0x000000000000b70c                cJSON_GetErrorPtr
                0x000000000000b727                cJSON_GetStringValue
                0x000000000000b758                cJSON_GetNumberValue
                0x000000000000b797                cJSON_Version
                0x000000000000b90a                cJSON_InitHooks
                0x000000000000ba24                cJSON_Delete
                0x000000000000bd4b                cJSON_SetNumberHelper
                0x000000000000bdc7                cJSON_SetValuestring
                0x000000000000cfe9                cJSON_ParseWithOpts
                0x000000000000d03b                cJSON_ParseWithLengthOpts
                0x000000000000d24f                cJSON_Parse
                0x000000000000d277                cJSON_ParseWithLength
                0x000000000000d47d                cJSON_Print
                0x000000000000d4a7                cJSON_PrintUnformatted
                0x000000000000d4d1                cJSON_PrintBuffered
                0x000000000000d5fa                cJSON_PrintPreallocated
                0x000000000000e842                cJSON_GetArraySize
                0x000000000000e8ef                cJSON_GetArrayItem
                0x000000000000e9fb                cJSON_GetObjectItem
                0x000000000000ea29                cJSON_GetObjectItemCaseSensitive
                0x000000000000ea57                cJSON_HasObjectItem
                0x000000000000ec01                cJSON_AddItemToArray
                0x000000000000ed48                cJSON_AddItemToObject
                0x000000000000ed83                cJSON_AddItemToObjectCS
                0x000000000000edbe                cJSON_AddItemReferenceToArray
                0x000000000000ee0a                cJSON_AddItemReferenceToObject
                0x000000000000ee75                cJSON_AddNullToObject
                0x000000000000eed0                cJSON_AddTrueToObject
                0x000000000000ef2b                cJSON_AddFalseToObject
                0x000000000000ef86                cJSON_AddBoolToObject
                0x000000000000efe9                cJSON_AddNumberToObject
                0x000000000000f052                cJSON_AddStringToObject
                0x000000000000f0b8                cJSON_AddRawToObject
                0x000000000000f11e                cJSON_AddObjectToObject
                0x000000000000f179                cJSON_AddArrayToObject
                0x000000000000f1d4                cJSON_DetachItemViaPointer
                0x000000000000f297                cJSON_DetachItemFromArray
                0x000000000000f2e0                cJSON_DeleteItemFromArray
                0x000000000000f30f                cJSON_DetachItemFromObject
                0x000000000000f34f                cJSON_DetachItemFromObjectCaseSensitive
                0x000000000000f38f                cJSON_DeleteItemFromObject
                0x000000000000f3c1                cJSON_DeleteItemFromObjectCaseSensitive
                0x000000000000f3f3                cJSON_InsertItemInArray
                0x000000000000f4d9                cJSON_ReplaceItemViaPointer
                0x000000000000f60d                cJSON_ReplaceItemInArray
                0x000000000000f731                cJSON_ReplaceItemInObject
                0x000000000000f764                cJSON_ReplaceItemInObjectCaseSensitive
                0x000000000000f797                cJSON_CreateNull
                0x000000000000f7ce                cJSON_CreateTrue
                0x000000000000f805                cJSON_CreateFalse
                0x000000000000f83c                cJSON_CreateBool
                0x000000000000f884                cJSON_CreateNumber
                0x000000000000f916                cJSON_CreateString
                0x000000000000f98f                cJSON_CreateStringReference
                0x000000000000f9de                cJSON_CreateObjectReference
                0x000000000000fa2d                cJSON_CreateArrayReference
                0x000000000000fa7c                cJSON_CreateRaw
                0x000000000000faf5                cJSON_CreateArray
                0x000000000000fb2c                cJSON_CreateObject
                0x000000000000fb63                cJSON_CreateIntArray
                0x000000000000fc7f                cJSON_CreateFloatArray
                0x000000000000fda0                cJSON_CreateDoubleArray
                0x000000000000feb0                cJSON_CreateStringArray
                0x000000000000ffbe                cJSON_Duplicate
                0x00000000000103d1                cJSON_Minify
                0x0000000000010505                cJSON_IsInvalid
                0x0000000000010533                cJSON_IsFalse
                0x0000000000010562                cJSON_IsTrue
                0x0000000000010591                cJSON_IsBool
                0x00000000000105bf                cJSON_IsNull
                0x00000000000105ee                cJSON_IsNumber
                0x000000000001061d                cJSON_IsString
                0x000000000001064c                cJSON_IsArray
                0x000000000001067b                cJSON_IsObject
                0x00000000000106aa                cJSON_IsRaw
                0x00000000000106db                cJSON_Compare
                0x0000000000010a2a                cJSON_malloc
                0x0000000000010a4c                cJSON_free
 .text          0x0000000000010a6f       0xcc /home/wh/.HoneyGUI-SDK/realgui/3rd/nanovg/base/nanovg_port.o
                0x0000000000010a6f                nanovg_port_malloc
                0x0000000000010a8d                nanovg_port_realloc
                0x0000000000010ab6                nanovg_port_free
                0x0000000000010ad5                nanovg_realloc
                0x0000000000010afe                nanovg_malloc
                0x0000000000010b1c                nanovg_free
 .text          0x0000000000010b3b     0x7f34 /home/wh/.HoneyGUI-SDK/realgui/3rd/nanovg/base/nanovg.o
                0x0000000000010b3b                nvg__sqrtf
                0x0000000000010b5a                nvg__modf
                0x0000000000010b86                nvg__sinf
                0x0000000000010ba5                nvg__cosf
                0x0000000000010bc4                nvg__tanf
                0x0000000000010be3                nvg__atan2f
                0x0000000000010c0f                nvg__acosf
                0x000000000001119c                nvgCreateInternal
                0x0000000000011352                nvgInternalParams
                0x0000000000011364                nvgDeleteInternal
                0x00000000000113ed                nvgBeginFrame
                0x00000000000114ab                nvgCancelFrame
                0x00000000000114d2                nvgEndFrame
                0x00000000000116af                nvgRGB
                0x000000000001170c                nvgRGBf
                0x0000000000011773                nvgRGBA
                0x0000000000011847                nvgRGBAf
                0x00000000000118d1                nvgTransRGBA
                0x0000000000011933                nvgTransRGBAf
                0x0000000000011982                nvgLerpRGBA
                0x0000000000011a92                nvgHSL
                0x0000000000011be3                nvgHSLA
                0x0000000000011e09                nvgTransformIdentity
                0x0000000000011eb0                nvgTransformTranslate
                0x0000000000011f63                nvgTransformScale
                0x000000000001200e                nvgTransformRotate
                0x00000000000120eb                nvgTransformSkewX
                0x00000000000121aa                nvgTransformSkewY
                0x0000000000012269                nvgTransformMultiply
                0x0000000000012644                nvgTransformPremultiply
                0x00000000000126c1                nvgTransformInverse
                0x0000000000012875                nvgTransformPoint
                0x000000000001295c                nvgDegToRad
                0x000000000001298b                nvgRadToDeg
                0x0000000000012a4b                nvgSave
                0x0000000000012afe                nvgRestore
                0x0000000000012b35                nvgReset
                0x0000000000012d1d                nvgShapeAntiAlias
                0x0000000000012d4d                nvgStrokeWidth
                0x0000000000012d86                nvgMiterLimit
                0x0000000000012dbf                nvgLineCap
                0x0000000000012e18                nvgLineJoin
                0x0000000000012e4b                nvgGlobalAlpha
                0x0000000000012e84                nvgTransformxyz
                0x0000000000012f66                nvgTransform
                0x000000000001303f                nvgResetTransform
                0x0000000000013074                nvgTranslate
                0x00000000000130f9                nvgRotate
                0x0000000000013171                nvgSkewX
                0x00000000000131e9                nvgSkewY
                0x0000000000013261                nvgScale
                0x00000000000132e6                nvgCurrentTransform
                0x0000000000013335                nvgStrokeColor
                0x0000000000013390                nvgStrokePaint
                0x000000000001344a                nvgFillColor
                0x00000000000134a5                nvgFillPaint
                0x0000000000013547                nvgCreateImage
                0x0000000000013561                nvgCreateImageMem
                0x000000000001357e                nvgCreateImageRGBA
                0x00000000000135ca                nvgUpdateImage
                0x0000000000013660                nvgImageSize
                0x000000000001369e                nvgDeleteImage
                0x00000000000136cd                nvgLinearGradient
                0x00000000000139ab                nvgRadialGradient
                0x0000000000013bb5                nvgBoxGradient
                0x0000000000013da0                nvgImagePattern
                0x0000000000013f2c                nvgScissor
                0x000000000001418d                nvgIntersectScissor
                0x00000000000143fa                nvgResetScissor
                0x0000000000014461                nvgGlobalCompositeOperation
                0x00000000000144a1                nvgGlobalCompositeBlendFunc
                0x00000000000144d5                nvgGlobalCompositeBlendFuncSeparate
                0x0000000000016767                nvgBeginPath
                0x0000000000016794                nvgMoveTo
                0x0000000000016809                nvgLineTo
                0x0000000000016882                nvgBezierTo
                0x0000000000016937                nvgQuadTo
                0x0000000000016a68                nvgArcTo
                0x0000000000016eab                nvgClosePath
                0x0000000000016f06                nvgPathWinding
                0x0000000000016f72                nvgArc
                0x00000000000175a1                nvgRect
                0x00000000000176a4                nvgRoundedRect
                0x000000000001771b                nvgRoundedRectVarying
                0x0000000000017e65                nvgEllipse
                0x000000000001819f                nvgCircle
                0x00000000000181ec                nvgFill
                0x00000000000184c9                nvgStroke
                0x00000000000188de                nvgFontSize
                0x0000000000018917                nvgFontBlur
                0x000000000001892b                nvgTextLetterSpacing
                0x000000000001893f                nvgTextLineHeight
                0x0000000000018953                nvgTextAlign
                0x0000000000018965                nvgFontFaceId
                0x0000000000018977                nvgFontFace
                0x000000000001898a                nvgCreateFontMem
                0x00000000000189ac                nvgFindFont
                0x00000000000189c3                nvgText
                0x00000000000189e7                nvgTextBounds
                0x0000000000018a0f                nvgGetParams
                0x0000000000018a21                nvgCreateImageRaw
 .text          0x0000000000018a6f       0xd4 /home/wh/.HoneyGUI-SDK/realgui/3rd/nanovg/agge/math.o
                0x0000000000018a6f                agge::sqrt(float)
                0x0000000000018a8e                agge::sqrt(double)
                0x0000000000018ab9                agge::sin(float)
                0x0000000000018ad8                agge::cos(float)
 *fill*         0x0000000000018b43        0x1 
 .text._ZN4agge6limitsIfE10resolutionEv
                0x0000000000018b44       0x12 /home/wh/.HoneyGUI-SDK/realgui/3rd/nanovg/agge/math.o
                0x0000000000018b44                agge::limits<float>::resolution()
 .text          0x0000000000018b56      0x7c0 /home/wh/.HoneyGUI-SDK/realgui/3rd/nanovg/agge/stroke.o
                0x0000000000018b56                agge::stroke::stroke()
                0x0000000000018b56                agge::stroke::stroke()
                0x0000000000018bf6                agge::stroke::~stroke()
                0x0000000000018bf6                agge::stroke::~stroke()
                0x0000000000018c5e                agge::stroke::remove_all()
                0x0000000000018c88                agge::stroke::close_polygon()
                0x0000000000018cce                agge::stroke::add_vertex(float, float, int)
                0x0000000000018d0e                agge::stroke::vertex(float*, float*)
                0x000000000001920e                agge::stroke::width(float)
                0x000000000001923c                agge::stroke::prepare()
                0x00000000000192ee                agge::stroke::set_state(int)
 .text._ZN4agge11noncopyableC2Ev
                0x0000000000019316        0xf /home/wh/.HoneyGUI-SDK/realgui/3rd/nanovg/agge/stroke.o
                0x0000000000019316                agge::noncopyable::noncopyable()
                0x0000000000019316                agge::noncopyable::noncopyable()
 .text._ZN4agge8distanceEffff
                0x0000000000019325       0x66 /home/wh/.HoneyGUI-SDK/realgui/3rd/nanovg/agge/stroke.o
                0x0000000000019325                agge::distance(float, float, float, float)
 .text._ZN4agge8distanceERKNS_5pointIfEES3_
                0x000000000001938b       0x48 /home/wh/.HoneyGUI-SDK/realgui/3rd/nanovg/agge/stroke.o
                0x000000000001938b                agge::distance(agge::point<float> const&, agge::point<float> const&)
 *fill*         0x00000000000193d3        0x1 
 .text._ZN4agge15vertex_sequence7move_toEff
                0x00000000000193d4       0x76 /home/wh/.HoneyGUI-SDK/realgui/3rd/nanovg/agge/stroke.o
                0x00000000000193d4                agge::vertex_sequence::move_to(float, float)
 .text._ZN4agge15vertex_sequence7line_toEff
                0x000000000001944a       0xc6 /home/wh/.HoneyGUI-SDK/realgui/3rd/nanovg/agge/stroke.o
                0x000000000001944a                agge::vertex_sequence::line_to(float, float)
 .text._ZN4agge15vertex_sequence13close_polygonEv
                0x0000000000019510       0x78 /home/wh/.HoneyGUI-SDK/realgui/3rd/nanovg/agge/stroke.o
                0x0000000000019510                agge::vertex_sequence::close_polygon()
 .text._ZN4agge15vertex_sequence12set_distanceERNS_6vertexERKNS_5pointIfEE
                0x0000000000019588       0x4b /home/wh/.HoneyGUI-SDK/realgui/3rd/nanovg/agge/stroke.o
                0x0000000000019588                agge::vertex_sequence::set_distance(agge::vertex&, agge::point<float> const&)
 .text._ZN4agge8is_closeEi
                0x00000000000195d3       0x18 /home/wh/.HoneyGUI-SDK/realgui/3rd/nanovg/agge/stroke.o
                0x00000000000195d3                agge::is_close(int)
 *fill*         0x00000000000195eb        0x1 
 .text._ZN4agge15vertex_sequenceC2Ev
                0x00000000000195ec       0x24 /home/wh/.HoneyGUI-SDK/realgui/3rd/nanovg/agge/stroke.o
                0x00000000000195ec                agge::vertex_sequence::vertex_sequence()
                0x00000000000195ec                agge::vertex_sequence::vertex_sequence()
 .text._ZN4agge15vertex_sequenceD2Ev
                0x0000000000019610       0x1f /home/wh/.HoneyGUI-SDK/realgui/3rd/nanovg/agge/stroke.o
                0x0000000000019610                agge::vertex_sequence::~vertex_sequence()
                0x0000000000019610                agge::vertex_sequence::~vertex_sequence()
 *fill*         0x000000000001962f        0x1 
 .text._ZN4agge10pod_vectorINS_6vertexEE9push_backERKS1_
                0x0000000000019630       0x68 /home/wh/.HoneyGUI-SDK/realgui/3rd/nanovg/agge/stroke.o
                0x0000000000019630                agge::pod_vector<agge::vertex>::push_back(agge::vertex const&)
 .text._ZNK4agge10pod_vectorINS_6vertexEE5emptyEv
                0x0000000000019698       0x23 /home/wh/.HoneyGUI-SDK/realgui/3rd/nanovg/agge/stroke.o
                0x0000000000019698                agge::pod_vector<agge::vertex>::empty() const
 *fill*         0x00000000000196bb        0x1 
 .text._ZN4agge10pod_vectorINS_6vertexEE3endEv
                0x00000000000196bc       0x16 /home/wh/.HoneyGUI-SDK/realgui/3rd/nanovg/agge/stroke.o
                0x00000000000196bc                agge::pod_vector<agge::vertex>::end()
 .text._ZN4agge10pod_vectorINS_6vertexEE5beginEv
                0x00000000000196d2       0x15 /home/wh/.HoneyGUI-SDK/realgui/3rd/nanovg/agge/stroke.o
                0x00000000000196d2                agge::pod_vector<agge::vertex>::begin()
 *fill*         0x00000000000196e7        0x1 
 .text._ZN4agge10pod_vectorINS_6vertexEE8pop_backEv
                0x00000000000196e8       0x23 /home/wh/.HoneyGUI-SDK/realgui/3rd/nanovg/agge/stroke.o
                0x00000000000196e8                agge::pod_vector<agge::vertex>::pop_back()
 *fill*         0x000000000001970b        0x1 
 .text._ZN4agge10pod_vectorINS_5pointIfEEE3endEv
                0x000000000001970c       0x16 /home/wh/.HoneyGUI-SDK/realgui/3rd/nanovg/agge/stroke.o
                0x000000000001970c                agge::pod_vector<agge::point<float> >::end()
 .text._ZN4agge10pod_vectorINS_6vertexEEC2Ej
                0x0000000000019722       0x4a /home/wh/.HoneyGUI-SDK/realgui/3rd/nanovg/agge/stroke.o
                0x0000000000019722                agge::pod_vector<agge::vertex>::pod_vector(unsigned int)
                0x0000000000019722                agge::pod_vector<agge::vertex>::pod_vector(unsigned int)
 .text._ZN4agge10pod_vectorINS_6vertexEED2Ev
                0x000000000001976c       0x2e /home/wh/.HoneyGUI-SDK/realgui/3rd/nanovg/agge/stroke.o
                0x000000000001976c                agge::pod_vector<agge::vertex>::~pod_vector()
                0x000000000001976c                agge::pod_vector<agge::vertex>::~pod_vector()
 .text._ZN4agge10pod_vectorINS_5pointIfEEEC2Ej
                0x000000000001979a       0x4a /home/wh/.HoneyGUI-SDK/realgui/3rd/nanovg/agge/stroke.o
                0x000000000001979a                agge::pod_vector<agge::point<float> >::pod_vector(unsigned int)
                0x000000000001979a                agge::pod_vector<agge::point<float> >::pod_vector(unsigned int)
 .text._ZN4agge10pod_vectorINS_5pointIfEEED2Ev
                0x00000000000197e4       0x2e /home/wh/.HoneyGUI-SDK/realgui/3rd/nanovg/agge/stroke.o
                0x00000000000197e4                agge::pod_vector<agge::point<float> >::~pod_vector()
                0x00000000000197e4                agge::pod_vector<agge::point<float> >::~pod_vector()
 .text._ZN4agge10pod_vectorINS_6vertexEE5clearEv
                0x0000000000019812       0x1e /home/wh/.HoneyGUI-SDK/realgui/3rd/nanovg/agge/stroke.o
                0x0000000000019812                agge::pod_vector<agge::vertex>::clear()
 .text._ZN4agge19add_polyline_vertexINS_6strokeEEEvRT_ffi
                0x0000000000019830       0x88 /home/wh/.HoneyGUI-SDK/realgui/3rd/nanovg/agge/stroke.o
                0x0000000000019830                void agge::add_polyline_vertex<agge::stroke>(agge::stroke&, float, float, int)
 .text._ZN4agge10pod_vectorINS_5pointIfEEE5clearEv
                0x00000000000198b8       0x1e /home/wh/.HoneyGUI-SDK/realgui/3rd/nanovg/agge/stroke.o
                0x00000000000198b8                agge::pod_vector<agge::point<float> >::clear()
 .text._ZN4agge10pod_vectorINS_5pointIfEEE5beginEv
                0x00000000000198d6       0x15 /home/wh/.HoneyGUI-SDK/realgui/3rd/nanovg/agge/stroke.o
                0x00000000000198d6                agge::pod_vector<agge::point<float> >::begin()
 *fill*         0x00000000000198eb        0x1 
 .text._ZNK4agge10pod_vectorINS_6vertexEE4sizeEv
                0x00000000000198ec       0x38 /home/wh/.HoneyGUI-SDK/realgui/3rd/nanovg/agge/stroke.o
                0x00000000000198ec                agge::pod_vector<agge::vertex>::size() const
 .text._ZN4agge10pod_vectorINS_6vertexEE4growEj
                0x0000000000019924      0x16e /home/wh/.HoneyGUI-SDK/realgui/3rd/nanovg/agge/stroke.o
                0x0000000000019924                agge::pod_vector<agge::vertex>::grow(unsigned int)
 .text._ZN4agge10pod_vectorINS_6vertexEE6resizeEj
                0x0000000000019a92       0x72 /home/wh/.HoneyGUI-SDK/realgui/3rd/nanovg/agge/stroke.o
                0x0000000000019a92                agge::pod_vector<agge::vertex>::resize(unsigned int)
 .text._ZN4agge10pod_vectorINS_5pointIfEEE6resizeEj
                0x0000000000019b04       0x68 /home/wh/.HoneyGUI-SDK/realgui/3rd/nanovg/agge/stroke.o
                0x0000000000019b04                agge::pod_vector<agge::point<float> >::resize(unsigned int)
 .text._ZNK4agge10pod_vectorINS_6vertexEE8capacityEv
                0x0000000000019b6c       0x38 /home/wh/.HoneyGUI-SDK/realgui/3rd/nanovg/agge/stroke.o
                0x0000000000019b6c                agge::pod_vector<agge::vertex>::capacity() const
 .text._ZN4agge8agge_maxIjEET_RKS1_S3_
                0x0000000000019ba4       0x30 /home/wh/.HoneyGUI-SDK/realgui/3rd/nanovg/agge/stroke.o
                0x0000000000019ba4                unsigned int agge::agge_max<unsigned int>(unsigned int const&, unsigned int const&)
 .text._ZNK4agge10pod_vectorINS_5pointIfEEE8capacityEv
                0x0000000000019bd4       0x27 /home/wh/.HoneyGUI-SDK/realgui/3rd/nanovg/agge/stroke.o
                0x0000000000019bd4                agge::pod_vector<agge::point<float> >::capacity() const
 *fill*         0x0000000000019bfb        0x1 
 .text._ZN4agge10pod_vectorINS_5pointIfEEE4growEj
                0x0000000000019bfc      0x14b /home/wh/.HoneyGUI-SDK/realgui/3rd/nanovg/agge/stroke.o
                0x0000000000019bfc                agge::pod_vector<agge::point<float> >::grow(unsigned int)
 *fill*         0x0000000000019d47        0x1 
 .text._ZNK4agge10pod_vectorINS_5pointIfEEE4sizeEv
                0x0000000000019d48       0x27 /home/wh/.HoneyGUI-SDK/realgui/3rd/nanovg/agge/stroke.o
                0x0000000000019d48                agge::pod_vector<agge::point<float> >::size() const
 *fill*         0x0000000000019d6f        0x1 
 .text          0x0000000000019d70     0x1c8f /home/wh/.HoneyGUI-SDK/realgui/3rd/nanovg/agge/stroke_features.o
                0x0000000000019d70                agge::caps::butt::calc(agge::pod_vector<agge::point<float> >&, float, agge::point<float> const&, float, agge::point<float> const&) const
                0x0000000000019ea0                agge::caps::square::calc(agge::pod_vector<agge::point<float> >&, float, agge::point<float> const&, float, agge::point<float> const&) const
                0x000000000001a1d8                agge::caps::round::calc(agge::pod_vector<agge::point<float> >&, float, agge::point<float> const&, float, agge::point<float> const&) const
                0x000000000001a454                agge::caps::triangle::triangle(float)
                0x000000000001a454                agge::caps::triangle::triangle(float)
                0x000000000001a494                agge::caps::triangle::calc(agge::pod_vector<agge::point<float> >&, float, agge::point<float> const&, float, agge::point<float> const&) const
                0x000000000001a628                agge::joins::bevel::calc(agge::pod_vector<agge::point<float> >&, float, agge::point<float> const&, float, agge::point<float> const&, float, agge::point<float> const&) const
                0x000000000001a7b5                agge::joins::get_lines_midpoint(agge::point<float> const&, float, agge::point<float> const&, float, agge::point<float> const&, float&, float&)
                0x000000000001aa72                agge::joins::round::calc(agge::pod_vector<agge::point<float> >&, float, agge::point<float> const&, float, agge::point<float> const&, float, agge::point<float> const&) const
                0x000000000001af6d                agge::joins::get_new_edge_point(agge::point<float> const&, agge::point<float> const&, agge::point<float> const&, float, float, float, float, float, float&, float&, bool&)
                0x000000000001b408                agge::joins::miter::calc(agge::pod_vector<agge::point<float> >&, float, agge::point<float> const&, float, agge::point<float> const&, float, agge::point<float> const&) const
 *fill*         0x000000000001b9ff        0x1 
 .text._ZN4agge6stroke3capD2Ev
                0x000000000001ba00       0x1d /home/wh/.HoneyGUI-SDK/realgui/3rd/nanovg/agge/stroke_features.o
                0x000000000001ba00                agge::stroke::cap::~cap()
                0x000000000001ba00                agge::stroke::cap::~cap()
 *fill*         0x000000000001ba1d        0x1 
 .text._ZN4agge6stroke3capD0Ev
                0x000000000001ba1e       0x2a /home/wh/.HoneyGUI-SDK/realgui/3rd/nanovg/agge/stroke_features.o
                0x000000000001ba1e                agge::stroke::cap::~cap()
 .text._ZN4agge6stroke4joinD2Ev
                0x000000000001ba48       0x1d /home/wh/.HoneyGUI-SDK/realgui/3rd/nanovg/agge/stroke_features.o
                0x000000000001ba48                agge::stroke::join::~join()
                0x000000000001ba48                agge::stroke::join::~join()
 *fill*         0x000000000001ba65        0x1 
 .text._ZN4agge6stroke4joinD0Ev
                0x000000000001ba66       0x2a /home/wh/.HoneyGUI-SDK/realgui/3rd/nanovg/agge/stroke_features.o
                0x000000000001ba66                agge::stroke::join::~join()
 .text._ZSt4atanf
                0x000000000001ba90       0x1f /home/wh/.HoneyGUI-SDK/realgui/3rd/nanovg/agge/stroke_features.o
                0x000000000001ba90                std::atan(float)
 .text._ZSt4fabsf
                0x000000000001baaf       0x1f /home/wh/.HoneyGUI-SDK/realgui/3rd/nanovg/agge/stroke_features.o
                0x000000000001baaf                std::fabs(float)
 .text._ZN4agge6stroke3capC2Ev
                0x000000000001bace       0x1d /home/wh/.HoneyGUI-SDK/realgui/3rd/nanovg/agge/stroke_features.o
                0x000000000001bace                agge::stroke::cap::cap()
                0x000000000001bace                agge::stroke::cap::cap()
 .text._ZN4agge12create_pointIfEENS_5pointIT_EES2_S2_
                0x000000000001baeb       0x5b /home/wh/.HoneyGUI-SDK/realgui/3rd/nanovg/agge/stroke_features.o
                0x000000000001baeb                agge::point<float> agge::create_point<float>(float, float)
 .text._ZN4agge10pod_vectorINS_5pointIfEEE9push_backERKS2_
                0x000000000001bb46       0x62 /home/wh/.HoneyGUI-SDK/realgui/3rd/nanovg/agge/stroke_features.o
                0x000000000001bb46                agge::pod_vector<agge::point<float> >::push_back(agge::point<float> const&)
 .text._ZN4agge5joins5miterD2Ev
                0x000000000001bba8       0x2d /home/wh/.HoneyGUI-SDK/realgui/3rd/nanovg/agge/stroke_features.o
                0x000000000001bba8                agge::joins::miter::~miter()
                0x000000000001bba8                agge::joins::miter::~miter()
 *fill*         0x000000000001bbd5        0x1 
 .text._ZN4agge5joins5miterD0Ev
                0x000000000001bbd6       0x2a /home/wh/.HoneyGUI-SDK/realgui/3rd/nanovg/agge/stroke_features.o
                0x000000000001bbd6                agge::joins::miter::~miter()
 .text._ZN4agge5joins5roundD2Ev
                0x000000000001bc00       0x2d /home/wh/.HoneyGUI-SDK/realgui/3rd/nanovg/agge/stroke_features.o
                0x000000000001bc00                agge::joins::round::~round()
                0x000000000001bc00                agge::joins::round::~round()
 *fill*         0x000000000001bc2d        0x1 
 .text._ZN4agge5joins5roundD0Ev
                0x000000000001bc2e       0x2a /home/wh/.HoneyGUI-SDK/realgui/3rd/nanovg/agge/stroke_features.o
                0x000000000001bc2e                agge::joins::round::~round()
 .text._ZN4agge5joins5bevelD2Ev
                0x000000000001bc58       0x2d /home/wh/.HoneyGUI-SDK/realgui/3rd/nanovg/agge/stroke_features.o
                0x000000000001bc58                agge::joins::bevel::~bevel()
                0x000000000001bc58                agge::joins::bevel::~bevel()
 *fill*         0x000000000001bc85        0x1 
 .text._ZN4agge5joins5bevelD0Ev
                0x000000000001bc86       0x2a /home/wh/.HoneyGUI-SDK/realgui/3rd/nanovg/agge/stroke_features.o
                0x000000000001bc86                agge::joins::bevel::~bevel()
 .text._ZN4agge4caps8triangleD2Ev
                0x000000000001bcb0       0x2d /home/wh/.HoneyGUI-SDK/realgui/3rd/nanovg/agge/stroke_features.o
                0x000000000001bcb0                agge::caps::triangle::~triangle()
                0x000000000001bcb0                agge::caps::triangle::~triangle()
 *fill*         0x000000000001bcdd        0x1 
 .text._ZN4agge4caps8triangleD0Ev
                0x000000000001bcde       0x2a /home/wh/.HoneyGUI-SDK/realgui/3rd/nanovg/agge/stroke_features.o
                0x000000000001bcde                agge::caps::triangle::~triangle()
 .text._ZN4agge4caps5roundD2Ev
                0x000000000001bd08       0x2d /home/wh/.HoneyGUI-SDK/realgui/3rd/nanovg/agge/stroke_features.o
                0x000000000001bd08                agge::caps::round::~round()
                0x000000000001bd08                agge::caps::round::~round()
 *fill*         0x000000000001bd35        0x1 
 .text._ZN4agge4caps5roundD0Ev
                0x000000000001bd36       0x2a /home/wh/.HoneyGUI-SDK/realgui/3rd/nanovg/agge/stroke_features.o
                0x000000000001bd36                agge::caps::round::~round()
 .text._ZN4agge4caps6squareD2Ev
                0x000000000001bd60       0x2d /home/wh/.HoneyGUI-SDK/realgui/3rd/nanovg/agge/stroke_features.o
                0x000000000001bd60                agge::caps::square::~square()
                0x000000000001bd60                agge::caps::square::~square()
 *fill*         0x000000000001bd8d        0x1 
 .text._ZN4agge4caps6squareD0Ev
                0x000000000001bd8e       0x2a /home/wh/.HoneyGUI-SDK/realgui/3rd/nanovg/agge/stroke_features.o
                0x000000000001bd8e                agge::caps::square::~square()
 .text._ZN4agge4caps4buttD2Ev
                0x000000000001bdb8       0x2d /home/wh/.HoneyGUI-SDK/realgui/3rd/nanovg/agge/stroke_features.o
                0x000000000001bdb8                agge::caps::butt::~butt()
                0x000000000001bdb8                agge::caps::butt::~butt()
 *fill*         0x000000000001bde5        0x1 
 .text._ZN4agge4caps4buttD0Ev
                0x000000000001bde6       0x2a /home/wh/.HoneyGUI-SDK/realgui/3rd/nanovg/agge/stroke_features.o
                0x000000000001bde6                agge::caps::butt::~butt()
 .text          0x000000000001be10     0x1d6b /home/wh/.HoneyGUI-SDK/realgui/3rd/nanovg/agge/vector_rasterizer.o
                0x000000000001bffa                agge::vector_rasterizer::vector_rasterizer()
                0x000000000001bffa                agge::vector_rasterizer::vector_rasterizer()
                0x000000000001c0d8                agge::vector_rasterizer::reset()
                0x000000000001c186                agge::vector_rasterizer::line(int, int, int, int)
                0x000000000001d28a                agge::vector_rasterizer::append(agge::vector_rasterizer const&, int, int)
                0x000000000001d47c                agge::vector_rasterizer::sort(bool)
                0x000000000001d9e4                agge::vector_rasterizer::extend_bounds(int, int)
 *fill*         0x000000000001db7b        0x1 
 .text._ZNK4agge17vector_rasterizer5emptyEv
                0x000000000001db7c       0x21 /home/wh/.HoneyGUI-SDK/realgui/3rd/nanovg/agge/vector_rasterizer.o
                0x000000000001db7c                agge::vector_rasterizer::empty() const
 *fill*         0x000000000001db9d        0x1 
 .text._ZNK4agge17vector_rasterizer5widthEv
                0x000000000001db9e       0x3e /home/wh/.HoneyGUI-SDK/realgui/3rd/nanovg/agge/vector_rasterizer.o
                0x000000000001db9e                agge::vector_rasterizer::width() const
 .text._ZNK4agge17vector_rasterizer6heightEv
                0x000000000001dbdc       0x3e /home/wh/.HoneyGUI-SDK/realgui/3rd/nanovg/agge/vector_rasterizer.o
                0x000000000001dbdc                agge::vector_rasterizer::height() const
 .text._ZN4agge13precise_delta8multiplyEi
                0x000000000001dc1a       0x26 /home/wh/.HoneyGUI-SDK/realgui/3rd/nanovg/agge/vector_rasterizer.o
                0x000000000001dc1a                agge::precise_delta::multiply(int)
 .text._ZN4agge13precise_delta4nextEv
                0x000000000001dc40       0x5a /home/wh/.HoneyGUI-SDK/realgui/3rd/nanovg/agge/vector_rasterizer.o
                0x000000000001dc40                agge::precise_delta::next()
 .text._ZNK4agge10pod_vectorINS_17vector_rasterizer4cellEE5beginEv
                0x000000000001dc9a       0x15 /home/wh/.HoneyGUI-SDK/realgui/3rd/nanovg/agge/vector_rasterizer.o
                0x000000000001dc9a                agge::pod_vector<agge::vector_rasterizer::cell>::begin() const
 *fill*         0x000000000001dcaf        0x1 
 .text._ZN4agge10pod_vectorINS_17vector_rasterizer4cellEEC2Ej
                0x000000000001dcb0       0x4a /home/wh/.HoneyGUI-SDK/realgui/3rd/nanovg/agge/vector_rasterizer.o
                0x000000000001dcb0                agge::pod_vector<agge::vector_rasterizer::cell>::pod_vector(unsigned int)
                0x000000000001dcb0                agge::pod_vector<agge::vector_rasterizer::cell>::pod_vector(unsigned int)
 .text._ZN4agge10pod_vectorINS_17vector_rasterizer4cellEED2Ev
                0x000000000001dcfa       0x2e /home/wh/.HoneyGUI-SDK/realgui/3rd/nanovg/agge/vector_rasterizer.o
                0x000000000001dcfa                agge::pod_vector<agge::vector_rasterizer::cell>::~pod_vector()
                0x000000000001dcfa                agge::pod_vector<agge::vector_rasterizer::cell>::~pod_vector()
 .text._ZN4agge10pod_vectorIjEC2Ej
                0x000000000001dd28       0x4a /home/wh/.HoneyGUI-SDK/realgui/3rd/nanovg/agge/vector_rasterizer.o
                0x000000000001dd28                agge::pod_vector<unsigned int>::pod_vector(unsigned int)
                0x000000000001dd28                agge::pod_vector<unsigned int>::pod_vector(unsigned int)
 .text._ZN4agge10pod_vectorIjED2Ev
                0x000000000001dd72       0x2e /home/wh/.HoneyGUI-SDK/realgui/3rd/nanovg/agge/vector_rasterizer.o
                0x000000000001dd72                agge::pod_vector<unsigned int>::~pod_vector()
                0x000000000001dd72                agge::pod_vector<unsigned int>::~pod_vector()
 .text._ZN4agge10pod_vectorINS_17vector_rasterizer4cellEE6assignEjRKS2_
                0x000000000001dda0       0x5e /home/wh/.HoneyGUI-SDK/realgui/3rd/nanovg/agge/vector_rasterizer.o
                0x000000000001dda0                agge::pod_vector<agge::vector_rasterizer::cell>::assign(unsigned int, agge::vector_rasterizer::cell const&)
 .text._ZN4agge10pod_vectorIjE5clearEv
                0x000000000001ddfe       0x1e /home/wh/.HoneyGUI-SDK/realgui/3rd/nanovg/agge/vector_rasterizer.o
                0x000000000001ddfe                agge::pod_vector<unsigned int>::clear()
 .text._ZN4agge8agge_maxIiEET_RKS1_S3_
                0x000000000001de1c       0x30 /home/wh/.HoneyGUI-SDK/realgui/3rd/nanovg/agge/vector_rasterizer.o
                0x000000000001de1c                int agge::agge_max<int>(int const&, int const&)
 .text._ZN4agge10pod_vectorINS_17vector_rasterizer4cellEE7set_endEPS2_
                0x000000000001de4c       0x1f /home/wh/.HoneyGUI-SDK/realgui/3rd/nanovg/agge/vector_rasterizer.o
                0x000000000001de4c                agge::pod_vector<agge::vector_rasterizer::cell>::set_end(agge::vector_rasterizer::cell*)
 *fill*         0x000000000001de6b        0x1 
 .text._ZN4agge10pod_vectorINS_17vector_rasterizer4cellEE3endEv
                0x000000000001de6c       0x16 /home/wh/.HoneyGUI-SDK/realgui/3rd/nanovg/agge/vector_rasterizer.o
                0x000000000001de6c                agge::pod_vector<agge::vector_rasterizer::cell>::end()
 .text._ZNK4agge10pod_vectorINS_17vector_rasterizer4cellEE4sizeEv
                0x000000000001de82       0x37 /home/wh/.HoneyGUI-SDK/realgui/3rd/nanovg/agge/vector_rasterizer.o
                0x000000000001de82                agge::pod_vector<agge::vector_rasterizer::cell>::size() const
 *fill*         0x000000000001deb9        0x1 
 .text._ZN4agge10pod_vectorINS_17vector_rasterizer4cellEE6resizeEj
                0x000000000001deba       0x72 /home/wh/.HoneyGUI-SDK/realgui/3rd/nanovg/agge/vector_rasterizer.o
                0x000000000001deba                agge::pod_vector<agge::vector_rasterizer::cell>::resize(unsigned int)
 .text._ZN4agge10pod_vectorIjE6assignEjRKj
                0x000000000001df2c       0x54 /home/wh/.HoneyGUI-SDK/realgui/3rd/nanovg/agge/vector_rasterizer.o
                0x000000000001df2c                agge::pod_vector<unsigned int>::assign(unsigned int, unsigned int const&)
 .text._ZN4agge10pod_vectorIjEixEj
                0x000000000001df80       0x22 /home/wh/.HoneyGUI-SDK/realgui/3rd/nanovg/agge/vector_rasterizer.o
                0x000000000001df80                agge::pod_vector<unsigned int>::operator[](unsigned int)
 .text._ZN4agge10pod_vectorINS_17vector_rasterizer4cellEE5beginEv
                0x000000000001dfa2       0x15 /home/wh/.HoneyGUI-SDK/realgui/3rd/nanovg/agge/vector_rasterizer.o
                0x000000000001dfa2                agge::pod_vector<agge::vector_rasterizer::cell>::begin()
 *fill*         0x000000000001dfb7        0x1 
 .text._ZN4agge10pod_vectorINS_17vector_rasterizer4cellEE4swapERS3_
                0x000000000001dfb8       0x87 /home/wh/.HoneyGUI-SDK/realgui/3rd/nanovg/agge/vector_rasterizer.o
                0x000000000001dfb8                agge::pod_vector<agge::vector_rasterizer::cell>::swap(agge::pod_vector<agge::vector_rasterizer::cell>&)
 *fill*         0x000000000001e03f        0x1 
 .text._ZN4agge10pod_vectorIjE5beginEv
                0x000000000001e040       0x15 /home/wh/.HoneyGUI-SDK/realgui/3rd/nanovg/agge/vector_rasterizer.o
                0x000000000001e040                agge::pod_vector<unsigned int>::begin()
 *fill*         0x000000000001e055        0x1 
 .text._ZN4agge10pod_vectorIjE3endEv
                0x000000000001e056       0x16 /home/wh/.HoneyGUI-SDK/realgui/3rd/nanovg/agge/vector_rasterizer.o
                0x000000000001e056                agge::pod_vector<unsigned int>::end()
 .text._ZN4agge10pod_vectorIjE6resizeEj
                0x000000000001e06c       0x68 /home/wh/.HoneyGUI-SDK/realgui/3rd/nanovg/agge/vector_rasterizer.o
                0x000000000001e06c                agge::pod_vector<unsigned int>::resize(unsigned int)
 .text._ZNK4agge10pod_vectorINS_17vector_rasterizer4cellEE8capacityEv
                0x000000000001e0d4       0x37 /home/wh/.HoneyGUI-SDK/realgui/3rd/nanovg/agge/vector_rasterizer.o
                0x000000000001e0d4                agge::pod_vector<agge::vector_rasterizer::cell>::capacity() const
 *fill*         0x000000000001e10b        0x1 
 .text._ZN4agge10pod_vectorINS_17vector_rasterizer4cellEE4growEj
                0x000000000001e10c      0x170 /home/wh/.HoneyGUI-SDK/realgui/3rd/nanovg/agge/vector_rasterizer.o
                0x000000000001e10c                agge::pod_vector<agge::vector_rasterizer::cell>::grow(unsigned int)
 .text._ZNK4agge10pod_vectorIjE8capacityEv
                0x000000000001e27c       0x27 /home/wh/.HoneyGUI-SDK/realgui/3rd/nanovg/agge/vector_rasterizer.o
                0x000000000001e27c                agge::pod_vector<unsigned int>::capacity() const
 *fill*         0x000000000001e2a3        0x1 
 .text._ZN4agge10pod_vectorIjE4growEj
                0x000000000001e2a4      0x149 /home/wh/.HoneyGUI-SDK/realgui/3rd/nanovg/agge/vector_rasterizer.o
                0x000000000001e2a4                agge::pod_vector<unsigned int>::grow(unsigned int)
 *fill*         0x000000000001e3ed        0x1 
 .text._ZNK4agge10pod_vectorIjE4sizeEv
                0x000000000001e3ee       0x27 /home/wh/.HoneyGUI-SDK/realgui/3rd/nanovg/agge/vector_rasterizer.o
                0x000000000001e3ee                agge::pod_vector<unsigned int>::size() const
 .text          0x000000000001e415      0xc0e /home/wh/.HoneyGUI-SDK/realgui/3rd/nanovg/agge/nanovg_agge.o
                0x000000000001ec55                nvgReinitAgge
                0x000000000001ee29                nvgCreateAGGE
                0x000000000001f004                nvgDeleteAGGE
 .text._ZSt4ceilf
                0x000000000001f023       0x67 /home/wh/.HoneyGUI-SDK/realgui/3rd/nanovg/agge/nanovg_agge.o
                0x000000000001f023                std::ceil(float)
 .text._ZSt5floorf
                0x000000000001f08a       0x67 /home/wh/.HoneyGUI-SDK/realgui/3rd/nanovg/agge/nanovg_agge.o
                0x000000000001f08a                std::floor(float)
 .text._ZN4agge6iroundEf
                0x000000000001f0f1       0x49 /home/wh/.HoneyGUI-SDK/realgui/3rd/nanovg/agge/nanovg_agge.o
                0x000000000001f0f1                agge::iround(float)
 .text._ZN4agge6muldivEiii
                0x000000000001f13a       0x2d /home/wh/.HoneyGUI-SDK/realgui/3rd/nanovg/agge/nanovg_agge.o
                0x000000000001f13a                agge::muldiv(int, int, int)
 *fill*         0x000000000001f167        0x1 
 .text._ZN4agge12pixel32_rgbaC2Ev
                0x000000000001f168       0x2e /home/wh/.HoneyGUI-SDK/realgui/3rd/nanovg/agge/nanovg_agge.o
                0x000000000001f168                agge::pixel32_rgba::pixel32_rgba()
                0x000000000001f168                agge::pixel32_rgba::pixel32_rgba()
 .text._ZN4agge12pixel32_rgbaC2Ehhhh
                0x000000000001f196       0x4f /home/wh/.HoneyGUI-SDK/realgui/3rd/nanovg/agge/nanovg_agge.o
                0x000000000001f196                agge::pixel32_rgba::pixel32_rgba(unsigned char, unsigned char, unsigned char, unsigned char)
                0x000000000001f196                agge::pixel32_rgba::pixel32_rgba(unsigned char, unsigned char, unsigned char, unsigned char)
 .text._ZN4agge7pixel_aINS_12pixel32_rgbaEEEhRKT_h
                0x000000000001f1e5       0x28 /home/wh/.HoneyGUI-SDK/realgui/3rd/nanovg/agge/nanovg_agge.o
                0x000000000001f1e5                unsigned char agge::pixel_a<agge::pixel32_rgba>(agge::pixel32_rgba const&, unsigned char)
 .text._ZN4agge13pixel_convertINS_12pixel32_rgbaES1_EEvRT_RKT0_
                0x000000000001f20d       0x1f /home/wh/.HoneyGUI-SDK/realgui/3rd/nanovg/agge/nanovg_agge.o
                0x000000000001f20d                void agge::pixel_convert<agge::pixel32_rgba, agge::pixel32_rgba>(agge::pixel32_rgba&, agge::pixel32_rgba const&)
 .text._ZN4agge13pixel_convertINS_12pixel32_rgbaENS_12pixel32_bgraEEEvRT_RKT0_
                0x000000000001f22c       0x4d /home/wh/.HoneyGUI-SDK/realgui/3rd/nanovg/agge/nanovg_agge.o
                0x000000000001f22c                void agge::pixel_convert<agge::pixel32_rgba, agge::pixel32_bgra>(agge::pixel32_rgba&, agge::pixel32_bgra const&)
 .text._ZN4agge13pixel_convertINS_12pixel32_rgbaENS_14pixel16_bgr565EEEvRT_RKT0_
                0x000000000001f279       0x6c /home/wh/.HoneyGUI-SDK/realgui/3rd/nanovg/agge/nanovg_agge.o
                0x000000000001f279                void agge::pixel_convert<agge::pixel32_rgba, agge::pixel16_bgr565>(agge::pixel32_rgba&, agge::pixel16_bgr565 const&)
 .text._ZN4agge11pixel_blendINS_14pixel16_bgr565ENS_12pixel32_rgbaEEEvRT_RKT0_h
                0x000000000001f2e5      0x1db /home/wh/.HoneyGUI-SDK/realgui/3rd/nanovg/agge/nanovg_agge.o
                0x000000000001f2e5                void agge::pixel_blend<agge::pixel16_bgr565, agge::pixel32_rgba>(agge::pixel16_bgr565&, agge::pixel32_rgba const&, unsigned char)
 .text._ZN4agge11pixel_blendINS_12pixel32_bgraENS_12pixel32_rgbaEEEvRT_RKT0_h
                0x000000000001f4c0      0x198 /home/wh/.HoneyGUI-SDK/realgui/3rd/nanovg/agge/nanovg_agge.o
                0x000000000001f4c0                void agge::pixel_blend<agge::pixel32_bgra, agge::pixel32_rgba>(agge::pixel32_bgra&, agge::pixel32_rgba const&, unsigned char)
 .text._ZN4agge17raw_memory_objectC2Ev
                0x000000000001f658       0x35 /home/wh/.HoneyGUI-SDK/realgui/3rd/nanovg/agge/nanovg_agge.o
                0x000000000001f658                agge::raw_memory_object::raw_memory_object()
                0x000000000001f658                agge::raw_memory_object::raw_memory_object()
 *fill*         0x000000000001f68d        0x1 
 .text._ZN4agge17raw_memory_objectD2Ev
                0x000000000001f68e       0x2e /home/wh/.HoneyGUI-SDK/realgui/3rd/nanovg/agge/nanovg_agge.o
                0x000000000001f68e                agge::raw_memory_object::~raw_memory_object()
                0x000000000001f68e                agge::raw_memory_object::~raw_memory_object()
 .text._ZNK4agge17vector_rasterizerixEi
                0x000000000001f6bc       0xd3 /home/wh/.HoneyGUI-SDK/realgui/3rd/nanovg/agge/nanovg_agge.o
                0x000000000001f6bc                agge::vector_rasterizer::operator[](int) const
 *fill*         0x000000000001f78f        0x1 
 .text._ZNK4agge17vector_rasterizer5min_yEv
                0x000000000001f790       0x15 /home/wh/.HoneyGUI-SDK/realgui/3rd/nanovg/agge/nanovg_agge.o
                0x000000000001f790                agge::vector_rasterizer::min_y() const
 .text._ZN4agge7scalingIiE6scale1EffRiS2_
                0x000000000001f7a5       0x69 /home/wh/.HoneyGUI-SDK/realgui/3rd/nanovg/agge/nanovg_agge.o
                0x000000000001f7a5                agge::scaling<int>::scale1(float, float, int&, int&)
 .text._ZN4agge7scalingIiE6scale2EiiiiRiS2_S2_S2_
                0x000000000001f80e       0x43 /home/wh/.HoneyGUI-SDK/realgui/3rd/nanovg/agge/nanovg_agge.o
                0x000000000001f80e                agge::scaling<int>::scale2(int, int, int, int, int&, int&, int&, int&)
 *fill*         0x000000000001f851        0x1 
 .text._ZN4agge10raw_bitmapD2Ev
                0x000000000001f852        0xf /home/wh/.HoneyGUI-SDK/realgui/3rd/nanovg/agge/nanovg_agge.o
                0x000000000001f852                agge::raw_bitmap::~raw_bitmap()
                0x000000000001f852                agge::raw_bitmap::~raw_bitmap()
 *fill*         0x000000000001f861        0x1 
 .text._ZN4agge10raw_bitmapC2EjjjNS_14bits_per_pixelEPh
                0x000000000001f862       0x6f /home/wh/.HoneyGUI-SDK/realgui/3rd/nanovg/agge/nanovg_agge.o
                0x000000000001f862                agge::raw_bitmap::raw_bitmap(unsigned int, unsigned int, unsigned int, agge::bits_per_pixel, unsigned char*)
                0x000000000001f862                agge::raw_bitmap::raw_bitmap(unsigned int, unsigned int, unsigned int, agge::bits_per_pixel, unsigned char*)
 *fill*         0x000000000001f8d1        0x1 
 .text._ZNK4agge10raw_bitmap5widthEv
                0x000000000001f8d2       0x15 /home/wh/.HoneyGUI-SDK/realgui/3rd/nanovg/agge/nanovg_agge.o
                0x000000000001f8d2                agge::raw_bitmap::width() const
 *fill*         0x000000000001f8e7        0x1 
 .text._ZNK4agge10raw_bitmap6heightEv
                0x000000000001f8e8       0x15 /home/wh/.HoneyGUI-SDK/realgui/3rd/nanovg/agge/nanovg_agge.o
                0x000000000001f8e8                agge::raw_bitmap::height() const
 *fill*         0x000000000001f8fd        0x1 
 .text._ZN4agge10raw_bitmap7row_ptrEj
                0x000000000001f8fe       0x28 /home/wh/.HoneyGUI-SDK/realgui/3rd/nanovg/agge/nanovg_agge.o
                0x000000000001f8fe                agge::raw_bitmap::row_ptr(unsigned int)
 .text._ZN4agge8rendererC2Ev
                0x000000000001f926       0x1f /home/wh/.HoneyGUI-SDK/realgui/3rd/nanovg/agge/nanovg_agge.o
                0x000000000001f926                agge::renderer::renderer()
                0x000000000001f926                agge::renderer::renderer()
 *fill*         0x000000000001f945        0x1 
 .text._ZN4agge8rendererD2Ev
                0x000000000001f946       0x1f /home/wh/.HoneyGUI-SDK/realgui/3rd/nanovg/agge/nanovg_agge.o
                0x000000000001f946                agge::renderer::~renderer()
                0x000000000001f946                agge::renderer::~renderer()
 *fill*         0x000000000001f965        0x1 
 .text._ZN4agge17vector_rasterizerD2Ev
                0x000000000001f966       0x4f /home/wh/.HoneyGUI-SDK/realgui/3rd/nanovg/agge/nanovg_agge.o
                0x000000000001f966                agge::vector_rasterizer::~vector_rasterizer()
                0x000000000001f966                agge::vector_rasterizer::~vector_rasterizer()
 *fill*         0x000000000001f9b5        0x1 
 .text._ZN4agge10rasterizerINS_7clipperIiEENS_7scalingIiEEEC2Ev
                0x000000000001f9b6       0x2f /home/wh/.HoneyGUI-SDK/realgui/3rd/nanovg/agge/nanovg_agge.o
                0x000000000001f9b6                agge::rasterizer<agge::clipper<int>, agge::scaling<int> >::rasterizer()
                0x000000000001f9b6                agge::rasterizer<agge::clipper<int>, agge::scaling<int> >::rasterizer()
 *fill*         0x000000000001f9e5        0x1 
 .text._ZN4agge10rasterizerINS_7clipperIiEENS_7scalingIiEEED2Ev
                0x000000000001f9e6       0x1f /home/wh/.HoneyGUI-SDK/realgui/3rd/nanovg/agge/nanovg_agge.o
                0x000000000001f9e6                agge::rasterizer<agge::clipper<int>, agge::scaling<int> >::~rasterizer()
                0x000000000001f9e6                agge::rasterizer<agge::clipper<int>, agge::scaling<int> >::~rasterizer()
 *fill*         0x000000000001fa05        0x1 
 .text._ZN4agge4caps5roundC2Ev
                0x000000000001fa06       0x2d /home/wh/.HoneyGUI-SDK/realgui/3rd/nanovg/agge/nanovg_agge.o
                0x000000000001fa06                agge::caps::round::round()
                0x000000000001fa06                agge::caps::round::round()
 *fill*         0x000000000001fa33        0x1 
 .text._ZN4agge6stroke4joinC2Ev
                0x000000000001fa34       0x1d /home/wh/.HoneyGUI-SDK/realgui/3rd/nanovg/agge/nanovg_agge.o
                0x000000000001fa34                agge::stroke::join::join()
                0x000000000001fa34                agge::stroke::join::join()
 *fill*         0x000000000001fa51        0x1 
 .text._ZN4agge5joins5bevelC2Ev
                0x000000000001fa52       0x2d /home/wh/.HoneyGUI-SDK/realgui/3rd/nanovg/agge/nanovg_agge.o
                0x000000000001fa52                agge::joins::bevel::bevel()
                0x000000000001fa52                agge::joins::bevel::bevel()
 *fill*         0x000000000001fa7f        0x1 
 .text._ZN14AGGENVGcontextC2Ev
                0x000000000001fa80      0x1cd /home/wh/.HoneyGUI-SDK/realgui/3rd/nanovg/agge/nanovg_agge.o
                0x000000000001fa80                AGGENVGcontext::AGGENVGcontext()
                0x000000000001fa80                AGGENVGcontext::AGGENVGcontext()
 *fill*         0x000000000001fc4d        0x1 
 .text._ZN14AGGENVGcontextD2Ev
                0x000000000001fc4e       0x61 /home/wh/.HoneyGUI-SDK/realgui/3rd/nanovg/agge/nanovg_agge.o
                0x000000000001fc4e                AGGENVGcontext::~AGGENVGcontext()
                0x000000000001fc4e                AGGENVGcontext::~AGGENVGcontext()
 *fill*         0x000000000001fcaf        0x1 
 .text._ZN4agge4caps4buttC2Ev
                0x000000000001fcb0       0x2d /home/wh/.HoneyGUI-SDK/realgui/3rd/nanovg/agge/nanovg_agge.o
                0x000000000001fcb0                agge::caps::butt::butt()
                0x000000000001fcb0                agge::caps::butt::butt()
 *fill*         0x000000000001fcdd        0x1 
 .text._ZN4agge4caps6squareC2Ev
                0x000000000001fcde       0x2d /home/wh/.HoneyGUI-SDK/realgui/3rd/nanovg/agge/nanovg_agge.o
                0x000000000001fcde                agge::caps::square::square()
                0x000000000001fcde                agge::caps::square::square()
 *fill*         0x000000000001fd0b        0x1 
 .text._ZNK4agge10pod_vectorIjE5beginEv
                0x000000000001fd0c       0x15 /home/wh/.HoneyGUI-SDK/realgui/3rd/nanovg/agge/nanovg_agge.o
                0x000000000001fd0c                agge::pod_vector<unsigned int>::begin() const
 *fill*         0x000000000001fd21        0x1 
 .text._ZN4agge7clipperIiEC2Ev
                0x000000000001fd22       0x17 /home/wh/.HoneyGUI-SDK/realgui/3rd/nanovg/agge/nanovg_agge.o
                0x000000000001fd22                agge::clipper<int>::clipper()
                0x000000000001fd22                agge::clipper<int>::clipper()
 *fill*         0x000000000001fd39        0x1 
 .text._ZN4agge6stroke3capC2ERKS1_
                0x000000000001fd3a       0x21 /home/wh/.HoneyGUI-SDK/realgui/3rd/nanovg/agge/nanovg_agge.o
                0x000000000001fd3a                agge::stroke::cap::cap(agge::stroke::cap const&)
                0x000000000001fd3a                agge::stroke::cap::cap(agge::stroke::cap const&)
 *fill*         0x000000000001fd5b        0x1 
 .text._ZN4agge4caps5roundC2ERKS1_
                0x000000000001fd5c       0x38 /home/wh/.HoneyGUI-SDK/realgui/3rd/nanovg/agge/nanovg_agge.o
                0x000000000001fd5c                agge::caps::round::round(agge::caps::round const&)
                0x000000000001fd5c                agge::caps::round::round(agge::caps::round const&)
 .text._ZN4agge6stroke7set_capINS_4caps5roundEEEvRKT_
                0x000000000001fd94       0x64 /home/wh/.HoneyGUI-SDK/realgui/3rd/nanovg/agge/nanovg_agge.o
                0x000000000001fd94                void agge::stroke::set_cap<agge::caps::round>(agge::caps::round const&)
 .text._ZN4agge6stroke4joinC2ERKS1_
                0x000000000001fdf8       0x21 /home/wh/.HoneyGUI-SDK/realgui/3rd/nanovg/agge/nanovg_agge.o
                0x000000000001fdf8                agge::stroke::join::join(agge::stroke::join const&)
                0x000000000001fdf8                agge::stroke::join::join(agge::stroke::join const&)
 *fill*         0x000000000001fe19        0x1 
 .text._ZN4agge5joins5bevelC2ERKS1_
                0x000000000001fe1a       0x38 /home/wh/.HoneyGUI-SDK/realgui/3rd/nanovg/agge/nanovg_agge.o
                0x000000000001fe1a                agge::joins::bevel::bevel(agge::joins::bevel const&)
                0x000000000001fe1a                agge::joins::bevel::bevel(agge::joins::bevel const&)
 .text._ZN4agge6stroke8set_joinINS_5joins5bevelEEEvRKT_
                0x000000000001fe52       0x64 /home/wh/.HoneyGUI-SDK/realgui/3rd/nanovg/agge/nanovg_agge.o
                0x000000000001fe52                void agge::stroke::set_join<agge::joins::bevel>(agge::joins::bevel const&)
 .text._Z6mkrectIfEN4agge4rectIT_EES2_S2_S2_S2_
                0x000000000001feb6       0x8a /home/wh/.HoneyGUI-SDK/realgui/3rd/nanovg/agge/nanovg_agge.o
                0x000000000001feb6                agge::rect<float> mkrect<float>(float, float, float, float)
 .text._ZN4agge10rasterizerINS_7clipperIiEENS_7scalingIiEEE12set_clippingERKNS_4rectIfEE
                0x000000000001ff40       0xb0 /home/wh/.HoneyGUI-SDK/realgui/3rd/nanovg/agge/nanovg_agge.o
                0x000000000001ff40                agge::rasterizer<agge::clipper<int>, agge::scaling<int> >::set_clipping(agge::rect<float> const&)
 .text._Z12renderStrokeIN4agge12pixel32_rgbaEEvPvP8NVGpaint26NVGcompositeOperationStateP10NVGscissorffPK7NVGpathi
                0x000000000001fff0      0x1ae /home/wh/.HoneyGUI-SDK/realgui/3rd/nanovg/agge/nanovg_agge.o
                0x000000000001fff0                void renderStroke<agge::pixel32_rgba>(void*, NVGpaint*, NVGcompositeOperationState, NVGscissor*, float, float, NVGpath const*, int)
 .text._Z10renderFillIN4agge12pixel32_rgbaEEvPvP8NVGpaint26NVGcompositeOperationStateP10NVGscissorfPKfPK7NVGpathi
                0x000000000002019e      0x144 /home/wh/.HoneyGUI-SDK/realgui/3rd/nanovg/agge/nanovg_agge.o
                0x000000000002019e                void renderFill<agge::pixel32_rgba>(void*, NVGpaint*, NVGcompositeOperationState, NVGscissor*, float, float const*, NVGpath const*, int)
 .text._Z12renderStrokeIN4agge12pixel32_bgraEEvPvP8NVGpaint26NVGcompositeOperationStateP10NVGscissorffPK7NVGpathi
                0x00000000000202e2      0x1ae /home/wh/.HoneyGUI-SDK/realgui/3rd/nanovg/agge/nanovg_agge.o
                0x00000000000202e2                void renderStroke<agge::pixel32_bgra>(void*, NVGpaint*, NVGcompositeOperationState, NVGscissor*, float, float, NVGpath const*, int)
 .text._Z10renderFillIN4agge12pixel32_bgraEEvPvP8NVGpaint26NVGcompositeOperationStateP10NVGscissorfPKfPK7NVGpathi
                0x0000000000020490      0x144 /home/wh/.HoneyGUI-SDK/realgui/3rd/nanovg/agge/nanovg_agge.o
                0x0000000000020490                void renderFill<agge::pixel32_bgra>(void*, NVGpaint*, NVGcompositeOperationState, NVGscissor*, float, float const*, NVGpath const*, int)
 .text._Z12renderStrokeIN4agge11pixel24_rgbEEvPvP8NVGpaint26NVGcompositeOperationStateP10NVGscissorffPK7NVGpathi
                0x00000000000205d4      0x1ae /home/wh/.HoneyGUI-SDK/realgui/3rd/nanovg/agge/nanovg_agge.o
                0x00000000000205d4                void renderStroke<agge::pixel24_rgb>(void*, NVGpaint*, NVGcompositeOperationState, NVGscissor*, float, float, NVGpath const*, int)
 .text._Z10renderFillIN4agge11pixel24_rgbEEvPvP8NVGpaint26NVGcompositeOperationStateP10NVGscissorfPKfPK7NVGpathi
                0x0000000000020782      0x144 /home/wh/.HoneyGUI-SDK/realgui/3rd/nanovg/agge/nanovg_agge.o
                0x0000000000020782                void renderFill<agge::pixel24_rgb>(void*, NVGpaint*, NVGcompositeOperationState, NVGscissor*, float, float const*, NVGpath const*, int)
 .text._Z12renderStrokeIN4agge11pixel24_bgrEEvPvP8NVGpaint26NVGcompositeOperationStateP10NVGscissorffPK7NVGpathi
                0x00000000000208c6      0x1ae /home/wh/.HoneyGUI-SDK/realgui/3rd/nanovg/agge/nanovg_agge.o
                0x00000000000208c6                void renderStroke<agge::pixel24_bgr>(void*, NVGpaint*, NVGcompositeOperationState, NVGscissor*, float, float, NVGpath const*, int)
 .text._Z10renderFillIN4agge11pixel24_bgrEEvPvP8NVGpaint26NVGcompositeOperationStateP10NVGscissorfPKfPK7NVGpathi
                0x0000000000020a74      0x144 /home/wh/.HoneyGUI-SDK/realgui/3rd/nanovg/agge/nanovg_agge.o
                0x0000000000020a74                void renderFill<agge::pixel24_bgr>(void*, NVGpaint*, NVGcompositeOperationState, NVGscissor*, float, float const*, NVGpath const*, int)
 .text._Z12renderStrokeIN4agge14pixel16_bgr565EEvPvP8NVGpaint26NVGcompositeOperationStateP10NVGscissorffPK7NVGpathi
                0x0000000000020bb8      0x1ae /home/wh/.HoneyGUI-SDK/realgui/3rd/nanovg/agge/nanovg_agge.o
                0x0000000000020bb8                void renderStroke<agge::pixel16_bgr565>(void*, NVGpaint*, NVGcompositeOperationState, NVGscissor*, float, float, NVGpath const*, int)
 .text._Z10renderFillIN4agge14pixel16_bgr565EEvPvP8NVGpaint26NVGcompositeOperationStateP10NVGscissorfPKfPK7NVGpathi
                0x0000000000020d66      0x144 /home/wh/.HoneyGUI-SDK/realgui/3rd/nanovg/agge/nanovg_agge.o
                0x0000000000020d66                void renderFill<agge::pixel16_bgr565>(void*, NVGpaint*, NVGcompositeOperationState, NVGscissor*, float, float const*, NVGpath const*, int)
 .text._ZN4agge4caps4buttC2ERKS1_
                0x0000000000020eaa       0x38 /home/wh/.HoneyGUI-SDK/realgui/3rd/nanovg/agge/nanovg_agge.o
                0x0000000000020eaa                agge::caps::butt::butt(agge::caps::butt const&)
                0x0000000000020eaa                agge::caps::butt::butt(agge::caps::butt const&)
 .text._ZN4agge6stroke7set_capINS_4caps4buttEEEvRKT_
                0x0000000000020ee2       0x64 /home/wh/.HoneyGUI-SDK/realgui/3rd/nanovg/agge/nanovg_agge.o
                0x0000000000020ee2                void agge::stroke::set_cap<agge::caps::butt>(agge::caps::butt const&)
 .text._ZN4agge4caps6squareC2ERKS1_
                0x0000000000020f46       0x38 /home/wh/.HoneyGUI-SDK/realgui/3rd/nanovg/agge/nanovg_agge.o
                0x0000000000020f46                agge::caps::square::square(agge::caps::square const&)
                0x0000000000020f46                agge::caps::square::square(agge::caps::square const&)
 .text._ZN4agge6stroke7set_capINS_4caps6squareEEEvRKT_
                0x0000000000020f7e       0x64 /home/wh/.HoneyGUI-SDK/realgui/3rd/nanovg/agge/nanovg_agge.o
                0x0000000000020f7e                void agge::stroke::set_cap<agge::caps::square>(agge::caps::square const&)
 .text._ZN4agge7clipperIiE3setERKNS_4rectIiEE
                0x0000000000020fe2       0x57 /home/wh/.HoneyGUI-SDK/realgui/3rd/nanovg/agge/nanovg_agge.o
                0x0000000000020fe2                agge::clipper<int>::set(agge::rect<int> const&)
 *fill*         0x0000000000021039        0x1 
 .text._ZN4agge22path_generator_adapterINS_13nanovg_vertex8iteratorENS_6strokeEEC2ERKS2_RS3_
                0x000000000002103a       0x44 /home/wh/.HoneyGUI-SDK/realgui/3rd/nanovg/agge/nanovg_agge.o
                0x000000000002103a                agge::path_generator_adapter<agge::nanovg_vertex::iterator, agge::stroke>::path_generator_adapter(agge::nanovg_vertex::iterator const&, agge::stroke&)
                0x000000000002103a                agge::path_generator_adapter<agge::nanovg_vertex::iterator, agge::stroke>::path_generator_adapter(agge::nanovg_vertex::iterator const&, agge::stroke&)
 .text._ZN4agge22path_generator_adapterINS_13nanovg_vertex8iteratorENS_6strokeEEC2ERKS4_
                0x000000000002107e       0x6b /home/wh/.HoneyGUI-SDK/realgui/3rd/nanovg/agge/nanovg_agge.o
                0x000000000002107e                agge::path_generator_adapter<agge::nanovg_vertex::iterator, agge::stroke>::path_generator_adapter(agge::path_generator_adapter<agge::nanovg_vertex::iterator, agge::stroke> const&)
                0x000000000002107e                agge::path_generator_adapter<agge::nanovg_vertex::iterator, agge::stroke>::path_generator_adapter(agge::path_generator_adapter<agge::nanovg_vertex::iterator, agge::stroke> const&)
 .text._ZN4agge8add_pathINS_10rasterizerINS_7clipperIiEENS_7scalingIiEEEENS_22path_generator_adapterINS_13nanovg_vertex8iteratorENS_6strokeEEEEEvRT_T0_
                0x00000000000210e9       0x92 /home/wh/.HoneyGUI-SDK/realgui/3rd/nanovg/agge/nanovg_agge.o
                0x00000000000210e9                void agge::add_path<agge::rasterizer<agge::clipper<int>, agge::scaling<int> >, agge::path_generator_adapter<agge::nanovg_vertex::iterator, agge::stroke> >(agge::rasterizer<agge::clipper<int>, agge::scaling<int> >&, agge::path_generator_adapter<agge::nanovg_vertex::iterator, agge::stroke>)
 *fill*         0x000000000002117b        0x1 
 .text._ZN4agge6bitmapINS_12pixel32_rgbaENS_10raw_bitmapEED2Ev
                0x000000000002117c       0x1f /home/wh/.HoneyGUI-SDK/realgui/3rd/nanovg/agge/nanovg_agge.o
                0x000000000002117c                agge::bitmap<agge::pixel32_rgba, agge::raw_bitmap>::~bitmap()
                0x000000000002117c                agge::bitmap<agge::pixel32_rgba, agge::raw_bitmap>::~bitmap()
 *fill*         0x000000000002119b        0x1 
 .text._ZN4agge6bitmapINS_12pixel32_bgraENS_10raw_bitmapEED2Ev
                0x000000000002119c       0x1f /home/wh/.HoneyGUI-SDK/realgui/3rd/nanovg/agge/nanovg_agge.o